
*** Running vivado
    with args -log FullBuild_wrapper.vdi -applog -m64 -product Vivado -messageDb vivado.pb -mode batch -source FullBuild_wrapper.tcl -notrace


****** Vivado v2019.1 (64-bit)
  **** SW Build 2552052 on Fri May 24 14:49:42 MDT 2019
  **** IP Build 2548770 on Fri May 24 18:01:18 MDT 2019
    ** Copyright 1986-2019 Xilinx, Inc. All Rights Reserved.

source FullBuild_wrapper.tcl -notrace
INFO: [IP_Flow 19-234] Refreshing IP repositories
INFO: [IP_Flow 19-1704] No user IP repositories specified
INFO: [IP_Flow 19-2313] Loaded Vivado IP repository 'C:/Xilinx/Vivado/2019.1/data/ip'.
add_files: Time (s): cpu = 00:00:01 ; elapsed = 00:00:06 . Memory (MB): peak = 319.070 ; gain = 24.031
Command: link_design -top FullBuild_wrapper -part xc7z010clg225-1
Design is defaulting to srcset: sources_1
Design is defaulting to constrset: constrs_1
INFO: [Device 21-403] Loading part xc7z010clg225-1
INFO: [Netlist 29-17] Analyzing 52 Unisim elements for replacement
INFO: [Netlist 29-28] Unisim Transformation completed in 0 CPU seconds
INFO: [Project 1-479] Netlist was created with Vivado 2019.1
INFO: [Project 1-570] Preparing netlist for logic optimization
Parsing XDC File [c:/Users/nathani/Documents/GitHub/EE316_2025/Project3/project_3_main/project_3_main.srcs/sources_1/bd/FullBuild/ip/FullBuild_processing_system7_0_0/FullBuild_processing_system7_0_0.xdc] for cell 'FullBuild_i/processing_system7_0/inst'
Finished Parsing XDC File [c:/Users/nathani/Documents/GitHub/EE316_2025/Project3/project_3_main/project_3_main.srcs/sources_1/bd/FullBuild/ip/FullBuild_processing_system7_0_0/FullBuild_processing_system7_0_0.xdc] for cell 'FullBuild_i/processing_system7_0/inst'
Parsing XDC File [C:/Users/nathani/Documents/GitHub/EE316_2025/Project3/project_3_main/project_3_main.srcs/constrs_1/imports/project_3_main/TE0726.xdc]
CRITICAL WARNING: [Vivado 12-1419] Debug core 'u_ila_0' was not found. [C:/Users/nathani/Documents/GitHub/EE316_2025/Project3/project_3_main/project_3_main.srcs/constrs_1/imports/project_3_main/TE0726.xdc:128]
Finished Parsing XDC File [C:/Users/nathani/Documents/GitHub/EE316_2025/Project3/project_3_main/project_3_main.srcs/constrs_1/imports/project_3_main/TE0726.xdc]
INFO: [Opt 31-138] Pushed 0 inverter(s) to 0 load pin(s).
Netlist sorting complete. Time (s): cpu = 00:00:00 ; elapsed = 00:00:00 . Memory (MB): peak = 697.582 ; gain = 0.000
INFO: [Project 1-111] Unisim Transformation Summary:
  A total of 3 instances were transformed.
  IOBUF => IOBUF (IBUF, OBUFT): 3 instances

10 Infos, 0 Warnings, 1 Critical Warnings and 0 Errors encountered.
link_design completed successfully
link_design: Time (s): cpu = 00:00:08 ; elapsed = 00:00:15 . Memory (MB): peak = 697.582 ; gain = 378.512
Command: opt_design
Attempting to get a license for feature 'Implementation' and/or device 'xc7z010'
INFO: [Common 17-349] Got license for feature 'Implementation' and/or device 'xc7z010'
Running DRC as a precondition to command opt_design

Starting DRC Task
INFO: [DRC 23-27] Running DRC with 2 threads
WARNING: [DRC RPBF-3] IO port buffering is incomplete: Device port sda_1 expects both input and output buffering but the buffers are incomplete.
INFO: [Project 1-461] DRC finished with 0 Errors, 1 Warnings
INFO: [Project 1-462] Please refer to the DRC report (report_drc) for more information.

Time (s): cpu = 00:00:00 ; elapsed = 00:00:00.569 . Memory (MB): peak = 720.926 ; gain = 23.344

Starting Cache Timing Information Task
INFO: [Timing 38-35] Done setting XDC timing constraints.
Ending Cache Timing Information Task | Checksum: 18ab64023

Time (s): cpu = 00:00:07 ; elapsed = 00:00:07 . Memory (MB): peak = 1235.148 ; gain = 514.223

Starting Logic Optimization Task

Phase 1 Generate And Synthesize Debug Cores
INFO: [Chipscope 16-329] Generating Script for core instance : dbg_hub 
INFO: [IP_Flow 19-3806] Processing IP xilinx.com:ip:xsdbm:3.0 for cell dbg_hub_CV.
INFO: [Chipscope 16-329] Generating Script for core instance : u_ila_0 
INFO: [IP_Flow 19-3806] Processing IP xilinx.com:ip:ila:6.2 for cell u_ila_0_CV.
INFO: [Chipscope 16-220] Re-using generated and synthesized IP, "xilinx.com:ip:xsdbm:3.0", from Vivado IP cache entry "3fdaac69be764ee0".
INFO: [Chipscope 16-220] Re-using generated and synthesized IP, "xilinx.com:ip:ila:6.2", from Vivado IP cache entry "8b455ff9d1dd37b5".
Netlist sorting complete. Time (s): cpu = 00:00:00 ; elapsed = 00:00:00.094 . Memory (MB): peak = 1493.402 ; gain = 0.000
Phase 1 Generate And Synthesize Debug Cores | Checksum: 1af7973c7

Time (s): cpu = 00:00:04 ; elapsed = 00:00:27 . Memory (MB): peak = 1493.402 ; gain = 116.180

Phase 2 Retarget
INFO: [Opt 31-138] Pushed 4 inverter(s) to 17 load pin(s).
INFO: [Opt 31-49] Retargeted 0 cell(s).
Phase 2 Retarget | Checksum: 1efde54a1

Time (s): cpu = 00:00:05 ; elapsed = 00:00:28 . Memory (MB): peak = 1493.402 ; gain = 116.180
INFO: [Opt 31-389] Phase Retarget created 7 cells and removed 51 cells
INFO: [Opt 31-1021] In phase Retarget, 68 netlist objects are constrained preventing optimization. Please run opt_design with -debug_log to get more detail. 

Phase 3 Constant propagation
INFO: [Opt 31-138] Pushed 0 inverter(s) to 0 load pin(s).
Phase 3 Constant propagation | Checksum: 13c87da94

Time (s): cpu = 00:00:05 ; elapsed = 00:00:28 . Memory (MB): peak = 1493.402 ; gain = 116.180
INFO: [Opt 31-389] Phase Constant propagation created 25 cells and removed 86 cells
INFO: [Opt 31-1021] In phase Constant propagation, 65 netlist objects are constrained preventing optimization. Please run opt_design with -debug_log to get more detail. 

Phase 4 Sweep
Phase 4 Sweep | Checksum: 1e521b0b1

Time (s): cpu = 00:00:05 ; elapsed = 00:00:28 . Memory (MB): peak = 1493.402 ; gain = 116.180
INFO: [Opt 31-389] Phase Sweep created 0 cells and removed 150 cells
INFO: [Opt 31-1021] In phase Sweep, 910 netlist objects are constrained preventing optimization. Please run opt_design with -debug_log to get more detail. 

Phase 5 BUFG optimization
Phase 5 BUFG optimization | Checksum: 1e521b0b1

Time (s): cpu = 00:00:06 ; elapsed = 00:00:28 . Memory (MB): peak = 1493.402 ; gain = 116.180
INFO: [Opt 31-662] Phase BUFG optimization created 0 cells of which 0 are BUFGs and removed 0 cells.

Phase 6 Shift Register Optimization
INFO: [Opt 31-1064] SRL Remap converted 0 SRLs to 0 registers and converted 0 registers of register chains to 0 SRLs
Phase 6 Shift Register Optimization | Checksum: 1e521b0b1

Time (s): cpu = 00:00:06 ; elapsed = 00:00:29 . Memory (MB): peak = 1493.402 ; gain = 116.180
INFO: [Opt 31-389] Phase Shift Register Optimization created 0 cells and removed 0 cells

Phase 7 Post Processing Netlist
Phase 7 Post Processing Netlist | Checksum: 1e521b0b1

Time (s): cpu = 00:00:06 ; elapsed = 00:00:29 . Memory (MB): peak = 1493.402 ; gain = 116.180
INFO: [Opt 31-389] Phase Post Processing Netlist created 0 cells and removed 0 cells
INFO: [Opt 31-1021] In phase Post Processing Netlist, 57 netlist objects are constrained preventing optimization. Please run opt_design with -debug_log to get more detail. 
Opt_design Change Summary
=========================


-------------------------------------------------------------------------------------------------------------------------
|  Phase                        |  #Cells created  |  #Cells Removed  |  #Constrained objects preventing optimizations  |
-------------------------------------------------------------------------------------------------------------------------
|  Retarget                     |               7  |              51  |                                             68  |
|  Constant propagation         |              25  |              86  |                                             65  |
|  Sweep                        |               0  |             150  |                                            910  |
|  BUFG optimization            |               0  |               0  |                                              0  |
|  Shift Register Optimization  |               0  |               0  |                                              0  |
|  Post Processing Netlist      |               0  |               0  |                                             57  |
-------------------------------------------------------------------------------------------------------------------------



Starting Connectivity Check Task

Time (s): cpu = 00:00:00 ; elapsed = 00:00:00.015 . Memory (MB): peak = 1493.402 ; gain = 0.000
Ending Logic Optimization Task | Checksum: 1d49a830d

Time (s): cpu = 00:00:06 ; elapsed = 00:00:29 . Memory (MB): peak = 1493.402 ; gain = 116.180

Starting Power Optimization Task
INFO: [Pwropt 34-132] Skipping clock gating for clocks with a period < 2.00 ns.
INFO: [Pwropt 34-9] Applying IDT optimizations ...
INFO: [Pwropt 34-10] Applying ODC optimizations ...
INFO: [Timing 38-35] Done setting XDC timing constraints.
INFO: [Physopt 32-619] Estimated Timing Summary | WNS=11.977 | TNS=0.000 |
Running Vector-less Activity Propagation...

Finished Running Vector-less Activity Propagation


Starting PowerOpt Patch Enables Task
INFO: [Pwropt 34-162] WRITE_MODE attribute of 0 BRAM(s) out of a total of 1 has been updated to save power. Run report_power_opt to get a complete listing of the BRAMs updated.
INFO: [Pwropt 34-201] Structural ODC has moved 0 WE to EN ports
Number of BRAM Ports augmented: 1 newly gated: 0 Total Ports: 2
Ending PowerOpt Patch Enables Task | Checksum: 206d12fcb

Time (s): cpu = 00:00:00 ; elapsed = 00:00:00.036 . Memory (MB): peak = 1694.191 ; gain = 0.000
Ending Power Optimization Task | Checksum: 206d12fcb

Time (s): cpu = 00:00:03 ; elapsed = 00:00:02 . Memory (MB): peak = 1694.191 ; gain = 200.789

Starting Final Cleanup Task
Ending Final Cleanup Task | Checksum: 206d12fcb

Time (s): cpu = 00:00:00 ; elapsed = 00:00:00 . Memory (MB): peak = 1694.191 ; gain = 0.000

Starting Netlist Obfuscation Task
Netlist sorting complete. Time (s): cpu = 00:00:00 ; elapsed = 00:00:00.005 . Memory (MB): peak = 1694.191 ; gain = 0.000
Ending Netlist Obfuscation Task | Checksum: 1ab49847f

Time (s): cpu = 00:00:00 ; elapsed = 00:00:00.005 . Memory (MB): peak = 1694.191 ; gain = 0.000
INFO: [Common 17-83] Releasing license: Implementation
49 Infos, 1 Warnings, 1 Critical Warnings and 0 Errors encountered.
opt_design completed successfully
opt_design: Time (s): cpu = 00:00:19 ; elapsed = 00:00:41 . Memory (MB): peak = 1694.191 ; gain = 996.609
Netlist sorting complete. Time (s): cpu = 00:00:00 ; elapsed = 00:00:00.005 . Memory (MB): peak = 1694.191 ; gain = 0.000
INFO: [Timing 38-480] Writing timing data to binary archive.
Writing placer database...
Writing XDEF routing.
Writing XDEF routing logical nets.
Writing XDEF routing special nets.
Write XDEF Complete: Time (s): cpu = 00:00:00 ; elapsed = 00:00:00.069 . Memory (MB): peak = 1694.191 ; gain = 0.000
INFO: [Common 17-1381] The checkpoint 'C:/Users/nathani/Documents/GitHub/EE316_2025/Project3/project_3_main/project_3_main.runs/impl_1/FullBuild_wrapper_opt.dcp' has been generated.
INFO: [runtcl-4] Executing : report_drc -file FullBuild_wrapper_drc_opted.rpt -pb FullBuild_wrapper_drc_opted.pb -rpx FullBuild_wrapper_drc_opted.rpx
Command: report_drc -file FullBuild_wrapper_drc_opted.rpt -pb FullBuild_wrapper_drc_opted.pb -rpx FullBuild_wrapper_drc_opted.rpx
INFO: [IP_Flow 19-1839] IP Catalog is up to date.
INFO: [DRC 23-27] Running DRC with 2 threads
INFO: [Coretcl 2-168] The results of DRC are in file C:/Users/nathani/Documents/GitHub/EE316_2025/Project3/project_3_main/project_3_main.runs/impl_1/FullBuild_wrapper_drc_opted.rpt.
report_drc completed successfully
INFO: [Chipscope 16-240] Debug cores have already been implemented
Command: place_design
Attempting to get a license for feature 'Implementation' and/or device 'xc7z010'
INFO: [Common 17-349] Got license for feature 'Implementation' and/or device 'xc7z010'
INFO: [DRC 23-27] Running DRC with 2 threads
INFO: [Vivado_Tcl 4-198] DRC finished with 0 Errors
INFO: [Vivado_Tcl 4-199] Please refer to the DRC report (report_drc) for more information.
Running DRC as a precondition to command place_design
INFO: [DRC 23-27] Running DRC with 2 threads
WARNING: [DRC RPBF-3] IO port buffering is incomplete: Device port sda_1 expects both input and output buffering but the buffers are incomplete.
INFO: [Vivado_Tcl 4-198] DRC finished with 0 Errors, 1 Warnings
INFO: [Vivado_Tcl 4-199] Please refer to the DRC report (report_drc) for more information.

Starting Placer Task
INFO: [Place 30-611] Multithreading enabled for place_design using a maximum of 2 CPUs

Phase 1 Placer Initialization

Phase 1.1 Placer Initialization Netlist Sorting
Netlist sorting complete. Time (s): cpu = 00:00:00 ; elapsed = 00:00:00.006 . Memory (MB): peak = 1694.191 ; gain = 0.000
Phase 1.1 Placer Initialization Netlist Sorting | Checksum: 1256b723c

Time (s): cpu = 00:00:00 ; elapsed = 00:00:00.015 . Memory (MB): peak = 1694.191 ; gain = 0.000
Netlist sorting complete. Time (s): cpu = 00:00:00 ; elapsed = 00:00:00.005 . Memory (MB): peak = 1694.191 ; gain = 0.000

Phase 1.2 IO Placement/ Clock Placement/ Build Placer Device
INFO: [Timing 38-35] Done setting XDC timing constraints.
Phase 1.2 IO Placement/ Clock Placement/ Build Placer Device | Checksum: a3dadad7

Time (s): cpu = 00:00:01 ; elapsed = 00:00:02 . Memory (MB): peak = 1694.191 ; gain = 0.000

Phase 1.3 Build Placer Netlist Model
Phase 1.3 Build Placer Netlist Model | Checksum: 105373d88

Time (s): cpu = 00:00:03 ; elapsed = 00:00:03 . Memory (MB): peak = 1694.191 ; gain = 0.000

Phase 1.4 Constrain Clocks/Macros
Phase 1.4 Constrain Clocks/Macros | Checksum: 105373d88

Time (s): cpu = 00:00:03 ; elapsed = 00:00:03 . Memory (MB): peak = 1694.191 ; gain = 0.000
Phase 1 Placer Initialization | Checksum: 105373d88

Time (s): cpu = 00:00:03 ; elapsed = 00:00:03 . Memory (MB): peak = 1694.191 ; gain = 0.000

Phase 2 Global Placement

Phase 2.1 Floorplanning
Phase 2.1 Floorplanning | Checksum: 19c09b59f

Time (s): cpu = 00:00:04 ; elapsed = 00:00:03 . Memory (MB): peak = 1694.191 ; gain = 0.000

Phase 2.2 Global Placement Core

Phase 2.2.1 Physical Synthesis In Placer
INFO: [Physopt 32-65] No nets found for high-fanout optimization.
INFO: [Physopt 32-232] Optimized 0 net. Created 0 new instance.
INFO: [Physopt 32-775] End 1 Pass. Optimized 0 net or cell. Created 0 new cell, deleted 0 existing cell and moved 0 existing cell
INFO: [Physopt 32-670] No setup violation found.  DSP Register Optimization was not performed.
INFO: [Physopt 32-670] No setup violation found.  Shift Register Optimization was not performed.
INFO: [Physopt 32-670] No setup violation found.  BRAM Register Optimization was not performed.
INFO: [Physopt 32-949] No candidate nets found for HD net replication
INFO: [Physopt 32-775] End 1 Pass. Optimized 0 net or cell. Created 0 new cell, deleted 0 existing cell and moved 0 existing cell
Netlist sorting complete. Time (s): cpu = 00:00:00 ; elapsed = 00:00:00.006 . Memory (MB): peak = 1694.191 ; gain = 0.000

Summary of Physical Synthesis Optimizations
============================================


----------------------------------------------------------------------------------------------------------------------------------------
|  Optimization                  |  Added Cells  |  Removed Cells  |  Optimized Cells/Nets  |  Dont Touch  |  Iterations  |  Elapsed   |
----------------------------------------------------------------------------------------------------------------------------------------
|  Very High Fanout              |            0  |              0  |                     0  |           0  |           1  |  00:00:00  |
|  DSP Register                  |            0  |              0  |                     0  |           0  |           0  |  00:00:00  |
|  Shift Register                |            0  |              0  |                     0  |           0  |           0  |  00:00:00  |
|  BRAM Register                 |            0  |              0  |                     0  |           0  |           0  |  00:00:00  |
|  HD Interface Net Replication  |            0  |              0  |                     0  |           0  |           1  |  00:00:00  |
|  Total                         |            0  |              0  |                     0  |           0  |           2  |  00:00:00  |
----------------------------------------------------------------------------------------------------------------------------------------


Phase 2.2.1 Physical Synthesis In Placer | Checksum: f78423f4

Time (s): cpu = 00:00:12 ; elapsed = 00:00:07 . Memory (MB): peak = 1694.191 ; gain = 0.000
Phase 2.2 Global Placement Core | Checksum: d814d031

Time (s): cpu = 00:00:12 ; elapsed = 00:00:07 . Memory (MB): peak = 1694.191 ; gain = 0.000
Phase 2 Global Placement | Checksum: d814d031

Time (s): cpu = 00:00:12 ; elapsed = 00:00:07 . Memory (MB): peak = 1694.191 ; gain = 0.000

Phase 3 Detail Placement

Phase 3.1 Commit Multi Column Macros
Phase 3.1 Commit Multi Column Macros | Checksum: f5cdeb3b

Time (s): cpu = 00:00:13 ; elapsed = 00:00:08 . Memory (MB): peak = 1694.191 ; gain = 0.000

Phase 3.2 Commit Most Macros & LUTRAMs
Phase 3.2 Commit Most Macros & LUTRAMs | Checksum: 11a055641

Time (s): cpu = 00:00:14 ; elapsed = 00:00:09 . Memory (MB): peak = 1694.191 ; gain = 0.000

Phase 3.3 Area Swap Optimization
Phase 3.3 Area Swap Optimization | Checksum: 1981c0edc

Time (s): cpu = 00:00:14 ; elapsed = 00:00:09 . Memory (MB): peak = 1694.191 ; gain = 0.000

Phase 3.4 Pipeline Register Optimization
Phase 3.4 Pipeline Register Optimization | Checksum: d0938f12

Time (s): cpu = 00:00:14 ; elapsed = 00:00:09 . Memory (MB): peak = 1694.191 ; gain = 0.000

Phase 3.5 Small Shape Detail Placement
Phase 3.5 Small Shape Detail Placement | Checksum: 117d7691a

Time (s): cpu = 00:00:16 ; elapsed = 00:00:10 . Memory (MB): peak = 1694.191 ; gain = 0.000

Phase 3.6 Re-assign LUT pins
Phase 3.6 Re-assign LUT pins | Checksum: 108e2a877

Time (s): cpu = 00:00:16 ; elapsed = 00:00:11 . Memory (MB): peak = 1694.191 ; gain = 0.000

Phase 3.7 Pipeline Register Optimization
Phase 3.7 Pipeline Register Optimization | Checksum: 11d8bc02d

Time (s): cpu = 00:00:16 ; elapsed = 00:00:11 . Memory (MB): peak = 1694.191 ; gain = 0.000
Phase 3 Detail Placement | Checksum: 11d8bc02d

Time (s): cpu = 00:00:16 ; elapsed = 00:00:11 . Memory (MB): peak = 1694.191 ; gain = 0.000

Phase 4 Post Placement Optimization and Clean-Up

Phase 4.1 Post Commit Optimization
INFO: [Timing 38-35] Done setting XDC timing constraints.

Phase 4.1.1 Post Placement Optimization
Post Placement Optimization Initialization | Checksum: 705dea27

Phase 4.1.1.1 BUFG Insertion
INFO: [Place 46-56] BUFG insertion identified 0 candidate nets. Inserted BUFG: 0, Replicated BUFG Driver: 0, Skipped due to Placement/Routing Conflicts: 0, Skipped due to Timing Degradation: 0, Skipped due to Illegal Netlist: 0.
Phase 4.1.1.1 BUFG Insertion | Checksum: 705dea27

Time (s): cpu = 00:00:18 ; elapsed = 00:00:12 . Memory (MB): peak = 1694.191 ; gain = 0.000
INFO: [Place 30-746] Post Placement Timing Summary WNS=11.725. For the most accurate timing information please run report_timing.
Phase 4.1.1 Post Placement Optimization | Checksum: 8bf8fedd

Time (s): cpu = 00:00:18 ; elapsed = 00:00:12 . Memory (MB): peak = 1694.191 ; gain = 0.000
Phase 4.1 Post Commit Optimization | Checksum: 8bf8fedd

Time (s): cpu = 00:00:18 ; elapsed = 00:00:12 . Memory (MB): peak = 1694.191 ; gain = 0.000

Phase 4.2 Post Placement Cleanup
Phase 4.2 Post Placement Cleanup | Checksum: 8bf8fedd

Time (s): cpu = 00:00:18 ; elapsed = 00:00:12 . Memory (MB): peak = 1694.191 ; gain = 0.000

Phase 4.3 Placer Reporting
Phase 4.3 Placer Reporting | Checksum: 8bf8fedd

Time (s): cpu = 00:00:18 ; elapsed = 00:00:12 . Memory (MB): peak = 1694.191 ; gain = 0.000

Phase 4.4 Final Placement Cleanup
Netlist sorting complete. Time (s): cpu = 00:00:00 ; elapsed = 00:00:00.005 . Memory (MB): peak = 1694.191 ; gain = 0.000
Phase 4.4 Final Placement Cleanup | Checksum: 132cfb954

Time (s): cpu = 00:00:18 ; elapsed = 00:00:12 . Memory (MB): peak = 1694.191 ; gain = 0.000
Phase 4 Post Placement Optimization and Clean-Up | Checksum: 132cfb954

Time (s): cpu = 00:00:18 ; elapsed = 00:00:12 . Memory (MB): peak = 1694.191 ; gain = 0.000
Ending Placer Task | Checksum: ef90ffb4

Time (s): cpu = 00:00:18 ; elapsed = 00:00:12 . Memory (MB): peak = 1694.191 ; gain = 0.000
INFO: [Common 17-83] Releasing license: Implementation
77 Infos, 2 Warnings, 1 Critical Warnings and 0 Errors encountered.
place_design completed successfully
place_design: Time (s): cpu = 00:00:21 ; elapsed = 00:00:13 . Memory (MB): peak = 1694.191 ; gain = 0.000
Netlist sorting complete. Time (s): cpu = 00:00:00 ; elapsed = 00:00:00.005 . Memory (MB): peak = 1694.191 ; gain = 0.000
INFO: [Timing 38-480] Writing timing data to binary archive.
Writing placer database...
Writing XDEF routing.
Writing XDEF routing logical nets.
Writing XDEF routing special nets.
Write XDEF Complete: Time (s): cpu = 00:00:01 ; elapsed = 00:00:00.580 . Memory (MB): peak = 1694.191 ; gain = 0.000
INFO: [Common 17-1381] The checkpoint 'C:/Users/nathani/Documents/GitHub/EE316_2025/Project3/project_3_main/project_3_main.runs/impl_1/FullBuild_wrapper_placed.dcp' has been generated.
INFO: [runtcl-4] Executing : report_io -file FullBuild_wrapper_io_placed.rpt
report_io: Time (s): cpu = 00:00:00 ; elapsed = 00:00:00.036 . Memory (MB): peak = 1694.191 ; gain = 0.000
INFO: [runtcl-4] Executing : report_utilization -file FullBuild_wrapper_utilization_placed.rpt -pb FullBuild_wrapper_utilization_placed.pb
INFO: [runtcl-4] Executing : report_control_sets -verbose -file FullBuild_wrapper_control_sets_placed.rpt
report_control_sets: Time (s): cpu = 00:00:00 ; elapsed = 00:00:00.176 . Memory (MB): peak = 1694.191 ; gain = 0.000
Command: route_design
Attempting to get a license for feature 'Implementation' and/or device 'xc7z010'
INFO: [Common 17-349] Got license for feature 'Implementation' and/or device 'xc7z010'
Running DRC as a precondition to command route_design
INFO: [DRC 23-27] Running DRC with 2 threads
INFO: [Vivado_Tcl 4-198] DRC finished with 0 Errors
INFO: [Vivado_Tcl 4-199] Please refer to the DRC report (report_drc) for more information.


Starting Routing Task
INFO: [Route 35-254] Multithreading enabled for route_design using a maximum of 2 CPUs
Checksum: PlaceDB: 1f54ec8 ConstDB: 0 ShapeSum: ed9bb0ec RouteDB: 0

Phase 1 Build RT Design
Phase 1 Build RT Design | Checksum: f177c8e2

Time (s): cpu = 00:00:12 ; elapsed = 00:00:10 . Memory (MB): peak = 1694.191 ; gain = 0.000
Post Restoration Checksum: NetGraph: 296c469a NumContArr: c80b8248 Constraints: 0 Timing: 0

Phase 2 Router Initialization

Phase 2.1 Create Timer
Phase 2.1 Create Timer | Checksum: f177c8e2

Time (s): cpu = 00:00:12 ; elapsed = 00:00:10 . Memory (MB): peak = 1694.191 ; gain = 0.000

Phase 2.2 Fix Topology Constraints
Phase 2.2 Fix Topology Constraints | Checksum: f177c8e2

Time (s): cpu = 00:00:12 ; elapsed = 00:00:10 . Memory (MB): peak = 1694.191 ; gain = 0.000

Phase 2.3 Pre Route Cleanup
Phase 2.3 Pre Route Cleanup | Checksum: f177c8e2

Time (s): cpu = 00:00:12 ; elapsed = 00:00:10 . Memory (MB): peak = 1694.191 ; gain = 0.000
 Number of Nodes with overlaps = 0

Phase 2.4 Update Timing
Phase 2.4 Update Timing | Checksum: 110c7de7d

Time (s): cpu = 00:00:14 ; elapsed = 00:00:11 . Memory (MB): peak = 1694.191 ; gain = 0.000
INFO: [Route 35-416] Intermediate Timing Summary | WNS=11.834 | TNS=0.000  | WHS=-0.202 | THS=-211.413|


Phase 2.5 Update Timing for Bus Skew

Phase 2.5.1 Update Timing
Phase 2.5.1 Update Timing | Checksum: ced6c932

Time (s): cpu = 00:00:15 ; elapsed = 00:00:12 . Memory (MB): peak = 1694.191 ; gain = 0.000
INFO: [Route 35-416] Intermediate Timing Summary | WNS=11.834 | TNS=0.000  | WHS=N/A    | THS=N/A    |

Phase 2.5 Update Timing for Bus Skew | Checksum: 1b0337b98

Time (s): cpu = 00:00:15 ; elapsed = 00:00:12 . Memory (MB): peak = 1694.191 ; gain = 0.000
Phase 2 Router Initialization | Checksum: 19d828ca1

Time (s): cpu = 00:00:15 ; elapsed = 00:00:12 . Memory (MB): peak = 1694.191 ; gain = 0.000

Router Utilization Summary
  Global Vertical Routing Utilization    = 0.00351914 %
  Global Horizontal Routing Utilization  = 0.00137868 %
  Routable Net Status*
  *Does not include unroutable nets such as driverless and loadless.
  Run report_route_status for detailed report.
  Number of Failed Nets               = 6409
    (Failed Nets is the sum of unrouted and partially routed nets)
  Number of Unrouted Nets             = 6408
  Number of Partially Routed Nets     = 1
  Number of Node Overlaps             = 0


Phase 3 Initial Routing
Phase 3 Initial Routing | Checksum: 297a975c0

Time (s): cpu = 00:00:16 ; elapsed = 00:00:13 . Memory (MB): peak = 1694.191 ; gain = 0.000

Phase 4 Rip-up And Reroute

Phase 4.1 Global Iteration 0
 Number of Nodes with overlaps = 689
 Number of Nodes with overlaps = 21
 Number of Nodes with overlaps = 0
INFO: [Route 35-416] Intermediate Timing Summary | WNS=6.401  | TNS=0.000  | WHS=N/A    | THS=N/A    |

Phase 4.1 Global Iteration 0 | Checksum: e36dbb97

Time (s): cpu = 00:00:19 ; elapsed = 00:00:14 . Memory (MB): peak = 1694.191 ; gain = 0.000

Phase 4.2 Global Iteration 1
 Number of Nodes with overlaps = 0
INFO: [Route 35-416] Intermediate Timing Summary | WNS=6.401  | TNS=0.000  | WHS=N/A    | THS=N/A    |

Phase 4.2 Global Iteration 1 | Checksum: 253e9d701

Time (s): cpu = 00:00:19 ; elapsed = 00:00:15 . Memory (MB): peak = 1694.191 ; gain = 0.000
Phase 4 Rip-up And Reroute | Checksum: 253e9d701

Time (s): cpu = 00:00:19 ; elapsed = 00:00:15 . Memory (MB): peak = 1694.191 ; gain = 0.000

Phase 5 Delay and Skew Optimization

Phase 5.1 Delay CleanUp

Phase 5.1.1 Update Timing
Phase 5.1.1 Update Timing | Checksum: 24faf0126

Time (s): cpu = 00:00:20 ; elapsed = 00:00:15 . Memory (MB): peak = 1694.191 ; gain = 0.000
INFO: [Route 35-416] Intermediate Timing Summary | WNS=6.516  | TNS=0.000  | WHS=N/A    | THS=N/A    |

Phase 5.1 Delay CleanUp | Checksum: 228453138

Time (s): cpu = 00:00:20 ; elapsed = 00:00:15 . Memory (MB): peak = 1694.191 ; gain = 0.000

Phase 5.2 Clock Skew Optimization
Phase 5.2 Clock Skew Optimization | Checksum: 228453138

Time (s): cpu = 00:00:20 ; elapsed = 00:00:15 . Memory (MB): peak = 1694.191 ; gain = 0.000
Phase 5 Delay and Skew Optimization | Checksum: 228453138

Time (s): cpu = 00:00:20 ; elapsed = 00:00:15 . Memory (MB): peak = 1694.191 ; gain = 0.000

Phase 6 Post Hold Fix

Phase 6.1 Hold Fix Iter

Phase 6.1.1 Update Timing
Phase 6.1.1 Update Timing | Checksum: 289e14a42

Time (s): cpu = 00:00:20 ; elapsed = 00:00:15 . Memory (MB): peak = 1694.191 ; gain = 0.000
INFO: [Route 35-416] Intermediate Timing Summary | WNS=6.516  | TNS=0.000  | WHS=0.037  | THS=0.000  |

Phase 6.1 Hold Fix Iter | Checksum: 1c2de5a5f

Time (s): cpu = 00:00:20 ; elapsed = 00:00:15 . Memory (MB): peak = 1694.191 ; gain = 0.000
Phase 6 Post Hold Fix | Checksum: 1c2de5a5f

Time (s): cpu = 00:00:20 ; elapsed = 00:00:15 . Memory (MB): peak = 1694.191 ; gain = 0.000

Phase 7 Route finalize

Router Utilization Summary
  Global Vertical Routing Utilization    = 2.72931 %
  Global Horizontal Routing Utilization  = 3.54665 %
  Routable Net Status*
  *Does not include unroutable nets such as driverless and loadless.
  Run report_route_status for detailed report.
  Number of Failed Nets               = 0
    (Failed Nets is the sum of unrouted and partially routed nets)
  Number of Unrouted Nets             = 0
  Number of Partially Routed Nets     = 0
  Number of Node Overlaps             = 0

Phase 7 Route finalize | Checksum: 20bc69ab6

Time (s): cpu = 00:00:20 ; elapsed = 00:00:15 . Memory (MB): peak = 1694.191 ; gain = 0.000

Phase 8 Verifying routed nets

 Verification completed successfully
Phase 8 Verifying routed nets | Checksum: 20bc69ab6

Time (s): cpu = 00:00:20 ; elapsed = 00:00:15 . Memory (MB): peak = 1694.191 ; gain = 0.000

Phase 9 Depositing Routes
Phase 9 Depositing Routes | Checksum: 214e1264d

Time (s): cpu = 00:00:21 ; elapsed = 00:00:16 . Memory (MB): peak = 1694.191 ; gain = 0.000

Phase 10 Post Router Timing
INFO: [Route 35-57] Estimated Timing Summary | WNS=6.516  | TNS=0.000  | WHS=0.037  | THS=0.000  |

INFO: [Route 35-327] The final timing numbers are based on the router estimated timing analysis. For a complete and accurate timing signoff, please run report_timing_summary.
Phase 10 Post Router Timing | Checksum: 214e1264d

Time (s): cpu = 00:00:21 ; elapsed = 00:00:16 . Memory (MB): peak = 1694.191 ; gain = 0.000
INFO: [Route 35-16] Router Completed Successfully

Time (s): cpu = 00:00:21 ; elapsed = 00:00:16 . Memory (MB): peak = 1694.191 ; gain = 0.000

Routing Is Done.
INFO: [Common 17-83] Releasing license: Implementation
97 Infos, 2 Warnings, 1 Critical Warnings and 0 Errors encountered.
route_design completed successfully
route_design: Time (s): cpu = 00:00:23 ; elapsed = 00:00:17 . Memory (MB): peak = 1694.191 ; gain = 0.000
Netlist sorting complete. Time (s): cpu = 00:00:00 ; elapsed = 00:00:00.005 . Memory (MB): peak = 1694.191 ; gain = 0.000
INFO: [Timing 38-480] Writing timing data to binary archive.
Writing placer database...
Writing XDEF routing.
Writing XDEF routing logical nets.
Writing XDEF routing special nets.
Write XDEF Complete: Time (s): cpu = 00:00:02 ; elapsed = 00:00:00.681 . Memory (MB): peak = 1694.191 ; gain = 0.000
INFO: [Common 17-1381] The checkpoint 'C:/Users/nathani/Documents/GitHub/EE316_2025/Project3/project_3_main/project_3_main.runs/impl_1/FullBuild_wrapper_routed.dcp' has been generated.
INFO: [runtcl-4] Executing : report_drc -file FullBuild_wrapper_drc_routed.rpt -pb FullBuild_wrapper_drc_routed.pb -rpx FullBuild_wrapper_drc_routed.rpx
Command: report_drc -file FullBuild_wrapper_drc_routed.rpt -pb FullBuild_wrapper_drc_routed.pb -rpx FullBuild_wrapper_drc_routed.rpx
INFO: [IP_Flow 19-1839] IP Catalog is up to date.
INFO: [DRC 23-27] Running DRC with 2 threads
INFO: [Coretcl 2-168] The results of DRC are in file C:/Users/nathani/Documents/GitHub/EE316_2025/Project3/project_3_main/project_3_main.runs/impl_1/FullBuild_wrapper_drc_routed.rpt.
report_drc completed successfully
INFO: [runtcl-4] Executing : report_methodology -file FullBuild_wrapper_methodology_drc_routed.rpt -pb FullBuild_wrapper_methodology_drc_routed.pb -rpx FullBuild_wrapper_methodology_drc_routed.rpx
Command: report_methodology -file FullBuild_wrapper_methodology_drc_routed.rpt -pb FullBuild_wrapper_methodology_drc_routed.pb -rpx FullBuild_wrapper_methodology_drc_routed.rpx
INFO: [Timing 38-35] Done setting XDC timing constraints.
INFO: [DRC 23-133] Running Methodology with 2 threads
INFO: [Coretcl 2-1520] The results of Report Methodology are in file C:/Users/nathani/Documents/GitHub/EE316_2025/Project3/project_3_main/project_3_main.runs/impl_1/FullBuild_wrapper_methodology_drc_routed.rpt.
report_methodology completed successfully
INFO: [runtcl-4] Executing : report_power -file FullBuild_wrapper_power_routed.rpt -pb FullBuild_wrapper_power_summary_routed.pb -rpx FullBuild_wrapper_power_routed.rpx
Command: report_power -file FullBuild_wrapper_power_routed.rpt -pb FullBuild_wrapper_power_summary_routed.pb -rpx FullBuild_wrapper_power_routed.rpx
INFO: [Timing 38-35] Done setting XDC timing constraints.
Running Vector-less Activity Propagation...

Finished Running Vector-less Activity Propagation
109 Infos, 2 Warnings, 1 Critical Warnings and 0 Errors encountered.
report_power completed successfully
INFO: [runtcl-4] Executing : report_route_status -file FullBuild_wrapper_route_status.rpt -pb FullBuild_wrapper_route_status.pb
INFO: [runtcl-4] Executing : report_timing_summary -max_paths 10 -file FullBuild_wrapper_timing_summary_routed.rpt -pb FullBuild_wrapper_timing_summary_routed.pb -rpx FullBuild_wrapper_timing_summary_routed.rpx -warn_on_violation 
INFO: [Timing 38-91] UpdateTimingParams: Speed grade: -1, Delay Type: min_max.
INFO: [Timing 38-191] Multithreading enabled for timing update using a maximum of 2 CPUs
WARNING: [Timing 38-436] There are set_bus_skew constraint(s) in this design. Please run report_bus_skew to ensure that bus skew requirements are met.
INFO: [runtcl-4] Executing : report_incremental_reuse -file FullBuild_wrapper_incremental_reuse_routed.rpt
INFO: [Vivado_Tcl 4-1062] Incremental flow is disabled. No incremental reuse Info to report.
INFO: [runtcl-4] Executing : report_clock_utilization -file FullBuild_wrapper_clock_utilization_routed.rpt
INFO: [runtcl-4] Executing : report_bus_skew -warn_on_violation -file FullBuild_wrapper_bus_skew_routed.rpt -pb FullBuild_wrapper_bus_skew_routed.pb -rpx FullBuild_wrapper_bus_skew_routed.rpx
INFO: [Timing 38-91] UpdateTimingParams: Speed grade: -1, Delay Type: min_max.
INFO: [Timing 38-191] Multithreading enabled for timing update using a maximum of 2 CPUs
Command: write_bitstream -force FullBuild_wrapper.bit
Attempting to get a license for feature 'Implementation' and/or device 'xc7z010'
INFO: [Common 17-349] Got license for feature 'Implementation' and/or device 'xc7z010'
Running DRC as a precondition to command write_bitstream
INFO: [IP_Flow 19-1839] IP Catalog is up to date.
INFO: [DRC 23-27] Running DRC with 2 threads
WARNING: [DRC PDRC-153] Gated clock check: Net FullBuild_i/util_vector_logic_0/inst/Res[0] is a gated clock net sourced by a combinational pin FullBuild_i/util_vector_logic_0/inst/Res[0]_INST_0/O, cell FullBuild_i/util_vector_logic_0/inst/Res[0]_INST_0. This is not good design practice and will likely impact performance. For SLICE registers, for example, use the CE pin to control the loading of data.
WARNING: [DRC RTSTAT-10] No routable loads: 21 net(s) have no routable loads. The problem bus(es) and/or net(s) are dbg_hub/inst/BSCANID.u_xsdbm_id/CORE_XSDB.UUT_MASTER/U_ICON_INTERFACE/U_CMD6_RD/U_RD_FIFO/SUBCORE_FIFO.xsdbm_v3_0_0_rdfifo_inst/inst_fifo_gen/gconvfifo.rf/grf.rf/gntv_or_sync_fifo.gl0.rd/gr1.gr1_int.rfwft/aempty_fwft_i, dbg_hub/inst/BSCANID.u_xsdbm_id/CORE_XSDB.UUT_MASTER/U_ICON_INTERFACE/U_CMD7_CTL/ctl_reg[2:0], dbg_hub/inst/BSCANID.u_xsdbm_id/CORE_XSDB.UUT_MASTER/U_ICON_INTERFACE/U_CMD7_CTL/ctl_reg_en_2[1], dbg_hub/inst/BSCANID.u_xsdbm_id/CORE_XSDB.UUT_MASTER/U_ICON_INTERFACE/U_CMD1/ctl_reg_en_2[1], dbg_hub/inst/BSCANID.u_xsdbm_id/SWITCH_N_EXT_BSCAN.bscan_switch/m_bscan_capture[0], dbg_hub/inst/BSCANID.u_xsdbm_id/SWITCH_N_EXT_BSCAN.bscan_switch/m_bscan_drck[0], dbg_hub/inst/BSCANID.u_xsdbm_id/SWITCH_N_EXT_BSCAN.bscan_switch/m_bscan_runtest[0], dbg_hub/inst/BSCANID.u_xsdbm_id/CORE_XSDB.UUT_MASTER/U_ICON_INTERFACE/U_CMD6_WR/U_WR_FIFO/SUBCORE_FIFO.xsdbm_v3_0_0_wrfifo_inst/inst_fifo_gen/gconvfifo.rf/grf.rf/gntv_or_sync_fifo.gl0.wr/gwhf.whf/overflow, dbg_hub/inst/BSCANID.u_xsdbm_id/CORE_XSDB.UUT_MASTER/U_ICON_INTERFACE/U_CMD6_RD/U_RD_FIFO/SUBCORE_FIFO.xsdbm_v3_0_0_rdfifo_inst/inst_fifo_gen/gconvfifo.rf/grf.rf/gntv_or_sync_fifo.gl0.wr/gwhf.whf/overflow, dbg_hub/inst/BSCANID.u_xsdbm_id/CORE_XSDB.UUT_MASTER/U_ICON_INTERFACE/U_CMD6_RD/U_RD_FIFO/SUBCORE_FIFO.xsdbm_v3_0_0_rdfifo_inst/inst_fifo_gen/gconvfifo.rf/grf.rf/gntv_or_sync_fifo.gl0.rd/gras.rsts/ram_empty_i, dbg_hub/inst/BSCANID.u_xsdbm_id/CORE_XSDB.UUT_MASTER/U_ICON_INTERFACE/U_CMD6_WR/U_WR_FIFO/SUBCORE_FIFO.xsdbm_v3_0_0_wrfifo_inst/inst_fifo_gen/gconvfifo.rf/grf.rf/gntv_or_sync_fifo.gl0.wr/gwas.wsts/ram_full_i, dbg_hub/inst/BSCANID.u_xsdbm_id/CORE_XSDB.UUT_MASTER/U_ICON_INTERFACE/U_CMD6_WR/U_WR_FIFO/SUBCORE_FIFO.xsdbm_v3_0_0_wrfifo_inst/inst_fifo_gen/gconvfifo.rf/grf.rf/rstblk/rd_rst_reg[0], dbg_hub/inst/BSCANID.u_xsdbm_id/SWITCH_N_EXT_BSCAN.bscan_inst/s_bscan_tms, u_ila_0/inst/trig_in_reg, u_ila_0/inst/trig_out_ack_reg... and (the first 15 of 19 listed).
INFO: [Vivado 12-3199] DRC finished with 0 Errors, 2 Warnings
INFO: [Vivado 12-3200] Please refer to the DRC report (report_drc) for more information.
INFO: [Designutils 20-2272] Running write_bitstream with 2 threads.
Loading data files...
Loading site data...
Loading route data...
Processing options...
Creating bitmap...
Creating bitstream...
Writing bitstream ./FullBuild_wrapper.bit...
INFO: [Vivado 12-1842] Bitgen Completed Successfully.
INFO: [Common 17-83] Releasing license: Implementation
127 Infos, 5 Warnings, 1 Critical Warnings and 0 Errors encountered.
write_bitstream completed successfully
write_bitstream: Time (s): cpu = 00:00:14 ; elapsed = 00:00:12 . Memory (MB): peak = 2135.617 ; gain = 431.590
INFO: [Common 17-206] Exiting Vivado at Thu Feb 27 13:28:05 2025...
