12:05:28 **** Incremental Build of configuration Debug for project standalone_bsp_0_xtmrctr_pwm_example_1 ****
make pre-build main-build 
a9-linaro-pre-build-step
' '
'Building target: standalone_bsp_0_xtmrctr_pwm_example_1.elf'
'Invoking: ARM v7 gcc linker'
arm-none-eabi-gcc -mcpu=cortex-a9 -mfpu=vfpv3 -mfloat-abi=hard -Wl,-build-id=none -specs=Xilinx.spec -Wl,-T -Wl,../src/lscript.ld -L../../standalone_bsp_0/ps7_cortexa9_0/lib -o "standalone_bsp_0_xtmrctr_pwm_example_1.elf"  ./src/xtmrctr_pwm_example.o   -Wl,--start-group,-lxil,-lgcc,-lc,--end-group
c:/xilinx/sdk/2019.1/gnu/aarch32/nt/gcc-arm-none-eabi/bin/../lib/gcc/arm-none-eabi/8.2.0/../../../../arm-none-eabi/bin/ld.exe: ./src/xtmrctr_pwm_example.o: in function `Xadc_Init':
U:\SDK_Testing_Kondker\capture.sdk\standalone_bsp_0_xtmrctr_pwm_example_1\Debug/../src/xtmrctr_pwm_example.c:317: undefined reference to `XSysMon_SetSequenceMode'
c:/xilinx/sdk/2019.1/gnu/aarch32/nt/gcc-arm-none-eabi/bin/../lib/gcc/arm-none-eabi/8.2.0/../../../../arm-none-eabi/bin/ld.exe: U:\SDK_Testing_Kondker\capture.sdk\standalone_bsp_0_xtmrctr_pwm_example_1\Debug/../src/xtmrctr_pwm_example.c:332: undefined reference to `XSysMon_SetAdcClkDivision'
c:/xilinx/sdk/2019.1/gnu/aarch32/nt/gcc-arm-none-eabi/bin/../lib/gcc/arm-none-eabi/8.2.0/../../../../arm-none-eabi/bin/ld.exe: U:\SDK_Testing_Kondker\capture.sdk\standalone_bsp_0_xtmrctr_pwm_example_1\Debug/../src/xtmrctr_pwm_example.c:337: undefined reference to `XSysMon_SetSequenceMode'
collect2.exe: error: ld returned 1 exit status
make: *** [makefile:41: standalone_bsp_0_xtmrctr_pwm_example_1.elf] Error 1
12:07:58 **** Auto Build of configuration Debug for project standalone_bsp_0_xtmrctr_pwm_example_1 ****
make pre-build main-build 
a9-linaro-pre-build-step
' '
'Building file: ../src/xtmrctr_pwm_example.c'
'Invoking: ARM v7 gcc compiler'
arm-none-eabi-gcc -Wall -O0 -g3 -c -fmessage-length=0 -MT"src/xtmrctr_pwm_example.o" -mcpu=cortex-a9 -mfpu=vfpv3 -mfloat-abi=hard -I../../standalone_bsp_0/ps7_cortexa9_0/include -MMD -MP -MF"src/xtmrctr_pwm_example.d" -MT"src/xtmrctr_pwm_example.o" -o "src/xtmrctr_pwm_example.o" "../src/xtmrctr_pwm_example.c"
../src/xtmrctr_pwm_example.c: In function 'Xadc_Init':
../src/xtmrctr_pwm_example.c:332:5: warning: implicit declaration of function 'XSysMon_SetAdcClkDivision'; did you mean 'XSysMon_SetAdcClkDivisor'? [-Wimplicit-function-declaration]
     XSysMon_SetAdcClkDivision(InstancePtr, 32);
     ^~~~~~~~~~~~~~~~~~~~~~~~~
     XSysMon_SetAdcClkDivisor
../src/xtmrctr_pwm_example.c:337:5: warning: implicit declaration of function 'XSysMon_SetSequenceMode'; did you mean 'XSysMon_SetSequencerMode'? [-Wimplicit-function-declaration]
     XSysMon_SetSequenceMode(InstancePtr, XSM_SEQ_MODE_CONTINPASS);
     ^~~~~~~~~~~~~~~~~~~~~~~
     XSysMon_SetSequencerMode
../src/xtmrctr_pwm_example.c: In function 'main':
../src/xtmrctr_pwm_example.c:370:10: warning: unused variable 'lcd_text' [-Wunused-variable]
     char lcd_text[16];
          ^~~~~~~~
../src/xtmrctr_pwm_example.c: In function 'update_lcd_line1_with_distance':
../src/xtmrctr_pwm_example.c:91:48: warning: 'in' directive writing 2 bytes into a region of size 0 [-Wformat-overflow=]
         sprintf(lcd_text, "Disabled   %02d.%02din", (int)dist, (int)((dist - (int)dist) * 100));
                                                ^~
../src/xtmrctr_pwm_example.c:91:9: note: 'sprintf' output between 19 and 37 bytes into a destination of size 16
         sprintf(lcd_text, "Disabled   %02d.%02din", (int)dist, (int)((dist - (int)dist) * 100));
         ^~~~~~~~~~~~~~~~~~~~~~~~~~~~~~~~~~~~~~~~~~~~~~~~~~~~~~~~~~~~~~~~~~~~~~~~~~~~~~~~~~~~~~~
../src/xtmrctr_pwm_example.c:89:48: warning: 'in' directive writing 2 bytes into a region of size 0 [-Wformat-overflow=]
         sprintf(lcd_text, "Enabled    %02d.%02din", (int)dist, (int)((dist - (int)dist) * 100));
                                                ^~
../src/xtmrctr_pwm_example.c:89:9: note: 'sprintf' output between 19 and 37 bytes into a destination of size 16
         sprintf(lcd_text, "Enabled    %02d.%02din", (int)dist, (int)((dist - (int)dist) * 100));
         ^~~~~~~~~~~~~~~~~~~~~~~~~~~~~~~~~~~~~~~~~~~~~~~~~~~~~~~~~~~~~~~~~~~~~~~~~~~~~~~~~~~~~~~
'Finished building: ../src/xtmrctr_pwm_example.c'
' '
'Building target: standalone_bsp_0_xtmrctr_pwm_example_1.elf'
'Invoking: ARM v7 gcc linker'
arm-none-eabi-gcc -mcpu=cortex-a9 -mfpu=vfpv3 -mfloat-abi=hard -Wl,-build-id=none -specs=Xilinx.spec -Wl,-T -Wl,../src/lscript.ld -L../../standalone_bsp_0/ps7_cortexa9_0/lib -o "standalone_bsp_0_xtmrctr_pwm_example_1.elf"  ./src/xtmrctr_pwm_example.o   -Wl,--start-group,-lxil,-lgcc,-lc,--end-group
c:/xilinx/sdk/2019.1/gnu/aarch32/nt/gcc-arm-none-eabi/bin/../lib/gcc/arm-none-eabi/8.2.0/../../../../arm-none-eabi/bin/ld.exe: ./src/xtmrctr_pwm_example.o: in function `Xadc_Init':
U:\SDK_Testing_Kondker\capture.sdk\standalone_bsp_0_xtmrctr_pwm_example_1\Debug/../src/xtmrctr_pwm_example.c:332: undefined reference to `XSysMon_SetAdcClkDivision'
c:/xilinx/sdk/2019.1/gnu/aarch32/nt/gcc-arm-none-eabi/bin/../lib/gcc/arm-none-eabi/8.2.0/../../../../arm-none-eabi/bin/ld.exe: U:\SDK_Testing_Kondker\capture.sdk\standalone_bsp_0_xtmrctr_pwm_example_1\Debug/../src/xtmrctr_pwm_example.c:337: undefined reference to `XSysMon_SetSequenceMode'
collect2.exe: error: ld returned 1 exit status
make: *** [makefile:41: standalone_bsp_0_xtmrctr_pwm_example_1.elf] Error 1
12:08:00 **** Auto Build of configuration Debug for project standalone_bsp_0_xtmrctr_pwm_example_1 ****
make pre-build main-build 
a9-linaro-pre-build-step
' '
'Building file: ../src/xtmrctr_pwm_example.c'
'Invoking: ARM v7 gcc compiler'
arm-none-eabi-gcc -Wall -O0 -g3 -c -fmessage-length=0 -MT"src/xtmrctr_pwm_example.o" -mcpu=cortex-a9 -mfpu=vfpv3 -mfloat-abi=hard -I../../standalone_bsp_0/ps7_cortexa9_0/include -MMD -MP -MF"src/xtmrctr_pwm_example.d" -MT"src/xtmrctr_pwm_example.o" -o "src/xtmrctr_pwm_example.o" "../src/xtmrctr_pwm_example.c"
../src/xtmrctr_pwm_example.c: In function 'Xadc_Init':
../src/xtmrctr_pwm_example.c:332:5: warning: implicit declaration of function 'XSysMon_SetAdcClkDivision'; did you mean 'XSysMon_SetAdcClkDivisor'? [-Wimplicit-function-declaration]
     XSysMon_SetAdcClkDivision(InstancePtr, 32);
     ^~~~~~~~~~~~~~~~~~~~~~~~~
     XSysMon_SetAdcClkDivisor
../src/xtmrctr_pwm_example.c: In function 'main':
../src/xtmrctr_pwm_example.c:370:10: warning: unused variable 'lcd_text' [-Wunused-variable]
     char lcd_text[16];
          ^~~~~~~~
../src/xtmrctr_pwm_example.c: In function 'update_lcd_line1_with_distance':
../src/xtmrctr_pwm_example.c:91:48: warning: 'in' directive writing 2 bytes into a region of size 0 [-Wformat-overflow=]
         sprintf(lcd_text, "Disabled   %02d.%02din", (int)dist, (int)((dist - (int)dist) * 100));
                                                ^~
../src/xtmrctr_pwm_example.c:91:9: note: 'sprintf' output between 19 and 37 bytes into a destination of size 16
         sprintf(lcd_text, "Disabled   %02d.%02din", (int)dist, (int)((dist - (int)dist) * 100));
         ^~~~~~~~~~~~~~~~~~~~~~~~~~~~~~~~~~~~~~~~~~~~~~~~~~~~~~~~~~~~~~~~~~~~~~~~~~~~~~~~~~~~~~~
../src/xtmrctr_pwm_example.c:89:48: warning: 'in' directive writing 2 bytes into a region of size 0 [-Wformat-overflow=]
         sprintf(lcd_text, "Enabled    %02d.%02din", (int)dist, (int)((dist - (int)dist) * 100));
                                                ^~
../src/xtmrctr_pwm_example.c:89:9: note: 'sprintf' output between 19 and 37 bytes into a destination of size 16
         sprintf(lcd_text, "Enabled    %02d.%02din", (int)dist, (int)((dist - (int)dist) * 100));
         ^~~~~~~~~~~~~~~~~~~~~~~~~~~~~~~~~~~~~~~~~~~~~~~~~~~~~~~~~~~~~~~~~~~~~~~~~~~~~~~~~~~~~~~
'Finished building: ../src/xtmrctr_pwm_example.c'
' '
'Building target: standalone_bsp_0_xtmrctr_pwm_example_1.elf'
'Invoking: ARM v7 gcc linker'
arm-none-eabi-gcc -mcpu=cortex-a9 -mfpu=vfpv3 -mfloat-abi=hard -Wl,-build-id=none -specs=Xilinx.spec -Wl,-T -Wl,../src/lscript.ld -L../../standalone_bsp_0/ps7_cortexa9_0/lib -o "standalone_bsp_0_xtmrctr_pwm_example_1.elf"  ./src/xtmrctr_pwm_example.o   -Wl,--start-group,-lxil,-lgcc,-lc,--end-group
c:/xilinx/sdk/2019.1/gnu/aarch32/nt/gcc-arm-none-eabi/bin/../lib/gcc/arm-none-eabi/8.2.0/../../../../arm-none-eabi/bin/ld.exe: ./src/xtmrctr_pwm_example.o: in function `Xadc_Init':
U:\SDK_Testing_Kondker\capture.sdk\standalone_bsp_0_xtmrctr_pwm_example_1\Debug/../src/xtmrctr_pwm_example.c:332: undefined reference to `XSysMon_SetAdcClkDivision'
collect2.exe: error: ld returned 1 exit status
make: *** [makefile:41: standalone_bsp_0_xtmrctr_pwm_example_1.elf] Error 1
12:08:09 **** Auto Build of configuration Debug for project standalone_bsp_0_xtmrctr_pwm_example_1 ****
make pre-build main-build 
a9-linaro-pre-build-step
' '
'Building file: ../src/xtmrctr_pwm_example.c'
'Invoking: ARM v7 gcc compiler'
arm-none-eabi-gcc -Wall -O0 -g3 -c -fmessage-length=0 -MT"src/xtmrctr_pwm_example.o" -mcpu=cortex-a9 -mfpu=vfpv3 -mfloat-abi=hard -I../../standalone_bsp_0/ps7_cortexa9_0/include -MMD -MP -MF"src/xtmrctr_pwm_example.d" -MT"src/xtmrctr_pwm_example.o" -o "src/xtmrctr_pwm_example.o" "../src/xtmrctr_pwm_example.c"
../src/xtmrctr_pwm_example.c: In function 'main':
../src/xtmrctr_pwm_example.c:370:10: warning: unused variable 'lcd_text' [-Wunused-variable]
     char lcd_text[16];
          ^~~~~~~~
../src/xtmrctr_pwm_example.c: In function 'update_lcd_line1_with_distance':
../src/xtmrctr_pwm_example.c:91:48: warning: 'in' directive writing 2 bytes into a region of size 0 [-Wformat-overflow=]
         sprintf(lcd_text, "Disabled   %02d.%02din", (int)dist, (int)((dist - (int)dist) * 100));
                                                ^~
../src/xtmrctr_pwm_example.c:91:9: note: 'sprintf' output between 19 and 37 bytes into a destination of size 16
         sprintf(lcd_text, "Disabled   %02d.%02din", (int)dist, (int)((dist - (int)dist) * 100));
         ^~~~~~~~~~~~~~~~~~~~~~~~~~~~~~~~~~~~~~~~~~~~~~~~~~~~~~~~~~~~~~~~~~~~~~~~~~~~~~~~~~~~~~~
../src/xtmrctr_pwm_example.c:89:48: warning: 'in' directive writing 2 bytes into a region of size 0 [-Wformat-overflow=]
         sprintf(lcd_text, "Enabled    %02d.%02din", (int)dist, (int)((dist - (int)dist) * 100));
                                                ^~
../src/xtmrctr_pwm_example.c:89:9: note: 'sprintf' output between 19 and 37 bytes into a destination of size 16
         sprintf(lcd_text, "Enabled    %02d.%02din", (int)dist, (int)((dist - (int)dist) * 100));
         ^~~~~~~~~~~~~~~~~~~~~~~~~~~~~~~~~~~~~~~~~~~~~~~~~~~~~~~~~~~~~~~~~~~~~~~~~~~~~~~~~~~~~~~
'Finished building: ../src/xtmrctr_pwm_example.c'
' '
'Building target: standalone_bsp_0_xtmrctr_pwm_example_1.elf'
'Invoking: ARM v7 gcc linker'
arm-none-eabi-gcc -mcpu=cortex-a9 -mfpu=vfpv3 -mfloat-abi=hard -Wl,-build-id=none -specs=Xilinx.spec -Wl,-T -Wl,../src/lscript.ld -L../../standalone_bsp_0/ps7_cortexa9_0/lib -o "standalone_bsp_0_xtmrctr_pwm_example_1.elf"  ./src/xtmrctr_pwm_example.o   -Wl,--start-group,-lxil,-lgcc,-lc,--end-group
'Finished building target: standalone_bsp_0_xtmrctr_pwm_example_1.elf'
' '
'Invoking: ARM v7 Print Size'
arm-none-eabi-size standalone_bsp_0_xtmrctr_pwm_example_1.elf  |tee "standalone_bsp_0_xtmrctr_pwm_example_1.elf.size"
   text	   data	    bss	    dec	    hex	filename
  72484	   3472	  23440	  99396	  18444	standalone_bsp_0_xtmrctr_pwm_example_1.elf
'Finished building: standalone_bsp_0_xtmrctr_pwm_example_1.elf.size'
' '
12:08:21 **** Auto Build of configuration Debug for project standalone_bsp_0_xtmrctr_pwm_example_1 ****
make pre-build main-build 
a9-linaro-pre-build-step
' '
'Building file: ../src/xtmrctr_pwm_example.c'
'Invoking: ARM v7 gcc compiler'
arm-none-eabi-gcc -Wall -O0 -g3 -c -fmessage-length=0 -MT"src/xtmrctr_pwm_example.o" -mcpu=cortex-a9 -mfpu=vfpv3 -mfloat-abi=hard -I../../standalone_bsp_0/ps7_cortexa9_0/include -MMD -MP -MF"src/xtmrctr_pwm_example.d" -MT"src/xtmrctr_pwm_example.o" -o "src/xtmrctr_pwm_example.o" "../src/xtmrctr_pwm_example.c"
../src/xtmrctr_pwm_example.c: In function 'main':
../src/xtmrctr_pwm_example.c:372:10: warning: unused variable 'lcd_text' [-Wunused-variable]
     char lcd_text[16];
          ^~~~~~~~
../src/xtmrctr_pwm_example.c: In function 'update_lcd_line1_with_distance':
../src/xtmrctr_pwm_example.c:91:48: warning: 'in' directive writing 2 bytes into a region of size 0 [-Wformat-overflow=]
         sprintf(lcd_text, "Disabled   %02d.%02din", (int)dist, (int)((dist - (int)dist) * 100));
                                                ^~
../src/xtmrctr_pwm_example.c:91:9: note: 'sprintf' output between 19 and 37 bytes into a destination of size 16
         sprintf(lcd_text, "Disabled   %02d.%02din", (int)dist, (int)((dist - (int)dist) * 100));
         ^~~~~~~~~~~~~~~~~~~~~~~~~~~~~~~~~~~~~~~~~~~~~~~~~~~~~~~~~~~~~~~~~~~~~~~~~~~~~~~~~~~~~~~
../src/xtmrctr_pwm_example.c:89:48: warning: 'in' directive writing 2 bytes into a region of size 0 [-Wformat-overflow=]
         sprintf(lcd_text, "Enabled    %02d.%02din", (int)dist, (int)((dist - (int)dist) * 100));
                                                ^~
../src/xtmrctr_pwm_example.c:89:9: note: 'sprintf' output between 19 and 37 bytes into a destination of size 16
         sprintf(lcd_text, "Enabled    %02d.%02din", (int)dist, (int)((dist - (int)dist) * 100));
         ^~~~~~~~~~~~~~~~~~~~~~~~~~~~~~~~~~~~~~~~~~~~~~~~~~~~~~~~~~~~~~~~~~~~~~~~~~~~~~~~~~~~~~~
'Finished building: ../src/xtmrctr_pwm_example.c'
' '
'Building target: standalone_bsp_0_xtmrctr_pwm_example_1.elf'
'Invoking: ARM v7 gcc linker'
arm-none-eabi-gcc -mcpu=cortex-a9 -mfpu=vfpv3 -mfloat-abi=hard -Wl,-build-id=none -specs=Xilinx.spec -Wl,-T -Wl,../src/lscript.ld -L../../standalone_bsp_0/ps7_cortexa9_0/lib -o "standalone_bsp_0_xtmrctr_pwm_example_1.elf"  ./src/xtmrctr_pwm_example.o   -Wl,--start-group,-lxil,-lgcc,-lc,--end-group
'Finished building target: standalone_bsp_0_xtmrctr_pwm_example_1.elf'
' '
'Invoking: ARM v7 Print Size'
arm-none-eabi-size standalone_bsp_0_xtmrctr_pwm_example_1.elf  |tee "standalone_bsp_0_xtmrctr_pwm_example_1.elf.size"
   text	   data	    bss	    dec	    hex	filename
  72484	   3472	  23456	  99412	  18454	standalone_bsp_0_xtmrctr_pwm_example_1.elf
'Finished building: standalone_bsp_0_xtmrctr_pwm_example_1.elf.size'
' '
12:08:29 **** Auto Build of configuration Debug for project standalone_bsp_0_xtmrctr_pwm_example_1 ****
make pre-build main-build 
a9-linaro-pre-build-step
' '
'Building file: ../src/xtmrctr_pwm_example.c'
'Invoking: ARM v7 gcc compiler'
arm-none-eabi-gcc -Wall -O0 -g3 -c -fmessage-length=0 -MT"src/xtmrctr_pwm_example.o" -mcpu=cortex-a9 -mfpu=vfpv3 -mfloat-abi=hard -I../../standalone_bsp_0/ps7_cortexa9_0/include -MMD -MP -MF"src/xtmrctr_pwm_example.d" -MT"src/xtmrctr_pwm_example.o" -o "src/xtmrctr_pwm_example.o" "../src/xtmrctr_pwm_example.c"
../src/xtmrctr_pwm_example.c: In function 'main':
../src/xtmrctr_pwm_example.c:374:10: warning: unused variable 'lcd_text' [-Wunused-variable]
     char lcd_text[16];
          ^~~~~~~~
../src/xtmrctr_pwm_example.c:346:13: warning: unused variable 'Xadc' [-Wunused-variable]
     XSysMon Xadc;
             ^~~~
../src/xtmrctr_pwm_example.c: In function 'update_lcd_line1_with_distance':
../src/xtmrctr_pwm_example.c:91:48: warning: 'in' directive writing 2 bytes into a region of size 0 [-Wformat-overflow=]
         sprintf(lcd_text, "Disabled   %02d.%02din", (int)dist, (int)((dist - (int)dist) * 100));
                                                ^~
../src/xtmrctr_pwm_example.c:91:9: note: 'sprintf' output between 19 and 37 bytes into a destination of size 16
         sprintf(lcd_text, "Disabled   %02d.%02din", (int)dist, (int)((dist - (int)dist) * 100));
         ^~~~~~~~~~~~~~~~~~~~~~~~~~~~~~~~~~~~~~~~~~~~~~~~~~~~~~~~~~~~~~~~~~~~~~~~~~~~~~~~~~~~~~~
../src/xtmrctr_pwm_example.c:89:48: warning: 'in' directive writing 2 bytes into a region of size 0 [-Wformat-overflow=]
         sprintf(lcd_text, "Enabled    %02d.%02din", (int)dist, (int)((dist - (int)dist) * 100));
                                                ^~
../src/xtmrctr_pwm_example.c:89:9: note: 'sprintf' output between 19 and 37 bytes into a destination of size 16
         sprintf(lcd_text, "Enabled    %02d.%02din", (int)dist, (int)((dist - (int)dist) * 100));
         ^~~~~~~~~~~~~~~~~~~~~~~~~~~~~~~~~~~~~~~~~~~~~~~~~~~~~~~~~~~~~~~~~~~~~~~~~~~~~~~~~~~~~~~
'Finished building: ../src/xtmrctr_pwm_example.c'
' '
'Building target: standalone_bsp_0_xtmrctr_pwm_example_1.elf'
'Invoking: ARM v7 gcc linker'
arm-none-eabi-gcc -mcpu=cortex-a9 -mfpu=vfpv3 -mfloat-abi=hard -Wl,-build-id=none -specs=Xilinx.spec -Wl,-T -Wl,../src/lscript.ld -L../../standalone_bsp_0/ps7_cortexa9_0/lib -o "standalone_bsp_0_xtmrctr_pwm_example_1.elf"  ./src/xtmrctr_pwm_example.o   -Wl,--start-group,-lxil,-lgcc,-lc,--end-group
'Finished building target: standalone_bsp_0_xtmrctr_pwm_example_1.elf'
' '
'Invoking: ARM v7 Print Size'
arm-none-eabi-size standalone_bsp_0_xtmrctr_pwm_example_1.elf  |tee "standalone_bsp_0_xtmrctr_pwm_example_1.elf.size"
   text	   data	    bss	    dec	    hex	filename
  72484	   3472	  23456	  99412	  18454	standalone_bsp_0_xtmrctr_pwm_example_1.elf
'Finished building: standalone_bsp_0_xtmrctr_pwm_example_1.elf.size'
' '
12:08:38 **** Auto Build of configuration Debug for project standalone_bsp_0_xtmrctr_pwm_example_1 ****
make pre-build main-build 
a9-linaro-pre-build-step
' '
'Building file: ../src/xtmrctr_pwm_example.c'
'Invoking: ARM v7 gcc compiler'
arm-none-eabi-gcc -Wall -O0 -g3 -c -fmessage-length=0 -MT"src/xtmrctr_pwm_example.o" -mcpu=cortex-a9 -mfpu=vfpv3 -mfloat-abi=hard -I../../standalone_bsp_0/ps7_cortexa9_0/include -MMD -MP -MF"src/xtmrctr_pwm_example.d" -MT"src/xtmrctr_pwm_example.o" -o "src/xtmrctr_pwm_example.o" "../src/xtmrctr_pwm_example.c"
../src/xtmrctr_pwm_example.c: In function 'main':
../src/xtmrctr_pwm_example.c:377:10: warning: unused variable 'lcd_text' [-Wunused-variable]
     char lcd_text[16];
          ^~~~~~~~
../src/xtmrctr_pwm_example.c: In function 'update_lcd_line1_with_distance':
../src/xtmrctr_pwm_example.c:91:48: warning: 'in' directive writing 2 bytes into a region of size 0 [-Wformat-overflow=]
         sprintf(lcd_text, "Disabled   %02d.%02din", (int)dist, (int)((dist - (int)dist) * 100));
                                                ^~
../src/xtmrctr_pwm_example.c:91:9: note: 'sprintf' output between 19 and 37 bytes into a destination of size 16
         sprintf(lcd_text, "Disabled   %02d.%02din", (int)dist, (int)((dist - (int)dist) * 100));
         ^~~~~~~~~~~~~~~~~~~~~~~~~~~~~~~~~~~~~~~~~~~~~~~~~~~~~~~~~~~~~~~~~~~~~~~~~~~~~~~~~~~~~~~
../src/xtmrctr_pwm_example.c:89:48: warning: 'in' directive writing 2 bytes into a region of size 0 [-Wformat-overflow=]
         sprintf(lcd_text, "Enabled    %02d.%02din", (int)dist, (int)((dist - (int)dist) * 100));
                                                ^~
../src/xtmrctr_pwm_example.c:89:9: note: 'sprintf' output between 19 and 37 bytes into a destination of size 16
         sprintf(lcd_text, "Enabled    %02d.%02din", (int)dist, (int)((dist - (int)dist) * 100));
         ^~~~~~~~~~~~~~~~~~~~~~~~~~~~~~~~~~~~~~~~~~~~~~~~~~~~~~~~~~~~~~~~~~~~~~~~~~~~~~~~~~~~~~~
'Finished building: ../src/xtmrctr_pwm_example.c'
' '
'Building target: standalone_bsp_0_xtmrctr_pwm_example_1.elf'
'Invoking: ARM v7 gcc linker'
arm-none-eabi-gcc -mcpu=cortex-a9 -mfpu=vfpv3 -mfloat-abi=hard -Wl,-build-id=none -specs=Xilinx.spec -Wl,-T -Wl,../src/lscript.ld -L../../standalone_bsp_0/ps7_cortexa9_0/lib -o "standalone_bsp_0_xtmrctr_pwm_example_1.elf"  ./src/xtmrctr_pwm_example.o   -Wl,--start-group,-lxil,-lgcc,-lc,--end-group
'Finished building target: standalone_bsp_0_xtmrctr_pwm_example_1.elf'
' '
'Invoking: ARM v7 Print Size'
arm-none-eabi-size standalone_bsp_0_xtmrctr_pwm_example_1.elf  |tee "standalone_bsp_0_xtmrctr_pwm_example_1.elf.size"
   text	   data	    bss	    dec	    hex	filename
  72484	   3472	  23456	  99412	  18454	standalone_bsp_0_xtmrctr_pwm_example_1.elf
'Finished building: standalone_bsp_0_xtmrctr_pwm_example_1.elf.size'
' '
12:08:48 **** Auto Build of configuration Debug for project standalone_bsp_0_xtmrctr_pwm_example_1 ****
make pre-build main-build 
a9-linaro-pre-build-step
' '
'Building file: ../src/xtmrctr_pwm_example.c'
'Invoking: ARM v7 gcc compiler'
arm-none-eabi-gcc -Wall -O0 -g3 -c -fmessage-length=0 -MT"src/xtmrctr_pwm_example.o" -mcpu=cortex-a9 -mfpu=vfpv3 -mfloat-abi=hard -I../../standalone_bsp_0/ps7_cortexa9_0/include -MMD -MP -MF"src/xtmrctr_pwm_example.d" -MT"src/xtmrctr_pwm_example.o" -o "src/xtmrctr_pwm_example.o" "../src/xtmrctr_pwm_example.c"
../src/xtmrctr_pwm_example.c: In function 'main':
../src/xtmrctr_pwm_example.c:377:10: warning: unused variable 'lcd_text' [-Wunused-variable]
     char lcd_text[16];
          ^~~~~~~~
../src/xtmrctr_pwm_example.c: In function 'update_lcd_line1_with_distance':
../src/xtmrctr_pwm_example.c:91:48: warning: 'in' directive writing 2 bytes into a region of size 0 [-Wformat-overflow=]
         sprintf(lcd_text, "Disabled   %02d.%02din", (int)dist, (int)((dist - (int)dist) * 100));
                                                ^~
../src/xtmrctr_pwm_example.c:91:9: note: 'sprintf' output between 19 and 37 bytes into a destination of size 16
         sprintf(lcd_text, "Disabled   %02d.%02din", (int)dist, (int)((dist - (int)dist) * 100));
         ^~~~~~~~~~~~~~~~~~~~~~~~~~~~~~~~~~~~~~~~~~~~~~~~~~~~~~~~~~~~~~~~~~~~~~~~~~~~~~~~~~~~~~~
../src/xtmrctr_pwm_example.c:89:48: warning: 'in' directive writing 2 bytes into a region of size 0 [-Wformat-overflow=]
         sprintf(lcd_text, "Enabled    %02d.%02din", (int)dist, (int)((dist - (int)dist) * 100));
                                                ^~
../src/xtmrctr_pwm_example.c:89:9: note: 'sprintf' output between 19 and 37 bytes into a destination of size 16
         sprintf(lcd_text, "Enabled    %02d.%02din", (int)dist, (int)((dist - (int)dist) * 100));
         ^~~~~~~~~~~~~~~~~~~~~~~~~~~~~~~~~~~~~~~~~~~~~~~~~~~~~~~~~~~~~~~~~~~~~~~~~~~~~~~~~~~~~~~
'Finished building: ../src/xtmrctr_pwm_example.c'
' '
'Building target: standalone_bsp_0_xtmrctr_pwm_example_1.elf'
'Invoking: ARM v7 gcc linker'
arm-none-eabi-gcc -mcpu=cortex-a9 -mfpu=vfpv3 -mfloat-abi=hard -Wl,-build-id=none -specs=Xilinx.spec -Wl,-T -Wl,../src/lscript.ld -L../../standalone_bsp_0/ps7_cortexa9_0/lib -o "standalone_bsp_0_xtmrctr_pwm_example_1.elf"  ./src/xtmrctr_pwm_example.o   -Wl,--start-group,-lxil,-lgcc,-lc,--end-group
'Finished building target: standalone_bsp_0_xtmrctr_pwm_example_1.elf'
' '
'Invoking: ARM v7 Print Size'
arm-none-eabi-size standalone_bsp_0_xtmrctr_pwm_example_1.elf  |tee "standalone_bsp_0_xtmrctr_pwm_example_1.elf.size"
   text	   data	    bss	    dec	    hex	filename
  72484	   3472	  23456	  99412	  18454	standalone_bsp_0_xtmrctr_pwm_example_1.elf
'Finished building: standalone_bsp_0_xtmrctr_pwm_example_1.elf.size'
' '
12:10:17 **** Auto Build of configuration Debug for project standalone_bsp_0_xtmrctr_pwm_example_1 ****
make pre-build main-build 
a9-linaro-pre-build-step
' '
'Building file: ../src/xtmrctr_pwm_example.c'
'Invoking: ARM v7 gcc compiler'
arm-none-eabi-gcc -Wall -O0 -g3 -c -fmessage-length=0 -MT"src/xtmrctr_pwm_example.o" -mcpu=cortex-a9 -mfpu=vfpv3 -mfloat-abi=hard -I../../standalone_bsp_0/ps7_cortexa9_0/include -MMD -MP -MF"src/xtmrctr_pwm_example.d" -MT"src/xtmrctr_pwm_example.o" -o "src/xtmrctr_pwm_example.o" "../src/xtmrctr_pwm_example.c"
../src/xtmrctr_pwm_example.c: In function 'main':
../src/xtmrctr_pwm_example.c:377:10: warning: unused variable 'lcd_text' [-Wunused-variable]
     char lcd_text[16];
          ^~~~~~~~
../src/xtmrctr_pwm_example.c: In function 'update_lcd_line1_with_distance':
../src/xtmrctr_pwm_example.c:91:48: warning: 'in' directive writing 2 bytes into a region of size 0 [-Wformat-overflow=]
         sprintf(lcd_text, "Disabled   %02d.%02din", (int)dist, (int)((dist - (int)dist) * 100));
                                                ^~
../src/xtmrctr_pwm_example.c:91:9: note: 'sprintf' output between 19 and 37 bytes into a destination of size 16
         sprintf(lcd_text, "Disabled   %02d.%02din", (int)dist, (int)((dist - (int)dist) * 100));
         ^~~~~~~~~~~~~~~~~~~~~~~~~~~~~~~~~~~~~~~~~~~~~~~~~~~~~~~~~~~~~~~~~~~~~~~~~~~~~~~~~~~~~~~
../src/xtmrctr_pwm_example.c:89:48: warning: 'in' directive writing 2 bytes into a region of size 0 [-Wformat-overflow=]
         sprintf(lcd_text, "Enabled    %02d.%02din", (int)dist, (int)((dist - (int)dist) * 100));
                                                ^~
../src/xtmrctr_pwm_example.c:89:9: note: 'sprintf' output between 19 and 37 bytes into a destination of size 16
         sprintf(lcd_text, "Enabled    %02d.%02din", (int)dist, (int)((dist - (int)dist) * 100));
         ^~~~~~~~~~~~~~~~~~~~~~~~~~~~~~~~~~~~~~~~~~~~~~~~~~~~~~~~~~~~~~~~~~~~~~~~~~~~~~~~~~~~~~~
'Finished building: ../src/xtmrctr_pwm_example.c'
' '
'Building target: standalone_bsp_0_xtmrctr_pwm_example_1.elf'
'Invoking: ARM v7 gcc linker'
arm-none-eabi-gcc -mcpu=cortex-a9 -mfpu=vfpv3 -mfloat-abi=hard -Wl,-build-id=none -specs=Xilinx.spec -Wl,-T -Wl,../src/lscript.ld -L../../standalone_bsp_0/ps7_cortexa9_0/lib -o "standalone_bsp_0_xtmrctr_pwm_example_1.elf"  ./src/xtmrctr_pwm_example.o   -Wl,--start-group,-lxil,-lgcc,-lc,--end-group
'Finished building target: standalone_bsp_0_xtmrctr_pwm_example_1.elf'
' '
'Invoking: ARM v7 Print Size'
arm-none-eabi-size standalone_bsp_0_xtmrctr_pwm_example_1.elf  |tee "standalone_bsp_0_xtmrctr_pwm_example_1.elf.size"
   text	   data	    bss	    dec	    hex	filename
  72548	   3472	  23456	  99476	  18494	standalone_bsp_0_xtmrctr_pwm_example_1.elf
'Finished building: standalone_bsp_0_xtmrctr_pwm_example_1.elf.size'
' '
12:10:43 **** Auto Build of configuration Debug for project standalone_bsp_0_xtmrctr_pwm_example_1 ****
make pre-build main-build 
a9-linaro-pre-build-step
' '
'Building file: ../src/xtmrctr_pwm_example.c'
'Invoking: ARM v7 gcc compiler'
arm-none-eabi-gcc -Wall -O0 -g3 -c -fmessage-length=0 -MT"src/xtmrctr_pwm_example.o" -mcpu=cortex-a9 -mfpu=vfpv3 -mfloat-abi=hard -I../../standalone_bsp_0/ps7_cortexa9_0/include -MMD -MP -MF"src/xtmrctr_pwm_example.d" -MT"src/xtmrctr_pwm_example.o" -o "src/xtmrctr_pwm_example.o" "../src/xtmrctr_pwm_example.c"
../src/xtmrctr_pwm_example.c: In function 'main':
../src/xtmrctr_pwm_example.c:400:20: error: 'serv_val' undeclared (first use in this function); did you mean 'led_val'?
   update_servo_pwm(serv_val);
                    ^~~~~~~~
                    led_val
../src/xtmrctr_pwm_example.c:400:20: note: each undeclared identifier is reported only once for each function it appears in
../src/xtmrctr_pwm_example.c:377:10: warning: unused variable 'lcd_text' [-Wunused-variable]
     char lcd_text[16];
          ^~~~~~~~
../src/xtmrctr_pwm_example.c: In function 'update_lcd_line1_with_distance':
../src/xtmrctr_pwm_example.c:91:48: warning: 'in' directive writing 2 bytes into a region of size 0 [-Wformat-overflow=]
         sprintf(lcd_text, "Disabled   %02d.%02din", (int)dist, (int)((dist - (int)dist) * 100));
                                                ^~
../src/xtmrctr_pwm_example.c:91:9: note: 'sprintf' output between 19 and 37 bytes into a destination of size 16
         sprintf(lcd_text, "Disabled   %02d.%02din", (int)dist, (int)((dist - (int)dist) * 100));
         ^~~~~~~~~~~~~~~~~~~~~~~~~~~~~~~~~~~~~~~~~~~~~~~~~~~~~~~~~~~~~~~~~~~~~~~~~~~~~~~~~~~~~~~
../src/xtmrctr_pwm_example.c:89:48: warning: 'in' directive writing 2 bytes into a region of size 0 [-Wformat-overflow=]
         sprintf(lcd_text, "Enabled    %02d.%02din", (int)dist, (int)((dist - (int)dist) * 100));
                                                ^~
../src/xtmrctr_pwm_example.c:89:9: note: 'sprintf' output between 19 and 37 bytes into a destination of size 16
         sprintf(lcd_text, "Enabled    %02d.%02din", (int)dist, (int)((dist - (int)dist) * 100));
         ^~~~~~~~~~~~~~~~~~~~~~~~~~~~~~~~~~~~~~~~~~~~~~~~~~~~~~~~~~~~~~~~~~~~~~~~~~~~~~~~~~~~~~~
make: *** [src/subdir.mk:23: src/xtmrctr_pwm_example.o] Error 1
12:10:53 **** Auto Build of configuration Debug for project standalone_bsp_0_xtmrctr_pwm_example_1 ****
make pre-build main-build 
a9-linaro-pre-build-step
' '
'Building file: ../src/xtmrctr_pwm_example.c'
'Invoking: ARM v7 gcc compiler'
arm-none-eabi-gcc -Wall -O0 -g3 -c -fmessage-length=0 -MT"src/xtmrctr_pwm_example.o" -mcpu=cortex-a9 -mfpu=vfpv3 -mfloat-abi=hard -I../../standalone_bsp_0/ps7_cortexa9_0/include -MMD -MP -MF"src/xtmrctr_pwm_example.d" -MT"src/xtmrctr_pwm_example.o" -o "src/xtmrctr_pwm_example.o" "../src/xtmrctr_pwm_example.c"
../src/xtmrctr_pwm_example.c: In function 'main':
../src/xtmrctr_pwm_example.c:400:20: error: 'serv_val' undeclared (first use in this function); did you mean 'led_val'?
   update_servo_pwm(serv_val);
                    ^~~~~~~~
                    led_val
../src/xtmrctr_pwm_example.c:400:20: note: each undeclared identifier is reported only once for each function it appears in
../src/xtmrctr_pwm_example.c:377:10: warning: unused variable 'lcd_text' [-Wunused-variable]
     char lcd_text[16];
          ^~~~~~~~
../src/xtmrctr_pwm_example.c: In function 'update_lcd_line1_with_distance':
../src/xtmrctr_pwm_example.c:91:48: warning: 'in' directive writing 2 bytes into a region of size 0 [-Wformat-overflow=]
         sprintf(lcd_text, "Disabled   %02d.%02din", (int)dist, (int)((dist - (int)dist) * 100));
                                                ^~
../src/xtmrctr_pwm_example.c:91:9: note: 'sprintf' output between 19 and 37 bytes into a destination of size 16
         sprintf(lcd_text, "Disabled   %02d.%02din", (int)dist, (int)((dist - (int)dist) * 100));
         ^~~~~~~~~~~~~~~~~~~~~~~~~~~~~~~~~~~~~~~~~~~~~~~~~~~~~~~~~~~~~~~~~~~~~~~~~~~~~~~~~~~~~~~
../src/xtmrctr_pwm_example.c:89:48: warning: 'in' directive writing 2 bytes into a region of size 0 [-Wformat-overflow=]
         sprintf(lcd_text, "Enabled    %02d.%02din", (int)dist, (int)((dist - (int)dist) * 100));
                                                ^~
../src/xtmrctr_pwm_example.c:89:9: note: 'sprintf' output between 19 and 37 bytes into a destination of size 16
         sprintf(lcd_text, "Enabled    %02d.%02din", (int)dist, (int)((dist - (int)dist) * 100));
         ^~~~~~~~~~~~~~~~~~~~~~~~~~~~~~~~~~~~~~~~~~~~~~~~~~~~~~~~~~~~~~~~~~~~~~~~~~~~~~~~~~~~~~~
make: *** [src/subdir.mk:23: src/xtmrctr_pwm_example.o] Error 1
12:11:02 **** Auto Build of configuration Debug for project standalone_bsp_0_xtmrctr_pwm_example_1 ****
make pre-build main-build 
a9-linaro-pre-build-step
' '
'Building file: ../src/xtmrctr_pwm_example.c'
'Invoking: ARM v7 gcc compiler'
arm-none-eabi-gcc -Wall -O0 -g3 -c -fmessage-length=0 -MT"src/xtmrctr_pwm_example.o" -mcpu=cortex-a9 -mfpu=vfpv3 -mfloat-abi=hard -I../../standalone_bsp_0/ps7_cortexa9_0/include -MMD -MP -MF"src/xtmrctr_pwm_example.d" -MT"src/xtmrctr_pwm_example.o" -o "src/xtmrctr_pwm_example.o" "../src/xtmrctr_pwm_example.c"
../src/xtmrctr_pwm_example.c: In function 'main':
../src/xtmrctr_pwm_example.c:377:10: warning: unused variable 'lcd_text' [-Wunused-variable]
     char lcd_text[16];
          ^~~~~~~~
../src/xtmrctr_pwm_example.c: In function 'update_lcd_line1_with_distance':
../src/xtmrctr_pwm_example.c:91:48: warning: 'in' directive writing 2 bytes into a region of size 0 [-Wformat-overflow=]
         sprintf(lcd_text, "Disabled   %02d.%02din", (int)dist, (int)((dist - (int)dist) * 100));
                                                ^~
../src/xtmrctr_pwm_example.c:91:9: note: 'sprintf' output between 19 and 37 bytes into a destination of size 16
         sprintf(lcd_text, "Disabled   %02d.%02din", (int)dist, (int)((dist - (int)dist) * 100));
         ^~~~~~~~~~~~~~~~~~~~~~~~~~~~~~~~~~~~~~~~~~~~~~~~~~~~~~~~~~~~~~~~~~~~~~~~~~~~~~~~~~~~~~~
../src/xtmrctr_pwm_example.c:89:48: warning: 'in' directive writing 2 bytes into a region of size 0 [-Wformat-overflow=]
         sprintf(lcd_text, "Enabled    %02d.%02din", (int)dist, (int)((dist - (int)dist) * 100));
                                                ^~
../src/xtmrctr_pwm_example.c:89:9: note: 'sprintf' output between 19 and 37 bytes into a destination of size 16
         sprintf(lcd_text, "Enabled    %02d.%02din", (int)dist, (int)((dist - (int)dist) * 100));
         ^~~~~~~~~~~~~~~~~~~~~~~~~~~~~~~~~~~~~~~~~~~~~~~~~~~~~~~~~~~~~~~~~~~~~~~~~~~~~~~~~~~~~~~
'Finished building: ../src/xtmrctr_pwm_example.c'
' '
'Building target: standalone_bsp_0_xtmrctr_pwm_example_1.elf'
'Invoking: ARM v7 gcc linker'
arm-none-eabi-gcc -mcpu=cortex-a9 -mfpu=vfpv3 -mfloat-abi=hard -Wl,-build-id=none -specs=Xilinx.spec -Wl,-T -Wl,../src/lscript.ld -L../../standalone_bsp_0/ps7_cortexa9_0/lib -o "standalone_bsp_0_xtmrctr_pwm_example_1.elf"  ./src/xtmrctr_pwm_example.o   -Wl,--start-group,-lxil,-lgcc,-lc,--end-group
'Finished building target: standalone_bsp_0_xtmrctr_pwm_example_1.elf'
' '
'Invoking: ARM v7 Print Size'
arm-none-eabi-size standalone_bsp_0_xtmrctr_pwm_example_1.elf  |tee "standalone_bsp_0_xtmrctr_pwm_example_1.elf.size"
   text	   data	    bss	    dec	    hex	filename
  72484	   3472	  23456	  99412	  18454	standalone_bsp_0_xtmrctr_pwm_example_1.elf
'Finished building: standalone_bsp_0_xtmrctr_pwm_example_1.elf.size'
' '
12:12:07 **** Auto Build of configuration Debug for project standalone_bsp_0_xtmrctr_pwm_example_1 ****
make pre-build main-build 
a9-linaro-pre-build-step
' '
'Building file: ../src/xtmrctr_pwm_example.c'
'Invoking: ARM v7 gcc compiler'
arm-none-eabi-gcc -Wall -O0 -g3 -c -fmessage-length=0 -MT"src/xtmrctr_pwm_example.o" -mcpu=cortex-a9 -mfpu=vfpv3 -mfloat-abi=hard -I../../standalone_bsp_0/ps7_cortexa9_0/include -MMD -MP -MF"src/xtmrctr_pwm_example.d" -MT"src/xtmrctr_pwm_example.o" -o "src/xtmrctr_pwm_example.o" "../src/xtmrctr_pwm_example.c"
../src/xtmrctr_pwm_example.c: In function 'main':
../src/xtmrctr_pwm_example.c:399:3: error: 'angle' undeclared (first use in this function)
   angle = ((RawData / 4095.0f) * 180.0f) - 90.0f;
   ^~~~~
../src/xtmrctr_pwm_example.c:399:3: note: each undeclared identifier is reported only once for each function it appears in
../src/xtmrctr_pwm_example.c:377:10: warning: unused variable 'lcd_text' [-Wunused-variable]
     char lcd_text[16];
          ^~~~~~~~
../src/xtmrctr_pwm_example.c: In function 'update_lcd_line1_with_distance':
../src/xtmrctr_pwm_example.c:91:48: warning: 'in' directive writing 2 bytes into a region of size 0 [-Wformat-overflow=]
         sprintf(lcd_text, "Disabled   %02d.%02din", (int)dist, (int)((dist - (int)dist) * 100));
                                                ^~
../src/xtmrctr_pwm_example.c:91:9: note: 'sprintf' output between 19 and 37 bytes into a destination of size 16
         sprintf(lcd_text, "Disabled   %02d.%02din", (int)dist, (int)((dist - (int)dist) * 100));
         ^~~~~~~~~~~~~~~~~~~~~~~~~~~~~~~~~~~~~~~~~~~~~~~~~~~~~~~~~~~~~~~~~~~~~~~~~~~~~~~~~~~~~~~
../src/xtmrctr_pwm_example.c:89:48: warning: 'in' directive writing 2 bytes into a region of size 0 [-Wformat-overflow=]
         sprintf(lcd_text, "Enabled    %02d.%02din", (int)dist, (int)((dist - (int)dist) * 100));
                                                ^~
../src/xtmrctr_pwm_example.c:89:9: note: 'sprintf' output between 19 and 37 bytes into a destination of size 16
         sprintf(lcd_text, "Enabled    %02d.%02din", (int)dist, (int)((dist - (int)dist) * 100));
         ^~~~~~~~~~~~~~~~~~~~~~~~~~~~~~~~~~~~~~~~~~~~~~~~~~~~~~~~~~~~~~~~~~~~~~~~~~~~~~~~~~~~~~~
make: *** [src/subdir.mk:23: src/xtmrctr_pwm_example.o] Error 1
12:12:16 **** Auto Build of configuration Debug for project standalone_bsp_0_xtmrctr_pwm_example_1 ****
make pre-build main-build 
a9-linaro-pre-build-step
' '
'Building file: ../src/xtmrctr_pwm_example.c'
'Invoking: ARM v7 gcc compiler'
arm-none-eabi-gcc -Wall -O0 -g3 -c -fmessage-length=0 -MT"src/xtmrctr_pwm_example.o" -mcpu=cortex-a9 -mfpu=vfpv3 -mfloat-abi=hard -I../../standalone_bsp_0/ps7_cortexa9_0/include -MMD -MP -MF"src/xtmrctr_pwm_example.d" -MT"src/xtmrctr_pwm_example.o" -o "src/xtmrctr_pwm_example.o" "../src/xtmrctr_pwm_example.c"
../src/xtmrctr_pwm_example.c: In function 'main':
../src/xtmrctr_pwm_example.c:377:10: warning: unused variable 'lcd_text' [-Wunused-variable]
     char lcd_text[16];
          ^~~~~~~~
../src/xtmrctr_pwm_example.c: In function 'update_lcd_line1_with_distance':
../src/xtmrctr_pwm_example.c:91:48: warning: 'in' directive writing 2 bytes into a region of size 0 [-Wformat-overflow=]
         sprintf(lcd_text, "Disabled   %02d.%02din", (int)dist, (int)((dist - (int)dist) * 100));
                                                ^~
../src/xtmrctr_pwm_example.c:91:9: note: 'sprintf' output between 19 and 37 bytes into a destination of size 16
         sprintf(lcd_text, "Disabled   %02d.%02din", (int)dist, (int)((dist - (int)dist) * 100));
         ^~~~~~~~~~~~~~~~~~~~~~~~~~~~~~~~~~~~~~~~~~~~~~~~~~~~~~~~~~~~~~~~~~~~~~~~~~~~~~~~~~~~~~~
../src/xtmrctr_pwm_example.c:89:48: warning: 'in' directive writing 2 bytes into a region of size 0 [-Wformat-overflow=]
         sprintf(lcd_text, "Enabled    %02d.%02din", (int)dist, (int)((dist - (int)dist) * 100));
                                                ^~
../src/xtmrctr_pwm_example.c:89:9: note: 'sprintf' output between 19 and 37 bytes into a destination of size 16
         sprintf(lcd_text, "Enabled    %02d.%02din", (int)dist, (int)((dist - (int)dist) * 100));
         ^~~~~~~~~~~~~~~~~~~~~~~~~~~~~~~~~~~~~~~~~~~~~~~~~~~~~~~~~~~~~~~~~~~~~~~~~~~~~~~~~~~~~~~
'Finished building: ../src/xtmrctr_pwm_example.c'
' '
'Building target: standalone_bsp_0_xtmrctr_pwm_example_1.elf'
'Invoking: ARM v7 gcc linker'
arm-none-eabi-gcc -mcpu=cortex-a9 -mfpu=vfpv3 -mfloat-abi=hard -Wl,-build-id=none -specs=Xilinx.spec -Wl,-T -Wl,../src/lscript.ld -L../../standalone_bsp_0/ps7_cortexa9_0/lib -o "standalone_bsp_0_xtmrctr_pwm_example_1.elf"  ./src/xtmrctr_pwm_example.o   -Wl,--start-group,-lxil,-lgcc,-lc,--end-group
'Finished building target: standalone_bsp_0_xtmrctr_pwm_example_1.elf'
' '
'Invoking: ARM v7 Print Size'
arm-none-eabi-size standalone_bsp_0_xtmrctr_pwm_example_1.elf  |tee "standalone_bsp_0_xtmrctr_pwm_example_1.elf.size"
   text	   data	    bss	    dec	    hex	filename
  72548	   3472	  23456	  99476	  18494	standalone_bsp_0_xtmrctr_pwm_example_1.elf
'Finished building: standalone_bsp_0_xtmrctr_pwm_example_1.elf.size'
' '
12:13:28 **** Incremental Build of configuration Debug for project standalone_bsp_0_xtmrctr_pwm_example_1 ****
make pre-build main-build 
a9-linaro-pre-build-step
' '
make: Nothing to be done for 'main-build'.
12:13:48 **** Auto Build of configuration Debug for project standalone_bsp_0_xtmrctr_pwm_example_1 ****
make pre-build main-build 
a9-linaro-pre-build-step
' '
'Building file: ../src/xtmrctr_pwm_example.c'
'Invoking: ARM v7 gcc compiler'
arm-none-eabi-gcc -Wall -O0 -g3 -c -fmessage-length=0 -MT"src/xtmrctr_pwm_example.o" -mcpu=cortex-a9 -mfpu=vfpv3 -mfloat-abi=hard -I../../standalone_bsp_0/ps7_cortexa9_0/include -MMD -MP -MF"src/xtmrctr_pwm_example.d" -MT"src/xtmrctr_pwm_example.o" -o "src/xtmrctr_pwm_example.o" "../src/xtmrctr_pwm_example.c"
../src/xtmrctr_pwm_example.c: In function 'main':
../src/xtmrctr_pwm_example.c:377:10: warning: unused variable 'lcd_text' [-Wunused-variable]
     char lcd_text[16];
          ^~~~~~~~
../src/xtmrctr_pwm_example.c: In function 'update_lcd_line1_with_distance':
../src/xtmrctr_pwm_example.c:91:48: warning: 'in' directive writing 2 bytes into a region of size 0 [-Wformat-overflow=]
         sprintf(lcd_text, "Disabled   %02d.%02din", (int)dist, (int)((dist - (int)dist) * 100));
                                                ^~
../src/xtmrctr_pwm_example.c:91:9: note: 'sprintf' output between 19 and 37 bytes into a destination of size 16
         sprintf(lcd_text, "Disabled   %02d.%02din", (int)dist, (int)((dist - (int)dist) * 100));
         ^~~~~~~~~~~~~~~~~~~~~~~~~~~~~~~~~~~~~~~~~~~~~~~~~~~~~~~~~~~~~~~~~~~~~~~~~~~~~~~~~~~~~~~
../src/xtmrctr_pwm_example.c:89:48: warning: 'in' directive writing 2 bytes into a region of size 0 [-Wformat-overflow=]
         sprintf(lcd_text, "Enabled    %02d.%02din", (int)dist, (int)((dist - (int)dist) * 100));
                                                ^~
../src/xtmrctr_pwm_example.c:89:9: note: 'sprintf' output between 19 and 37 bytes into a destination of size 16
         sprintf(lcd_text, "Enabled    %02d.%02din", (int)dist, (int)((dist - (int)dist) * 100));
         ^~~~~~~~~~~~~~~~~~~~~~~~~~~~~~~~~~~~~~~~~~~~~~~~~~~~~~~~~~~~~~~~~~~~~~~~~~~~~~~~~~~~~~~
'Finished building: ../src/xtmrctr_pwm_example.c'
' '
'Building target: standalone_bsp_0_xtmrctr_pwm_example_1.elf'
'Invoking: ARM v7 gcc linker'
arm-none-eabi-gcc -mcpu=cortex-a9 -mfpu=vfpv3 -mfloat-abi=hard -Wl,-build-id=none -specs=Xilinx.spec -Wl,-T -Wl,../src/lscript.ld -L../../standalone_bsp_0/ps7_cortexa9_0/lib -o "standalone_bsp_0_xtmrctr_pwm_example_1.elf"  ./src/xtmrctr_pwm_example.o   -Wl,--start-group,-lxil,-lgcc,-lc,--end-group
'Finished building target: standalone_bsp_0_xtmrctr_pwm_example_1.elf'
' '
'Invoking: ARM v7 Print Size'
arm-none-eabi-size standalone_bsp_0_xtmrctr_pwm_example_1.elf  |tee "standalone_bsp_0_xtmrctr_pwm_example_1.elf.size"
   text	   data	    bss	    dec	    hex	filename
  70560	   3472	  23456	  97488	  17cd0	standalone_bsp_0_xtmrctr_pwm_example_1.elf
'Finished building: standalone_bsp_0_xtmrctr_pwm_example_1.elf.size'
' '
12:14:21 **** Auto Build of configuration Debug for project standalone_bsp_0_xtmrctr_pwm_example_1 ****
make pre-build main-build 
a9-linaro-pre-build-step
' '
'Building file: ../src/xtmrctr_pwm_example.c'
'Invoking: ARM v7 gcc compiler'
arm-none-eabi-gcc -Wall -O0 -g3 -c -fmessage-length=0 -MT"src/xtmrctr_pwm_example.o" -mcpu=cortex-a9 -mfpu=vfpv3 -mfloat-abi=hard -I../../standalone_bsp_0/ps7_cortexa9_0/include -MMD -MP -MF"src/xtmrctr_pwm_example.d" -MT"src/xtmrctr_pwm_example.o" -o "src/xtmrctr_pwm_example.o" "../src/xtmrctr_pwm_example.c"
../src/xtmrctr_pwm_example.c: In function 'main':
../src/xtmrctr_pwm_example.c:401:32: error: expected ';' before 'update_servo_pwm'
   xil_printf("Angle: %u",angle)
                                ^
                                ;
../src/xtmrctr_pwm_example.c:403:3:
   update_servo_pwm(angle);
   ~~~~~~~~~~~~~~~~              
../src/xtmrctr_pwm_example.c:377:10: warning: unused variable 'lcd_text' [-Wunused-variable]
     char lcd_text[16];
          ^~~~~~~~
../src/xtmrctr_pwm_example.c: In function 'update_lcd_line1_with_distance':
../src/xtmrctr_pwm_example.c:91:48: warning: 'in' directive writing 2 bytes into a region of size 0 [-Wformat-overflow=]
         sprintf(lcd_text, "Disabled   %02d.%02din", (int)dist, (int)((dist - (int)dist) * 100));
                                                ^~
../src/xtmrctr_pwm_example.c:91:9: note: 'sprintf' output between 19 and 37 bytes into a destination of size 16
         sprintf(lcd_text, "Disabled   %02d.%02din", (int)dist, (int)((dist - (int)dist) * 100));
         ^~~~~~~~~~~~~~~~~~~~~~~~~~~~~~~~~~~~~~~~~~~~~~~~~~~~~~~~~~~~~~~~~~~~~~~~~~~~~~~~~~~~~~~
../src/xtmrctr_pwm_example.c:89:48: warning: 'in' directive writing 2 bytes into a region of size 0 [-Wformat-overflow=]
         sprintf(lcd_text, "Enabled    %02d.%02din", (int)dist, (int)((dist - (int)dist) * 100));
                                                ^~
../src/xtmrctr_pwm_example.c:89:9: note: 'sprintf' output between 19 and 37 bytes into a destination of size 16
         sprintf(lcd_text, "Enabled    %02d.%02din", (int)dist, (int)((dist - (int)dist) * 100));
         ^~~~~~~~~~~~~~~~~~~~~~~~~~~~~~~~~~~~~~~~~~~~~~~~~~~~~~~~~~~~~~~~~~~~~~~~~~~~~~~~~~~~~~~
make: *** [src/subdir.mk:23: src/xtmrctr_pwm_example.o] Error 1
12:14:24 **** Auto Build of configuration Debug for project standalone_bsp_0_xtmrctr_pwm_example_1 ****
make pre-build main-build 
a9-linaro-pre-build-step
' '
'Building file: ../src/xtmrctr_pwm_example.c'
'Invoking: ARM v7 gcc compiler'
arm-none-eabi-gcc -Wall -O0 -g3 -c -fmessage-length=0 -MT"src/xtmrctr_pwm_example.o" -mcpu=cortex-a9 -mfpu=vfpv3 -mfloat-abi=hard -I../../standalone_bsp_0/ps7_cortexa9_0/include -MMD -MP -MF"src/xtmrctr_pwm_example.d" -MT"src/xtmrctr_pwm_example.o" -o "src/xtmrctr_pwm_example.o" "../src/xtmrctr_pwm_example.c"
../src/xtmrctr_pwm_example.c: In function 'main':
../src/xtmrctr_pwm_example.c:377:10: warning: unused variable 'lcd_text' [-Wunused-variable]
     char lcd_text[16];
          ^~~~~~~~
../src/xtmrctr_pwm_example.c: In function 'update_lcd_line1_with_distance':
../src/xtmrctr_pwm_example.c:91:48: warning: 'in' directive writing 2 bytes into a region of size 0 [-Wformat-overflow=]
         sprintf(lcd_text, "Disabled   %02d.%02din", (int)dist, (int)((dist - (int)dist) * 100));
                                                ^~
../src/xtmrctr_pwm_example.c:91:9: note: 'sprintf' output between 19 and 37 bytes into a destination of size 16
         sprintf(lcd_text, "Disabled   %02d.%02din", (int)dist, (int)((dist - (int)dist) * 100));
         ^~~~~~~~~~~~~~~~~~~~~~~~~~~~~~~~~~~~~~~~~~~~~~~~~~~~~~~~~~~~~~~~~~~~~~~~~~~~~~~~~~~~~~~
../src/xtmrctr_pwm_example.c:89:48: warning: 'in' directive writing 2 bytes into a region of size 0 [-Wformat-overflow=]
         sprintf(lcd_text, "Enabled    %02d.%02din", (int)dist, (int)((dist - (int)dist) * 100));
                                                ^~
../src/xtmrctr_pwm_example.c:89:9: note: 'sprintf' output between 19 and 37 bytes into a destination of size 16
         sprintf(lcd_text, "Enabled    %02d.%02din", (int)dist, (int)((dist - (int)dist) * 100));
         ^~~~~~~~~~~~~~~~~~~~~~~~~~~~~~~~~~~~~~~~~~~~~~~~~~~~~~~~~~~~~~~~~~~~~~~~~~~~~~~~~~~~~~~
'Finished building: ../src/xtmrctr_pwm_example.c'
' '
'Building target: standalone_bsp_0_xtmrctr_pwm_example_1.elf'
'Invoking: ARM v7 gcc linker'
arm-none-eabi-gcc -mcpu=cortex-a9 -mfpu=vfpv3 -mfloat-abi=hard -Wl,-build-id=none -specs=Xilinx.spec -Wl,-T -Wl,../src/lscript.ld -L../../standalone_bsp_0/ps7_cortexa9_0/lib -o "standalone_bsp_0_xtmrctr_pwm_example_1.elf"  ./src/xtmrctr_pwm_example.o   -Wl,--start-group,-lxil,-lgcc,-lc,--end-group
'Finished building target: standalone_bsp_0_xtmrctr_pwm_example_1.elf'
' '
'Invoking: ARM v7 Print Size'
arm-none-eabi-size standalone_bsp_0_xtmrctr_pwm_example_1.elf  |tee "standalone_bsp_0_xtmrctr_pwm_example_1.elf.size"
   text	   data	    bss	    dec	    hex	filename
  72468	   3472	  23456	  99396	  18444	standalone_bsp_0_xtmrctr_pwm_example_1.elf
'Finished building: standalone_bsp_0_xtmrctr_pwm_example_1.elf.size'
' '
12:14:49 **** Incremental Build of configuration Debug for project standalone_bsp_0_xtmrctr_pwm_example_1 ****
make pre-build main-build 
a9-linaro-pre-build-step
' '
make: Nothing to be done for 'main-build'.
12:15:18 **** Auto Build of configuration Debug for project standalone_bsp_0_xtmrctr_pwm_example_1 ****
make pre-build main-build 
a9-linaro-pre-build-step
' '
'Building file: ../src/xtmrctr_pwm_example.c'
'Invoking: ARM v7 gcc compiler'
arm-none-eabi-gcc -Wall -O0 -g3 -c -fmessage-length=0 -MT"src/xtmrctr_pwm_example.o" -mcpu=cortex-a9 -mfpu=vfpv3 -mfloat-abi=hard -I../../standalone_bsp_0/ps7_cortexa9_0/include -MMD -MP -MF"src/xtmrctr_pwm_example.d" -MT"src/xtmrctr_pwm_example.o" -o "src/xtmrctr_pwm_example.o" "../src/xtmrctr_pwm_example.c"
../src/xtmrctr_pwm_example.c: In function 'main':
../src/xtmrctr_pwm_example.c:377:10: warning: unused variable 'lcd_text' [-Wunused-variable]
     char lcd_text[16];
          ^~~~~~~~
../src/xtmrctr_pwm_example.c: In function 'update_lcd_line1_with_distance':
../src/xtmrctr_pwm_example.c:91:48: warning: 'in' directive writing 2 bytes into a region of size 0 [-Wformat-overflow=]
         sprintf(lcd_text, "Disabled   %02d.%02din", (int)dist, (int)((dist - (int)dist) * 100));
                                                ^~
../src/xtmrctr_pwm_example.c:91:9: note: 'sprintf' output between 19 and 37 bytes into a destination of size 16
         sprintf(lcd_text, "Disabled   %02d.%02din", (int)dist, (int)((dist - (int)dist) * 100));
         ^~~~~~~~~~~~~~~~~~~~~~~~~~~~~~~~~~~~~~~~~~~~~~~~~~~~~~~~~~~~~~~~~~~~~~~~~~~~~~~~~~~~~~~
../src/xtmrctr_pwm_example.c:89:48: warning: 'in' directive writing 2 bytes into a region of size 0 [-Wformat-overflow=]
         sprintf(lcd_text, "Enabled    %02d.%02din", (int)dist, (int)((dist - (int)dist) * 100));
                                                ^~
../src/xtmrctr_pwm_example.c:89:9: note: 'sprintf' output between 19 and 37 bytes into a destination of size 16
         sprintf(lcd_text, "Enabled    %02d.%02din", (int)dist, (int)((dist - (int)dist) * 100));
         ^~~~~~~~~~~~~~~~~~~~~~~~~~~~~~~~~~~~~~~~~~~~~~~~~~~~~~~~~~~~~~~~~~~~~~~~~~~~~~~~~~~~~~~
'Finished building: ../src/xtmrctr_pwm_example.c'
' '
'Building target: standalone_bsp_0_xtmrctr_pwm_example_1.elf'
'Invoking: ARM v7 gcc linker'
arm-none-eabi-gcc -mcpu=cortex-a9 -mfpu=vfpv3 -mfloat-abi=hard -Wl,-build-id=none -specs=Xilinx.spec -Wl,-T -Wl,../src/lscript.ld -L../../standalone_bsp_0/ps7_cortexa9_0/lib -o "standalone_bsp_0_xtmrctr_pwm_example_1.elf"  ./src/xtmrctr_pwm_example.o   -Wl,--start-group,-lxil,-lgcc,-lc,--end-group
'Finished building target: standalone_bsp_0_xtmrctr_pwm_example_1.elf'
' '
'Invoking: ARM v7 Print Size'
arm-none-eabi-size standalone_bsp_0_xtmrctr_pwm_example_1.elf  |tee "standalone_bsp_0_xtmrctr_pwm_example_1.elf.size"
   text	   data	    bss	    dec	    hex	filename
  72468	   3472	  23456	  99396	  18444	standalone_bsp_0_xtmrctr_pwm_example_1.elf
'Finished building: standalone_bsp_0_xtmrctr_pwm_example_1.elf.size'
' '
12:15:29 **** Incremental Build of configuration Debug for project standalone_bsp_0_xtmrctr_pwm_example_1 ****
make pre-build main-build 
a9-linaro-pre-build-step
' '
make: Nothing to be done for 'main-build'.
12:16:41 **** Auto Build of configuration Debug for project standalone_bsp_0_xtmrctr_pwm_example_1 ****
make pre-build main-build 
a9-linaro-pre-build-step
' '
'Building file: ../src/xtmrctr_pwm_example.c'
'Invoking: ARM v7 gcc compiler'
arm-none-eabi-gcc -Wall -O0 -g3 -c -fmessage-length=0 -MT"src/xtmrctr_pwm_example.o" -mcpu=cortex-a9 -mfpu=vfpv3 -mfloat-abi=hard -I../../standalone_bsp_0/ps7_cortexa9_0/include -MMD -MP -MF"src/xtmrctr_pwm_example.d" -MT"src/xtmrctr_pwm_example.o" -o "src/xtmrctr_pwm_example.o" "../src/xtmrctr_pwm_example.c"
../src/xtmrctr_pwm_example.c: In function 'main':
../src/xtmrctr_pwm_example.c:377:10: warning: unused variable 'lcd_text' [-Wunused-variable]
     char lcd_text[16];
          ^~~~~~~~
../src/xtmrctr_pwm_example.c: In function 'update_lcd_line1_with_distance':
../src/xtmrctr_pwm_example.c:91:48: warning: 'in' directive writing 2 bytes into a region of size 0 [-Wformat-overflow=]
         sprintf(lcd_text, "Disabled   %02d.%02din", (int)dist, (int)((dist - (int)dist) * 100));
                                                ^~
../src/xtmrctr_pwm_example.c:91:9: note: 'sprintf' output between 19 and 37 bytes into a destination of size 16
         sprintf(lcd_text, "Disabled   %02d.%02din", (int)dist, (int)((dist - (int)dist) * 100));
         ^~~~~~~~~~~~~~~~~~~~~~~~~~~~~~~~~~~~~~~~~~~~~~~~~~~~~~~~~~~~~~~~~~~~~~~~~~~~~~~~~~~~~~~
../src/xtmrctr_pwm_example.c:89:48: warning: 'in' directive writing 2 bytes into a region of size 0 [-Wformat-overflow=]
         sprintf(lcd_text, "Enabled    %02d.%02din", (int)dist, (int)((dist - (int)dist) * 100));
                                                ^~
../src/xtmrctr_pwm_example.c:89:9: note: 'sprintf' output between 19 and 37 bytes into a destination of size 16
         sprintf(lcd_text, "Enabled    %02d.%02din", (int)dist, (int)((dist - (int)dist) * 100));
         ^~~~~~~~~~~~~~~~~~~~~~~~~~~~~~~~~~~~~~~~~~~~~~~~~~~~~~~~~~~~~~~~~~~~~~~~~~~~~~~~~~~~~~~
'Finished building: ../src/xtmrctr_pwm_example.c'
' '
'Building target: standalone_bsp_0_xtmrctr_pwm_example_1.elf'
'Invoking: ARM v7 gcc linker'
arm-none-eabi-gcc -mcpu=cortex-a9 -mfpu=vfpv3 -mfloat-abi=hard -Wl,-build-id=none -specs=Xilinx.spec -Wl,-T -Wl,../src/lscript.ld -L../../standalone_bsp_0/ps7_cortexa9_0/lib -o "standalone_bsp_0_xtmrctr_pwm_example_1.elf"  ./src/xtmrctr_pwm_example.o   -Wl,--start-group,-lxil,-lgcc,-lc,--end-group
'Finished building target: standalone_bsp_0_xtmrctr_pwm_example_1.elf'
' '
'Invoking: ARM v7 Print Size'
arm-none-eabi-size standalone_bsp_0_xtmrctr_pwm_example_1.elf  |tee "standalone_bsp_0_xtmrctr_pwm_example_1.elf.size"
   text	   data	    bss	    dec	    hex	filename
  72468	   3472	  23456	  99396	  18444	standalone_bsp_0_xtmrctr_pwm_example_1.elf
'Finished building: standalone_bsp_0_xtmrctr_pwm_example_1.elf.size'
' '
12:16:45 **** Incremental Build of configuration Debug for project standalone_bsp_0_xtmrctr_pwm_example_1 ****
make pre-build main-build 
a9-linaro-pre-build-step
' '
make: Nothing to be done for 'main-build'.
12:18:08 **** Auto Build of configuration Debug for project standalone_bsp_0_xtmrctr_pwm_example_1 ****
make pre-build main-build 
a9-linaro-pre-build-step
' '
'Building file: ../src/xtmrctr_pwm_example.c'
'Invoking: ARM v7 gcc compiler'
arm-none-eabi-gcc -Wall -O0 -g3 -c -fmessage-length=0 -MT"src/xtmrctr_pwm_example.o" -mcpu=cortex-a9 -mfpu=vfpv3 -mfloat-abi=hard -I../../standalone_bsp_0/ps7_cortexa9_0/include -MMD -MP -MF"src/xtmrctr_pwm_example.d" -MT"src/xtmrctr_pwm_example.o" -o "src/xtmrctr_pwm_example.o" "../src/xtmrctr_pwm_example.c"
../src/xtmrctr_pwm_example.c: In function 'main':
../src/xtmrctr_pwm_example.c:377:10: warning: unused variable 'lcd_text' [-Wunused-variable]
     char lcd_text[16];
          ^~~~~~~~
../src/xtmrctr_pwm_example.c: In function 'update_lcd_line1_with_distance':
../src/xtmrctr_pwm_example.c:91:48: warning: 'in' directive writing 2 bytes into a region of size 0 [-Wformat-overflow=]
         sprintf(lcd_text, "Disabled   %02d.%02din", (int)dist, (int)((dist - (int)dist) * 100));
                                                ^~
../src/xtmrctr_pwm_example.c:91:9: note: 'sprintf' output between 19 and 37 bytes into a destination of size 16
         sprintf(lcd_text, "Disabled   %02d.%02din", (int)dist, (int)((dist - (int)dist) * 100));
         ^~~~~~~~~~~~~~~~~~~~~~~~~~~~~~~~~~~~~~~~~~~~~~~~~~~~~~~~~~~~~~~~~~~~~~~~~~~~~~~~~~~~~~~
../src/xtmrctr_pwm_example.c:89:48: warning: 'in' directive writing 2 bytes into a region of size 0 [-Wformat-overflow=]
         sprintf(lcd_text, "Enabled    %02d.%02din", (int)dist, (int)((dist - (int)dist) * 100));
                                                ^~
../src/xtmrctr_pwm_example.c:89:9: note: 'sprintf' output between 19 and 37 bytes into a destination of size 16
         sprintf(lcd_text, "Enabled    %02d.%02din", (int)dist, (int)((dist - (int)dist) * 100));
         ^~~~~~~~~~~~~~~~~~~~~~~~~~~~~~~~~~~~~~~~~~~~~~~~~~~~~~~~~~~~~~~~~~~~~~~~~~~~~~~~~~~~~~~
'Finished building: ../src/xtmrctr_pwm_example.c'
' '
'Building target: standalone_bsp_0_xtmrctr_pwm_example_1.elf'
'Invoking: ARM v7 gcc linker'
arm-none-eabi-gcc -mcpu=cortex-a9 -mfpu=vfpv3 -mfloat-abi=hard -Wl,-build-id=none -specs=Xilinx.spec -Wl,-T -Wl,../src/lscript.ld -L../../standalone_bsp_0/ps7_cortexa9_0/lib -o "standalone_bsp_0_xtmrctr_pwm_example_1.elf"  ./src/xtmrctr_pwm_example.o   -Wl,--start-group,-lxil,-lgcc,-lc,--end-group
'Finished building target: standalone_bsp_0_xtmrctr_pwm_example_1.elf'
' '
'Invoking: ARM v7 Print Size'
arm-none-eabi-size standalone_bsp_0_xtmrctr_pwm_example_1.elf  |tee "standalone_bsp_0_xtmrctr_pwm_example_1.elf.size"
   text	   data	    bss	    dec	    hex	filename
  72532	   3472	  23456	  99460	  18484	standalone_bsp_0_xtmrctr_pwm_example_1.elf
'Finished building: standalone_bsp_0_xtmrctr_pwm_example_1.elf.size'
' '
12:18:11 **** Incremental Build of configuration Debug for project standalone_bsp_0_xtmrctr_pwm_example_1 ****
make pre-build main-build 
a9-linaro-pre-build-step
' '
make: Nothing to be done for 'main-build'.
12:19:16 **** Auto Build of configuration Debug for project standalone_bsp_0_xtmrctr_pwm_example_1 ****
make pre-build main-build 
a9-linaro-pre-build-step
' '
'Building file: ../src/xtmrctr_pwm_example.c'
'Invoking: ARM v7 gcc compiler'
arm-none-eabi-gcc -Wall -O0 -g3 -c -fmessage-length=0 -MT"src/xtmrctr_pwm_example.o" -mcpu=cortex-a9 -mfpu=vfpv3 -mfloat-abi=hard -I../../standalone_bsp_0/ps7_cortexa9_0/include -MMD -MP -MF"src/xtmrctr_pwm_example.d" -MT"src/xtmrctr_pwm_example.o" -o "src/xtmrctr_pwm_example.o" "../src/xtmrctr_pwm_example.c"
../src/xtmrctr_pwm_example.c: In function 'main':
../src/xtmrctr_pwm_example.c:377:10: warning: unused variable 'lcd_text' [-Wunused-variable]
     char lcd_text[16];
          ^~~~~~~~
../src/xtmrctr_pwm_example.c: In function 'update_lcd_line1_with_distance':
../src/xtmrctr_pwm_example.c:91:48: warning: 'in' directive writing 2 bytes into a region of size 0 [-Wformat-overflow=]
         sprintf(lcd_text, "Disabled   %02d.%02din", (int)dist, (int)((dist - (int)dist) * 100));
                                                ^~
../src/xtmrctr_pwm_example.c:91:9: note: 'sprintf' output between 19 and 37 bytes into a destination of size 16
         sprintf(lcd_text, "Disabled   %02d.%02din", (int)dist, (int)((dist - (int)dist) * 100));
         ^~~~~~~~~~~~~~~~~~~~~~~~~~~~~~~~~~~~~~~~~~~~~~~~~~~~~~~~~~~~~~~~~~~~~~~~~~~~~~~~~~~~~~~
../src/xtmrctr_pwm_example.c:89:48: warning: 'in' directive writing 2 bytes into a region of size 0 [-Wformat-overflow=]
         sprintf(lcd_text, "Enabled    %02d.%02din", (int)dist, (int)((dist - (int)dist) * 100));
                                                ^~
../src/xtmrctr_pwm_example.c:89:9: note: 'sprintf' output between 19 and 37 bytes into a destination of size 16
         sprintf(lcd_text, "Enabled    %02d.%02din", (int)dist, (int)((dist - (int)dist) * 100));
         ^~~~~~~~~~~~~~~~~~~~~~~~~~~~~~~~~~~~~~~~~~~~~~~~~~~~~~~~~~~~~~~~~~~~~~~~~~~~~~~~~~~~~~~
'Finished building: ../src/xtmrctr_pwm_example.c'
' '
'Building target: standalone_bsp_0_xtmrctr_pwm_example_1.elf'
'Invoking: ARM v7 gcc linker'
arm-none-eabi-gcc -mcpu=cortex-a9 -mfpu=vfpv3 -mfloat-abi=hard -Wl,-build-id=none -specs=Xilinx.spec -Wl,-T -Wl,../src/lscript.ld -L../../standalone_bsp_0/ps7_cortexa9_0/lib -o "standalone_bsp_0_xtmrctr_pwm_example_1.elf"  ./src/xtmrctr_pwm_example.o   -Wl,--start-group,-lxil,-lgcc,-lc,--end-group
'Finished building target: standalone_bsp_0_xtmrctr_pwm_example_1.elf'
' '
'Invoking: ARM v7 Print Size'
arm-none-eabi-size standalone_bsp_0_xtmrctr_pwm_example_1.elf  |tee "standalone_bsp_0_xtmrctr_pwm_example_1.elf.size"
   text	   data	    bss	    dec	    hex	filename
  86748	   3472	  23456	 113676	  1bc0c	standalone_bsp_0_xtmrctr_pwm_example_1.elf
'Finished building: standalone_bsp_0_xtmrctr_pwm_example_1.elf.size'
' '
12:19:20 **** Incremental Build of configuration Debug for project standalone_bsp_0_xtmrctr_pwm_example_1 ****
make pre-build main-build 
a9-linaro-pre-build-step
' '
make: Nothing to be done for 'main-build'.
12:20:14 **** Auto Build of configuration Debug for project standalone_bsp_0_xtmrctr_pwm_example_1 ****
make pre-build main-build 
a9-linaro-pre-build-step
' '
'Building file: ../src/xtmrctr_pwm_example.c'
'Invoking: ARM v7 gcc compiler'
arm-none-eabi-gcc -Wall -O0 -g3 -c -fmessage-length=0 -MT"src/xtmrctr_pwm_example.o" -mcpu=cortex-a9 -mfpu=vfpv3 -mfloat-abi=hard -I../../standalone_bsp_0/ps7_cortexa9_0/include -MMD -MP -MF"src/xtmrctr_pwm_example.d" -MT"src/xtmrctr_pwm_example.o" -o "src/xtmrctr_pwm_example.o" "../src/xtmrctr_pwm_example.c"
../src/xtmrctr_pwm_example.c: In function 'main':
../src/xtmrctr_pwm_example.c:377:10: warning: unused variable 'lcd_text' [-Wunused-variable]
     char lcd_text[16];
          ^~~~~~~~
../src/xtmrctr_pwm_example.c: In function 'update_lcd_line1_with_distance':
../src/xtmrctr_pwm_example.c:91:48: warning: 'in' directive writing 2 bytes into a region of size 0 [-Wformat-overflow=]
         sprintf(lcd_text, "Disabled   %02d.%02din", (int)dist, (int)((dist - (int)dist) * 100));
                                                ^~
../src/xtmrctr_pwm_example.c:91:9: note: 'sprintf' output between 19 and 37 bytes into a destination of size 16
         sprintf(lcd_text, "Disabled   %02d.%02din", (int)dist, (int)((dist - (int)dist) * 100));
         ^~~~~~~~~~~~~~~~~~~~~~~~~~~~~~~~~~~~~~~~~~~~~~~~~~~~~~~~~~~~~~~~~~~~~~~~~~~~~~~~~~~~~~~
../src/xtmrctr_pwm_example.c:89:48: warning: 'in' directive writing 2 bytes into a region of size 0 [-Wformat-overflow=]
         sprintf(lcd_text, "Enabled    %02d.%02din", (int)dist, (int)((dist - (int)dist) * 100));
                                                ^~
../src/xtmrctr_pwm_example.c:89:9: note: 'sprintf' output between 19 and 37 bytes into a destination of size 16
         sprintf(lcd_text, "Enabled    %02d.%02din", (int)dist, (int)((dist - (int)dist) * 100));
         ^~~~~~~~~~~~~~~~~~~~~~~~~~~~~~~~~~~~~~~~~~~~~~~~~~~~~~~~~~~~~~~~~~~~~~~~~~~~~~~~~~~~~~~
'Finished building: ../src/xtmrctr_pwm_example.c'
' '
'Building target: standalone_bsp_0_xtmrctr_pwm_example_1.elf'
'Invoking: ARM v7 gcc linker'
arm-none-eabi-gcc -mcpu=cortex-a9 -mfpu=vfpv3 -mfloat-abi=hard -Wl,-build-id=none -specs=Xilinx.spec -Wl,-T -Wl,../src/lscript.ld -L../../standalone_bsp_0/ps7_cortexa9_0/lib -o "standalone_bsp_0_xtmrctr_pwm_example_1.elf"  ./src/xtmrctr_pwm_example.o   -Wl,--start-group,-lxil,-lgcc,-lc,--end-group
'Finished building target: standalone_bsp_0_xtmrctr_pwm_example_1.elf'
' '
'Invoking: ARM v7 Print Size'
arm-none-eabi-size standalone_bsp_0_xtmrctr_pwm_example_1.elf  |tee "standalone_bsp_0_xtmrctr_pwm_example_1.elf.size"
   text	   data	    bss	    dec	    hex	filename
  86748	   3472	  23456	 113676	  1bc0c	standalone_bsp_0_xtmrctr_pwm_example_1.elf
'Finished building: standalone_bsp_0_xtmrctr_pwm_example_1.elf.size'
' '
12:20:34 **** Auto Build of configuration Debug for project standalone_bsp_0_xtmrctr_pwm_example_1 ****
make pre-build main-build 
a9-linaro-pre-build-step
' '
'Building file: ../src/xtmrctr_pwm_example.c'
'Invoking: ARM v7 gcc compiler'
arm-none-eabi-gcc -Wall -O0 -g3 -c -fmessage-length=0 -MT"src/xtmrctr_pwm_example.o" -mcpu=cortex-a9 -mfpu=vfpv3 -mfloat-abi=hard -I../../standalone_bsp_0/ps7_cortexa9_0/include -MMD -MP -MF"src/xtmrctr_pwm_example.d" -MT"src/xtmrctr_pwm_example.o" -o "src/xtmrctr_pwm_example.o" "../src/xtmrctr_pwm_example.c"
../src/xtmrctr_pwm_example.c: In function 'main':
../src/xtmrctr_pwm_example.c:377:10: warning: unused variable 'lcd_text' [-Wunused-variable]
     char lcd_text[16];
          ^~~~~~~~
../src/xtmrctr_pwm_example.c: In function 'update_lcd_line1_with_distance':
../src/xtmrctr_pwm_example.c:91:48: warning: 'in' directive writing 2 bytes into a region of size 0 [-Wformat-overflow=]
         sprintf(lcd_text, "Disabled   %02d.%02din", (int)dist, (int)((dist - (int)dist) * 100));
                                                ^~
../src/xtmrctr_pwm_example.c:91:9: note: 'sprintf' output between 19 and 37 bytes into a destination of size 16
         sprintf(lcd_text, "Disabled   %02d.%02din", (int)dist, (int)((dist - (int)dist) * 100));
         ^~~~~~~~~~~~~~~~~~~~~~~~~~~~~~~~~~~~~~~~~~~~~~~~~~~~~~~~~~~~~~~~~~~~~~~~~~~~~~~~~~~~~~~
../src/xtmrctr_pwm_example.c:89:48: warning: 'in' directive writing 2 bytes into a region of size 0 [-Wformat-overflow=]
         sprintf(lcd_text, "Enabled    %02d.%02din", (int)dist, (int)((dist - (int)dist) * 100));
                                                ^~
../src/xtmrctr_pwm_example.c:89:9: note: 'sprintf' output between 19 and 37 bytes into a destination of size 16
         sprintf(lcd_text, "Enabled    %02d.%02din", (int)dist, (int)((dist - (int)dist) * 100));
         ^~~~~~~~~~~~~~~~~~~~~~~~~~~~~~~~~~~~~~~~~~~~~~~~~~~~~~~~~~~~~~~~~~~~~~~~~~~~~~~~~~~~~~~
'Finished building: ../src/xtmrctr_pwm_example.c'
' '
'Building target: standalone_bsp_0_xtmrctr_pwm_example_1.elf'
'Invoking: ARM v7 gcc linker'
arm-none-eabi-gcc -mcpu=cortex-a9 -mfpu=vfpv3 -mfloat-abi=hard -Wl,-build-id=none -specs=Xilinx.spec -Wl,-T -Wl,../src/lscript.ld -L../../standalone_bsp_0/ps7_cortexa9_0/lib -o "standalone_bsp_0_xtmrctr_pwm_example_1.elf"  ./src/xtmrctr_pwm_example.o   -Wl,--start-group,-lxil,-lgcc,-lc,--end-group
'Finished building target: standalone_bsp_0_xtmrctr_pwm_example_1.elf'
' '
'Invoking: ARM v7 Print Size'
arm-none-eabi-size standalone_bsp_0_xtmrctr_pwm_example_1.elf  |tee "standalone_bsp_0_xtmrctr_pwm_example_1.elf.size"
   text	   data	    bss	    dec	    hex	filename
  70560	   3472	  23456	  97488	  17cd0	standalone_bsp_0_xtmrctr_pwm_example_1.elf
'Finished building: standalone_bsp_0_xtmrctr_pwm_example_1.elf.size'
' '
12:20:58 **** Incremental Build of configuration Debug for project standalone_bsp_0_xtmrctr_pwm_example_1 ****
make pre-build main-build 
a9-linaro-pre-build-step
' '
make: Nothing to be done for 'main-build'.
12:27:06 **** Auto Build of configuration Debug for project standalone_bsp_0_xtmrctr_pwm_example_1 ****
make pre-build main-build 
a9-linaro-pre-build-step
' '
'Building file: ../src/xtmrctr_pwm_example.c'
'Invoking: ARM v7 gcc compiler'
arm-none-eabi-gcc -Wall -O0 -g3 -c -fmessage-length=0 -MT"src/xtmrctr_pwm_example.o" -mcpu=cortex-a9 -mfpu=vfpv3 -mfloat-abi=hard -I../../standalone_bsp_0/ps7_cortexa9_0/include -MMD -MP -MF"src/xtmrctr_pwm_example.d" -MT"src/xtmrctr_pwm_example.o" -o "src/xtmrctr_pwm_example.o" "../src/xtmrctr_pwm_example.c"
../src/xtmrctr_pwm_example.c: In function 'main':
../src/xtmrctr_pwm_example.c:377:10: warning: unused variable 'lcd_text' [-Wunused-variable]
     char lcd_text[16];
          ^~~~~~~~
../src/xtmrctr_pwm_example.c: In function 'update_lcd_line1_with_distance':
../src/xtmrctr_pwm_example.c:91:48: warning: 'in' directive writing 2 bytes into a region of size 0 [-Wformat-overflow=]
         sprintf(lcd_text, "Disabled   %02d.%02din", (int)dist, (int)((dist - (int)dist) * 100));
                                                ^~
../src/xtmrctr_pwm_example.c:91:9: note: 'sprintf' output between 19 and 37 bytes into a destination of size 16
         sprintf(lcd_text, "Disabled   %02d.%02din", (int)dist, (int)((dist - (int)dist) * 100));
         ^~~~~~~~~~~~~~~~~~~~~~~~~~~~~~~~~~~~~~~~~~~~~~~~~~~~~~~~~~~~~~~~~~~~~~~~~~~~~~~~~~~~~~~
../src/xtmrctr_pwm_example.c:89:48: warning: 'in' directive writing 2 bytes into a region of size 0 [-Wformat-overflow=]
         sprintf(lcd_text, "Enabled    %02d.%02din", (int)dist, (int)((dist - (int)dist) * 100));
                                                ^~
../src/xtmrctr_pwm_example.c:89:9: note: 'sprintf' output between 19 and 37 bytes into a destination of size 16
         sprintf(lcd_text, "Enabled    %02d.%02din", (int)dist, (int)((dist - (int)dist) * 100));
         ^~~~~~~~~~~~~~~~~~~~~~~~~~~~~~~~~~~~~~~~~~~~~~~~~~~~~~~~~~~~~~~~~~~~~~~~~~~~~~~~~~~~~~~
'Finished building: ../src/xtmrctr_pwm_example.c'
' '
'Building target: standalone_bsp_0_xtmrctr_pwm_example_1.elf'
'Invoking: ARM v7 gcc linker'
arm-none-eabi-gcc -mcpu=cortex-a9 -mfpu=vfpv3 -mfloat-abi=hard -Wl,-build-id=none -specs=Xilinx.spec -Wl,-T -Wl,../src/lscript.ld -L../../standalone_bsp_0/ps7_cortexa9_0/lib -o "standalone_bsp_0_xtmrctr_pwm_example_1.elf"  ./src/xtmrctr_pwm_example.o   -Wl,--start-group,-lxil,-lgcc,-lc,--end-group
'Finished building target: standalone_bsp_0_xtmrctr_pwm_example_1.elf'
' '
'Invoking: ARM v7 Print Size'
arm-none-eabi-size standalone_bsp_0_xtmrctr_pwm_example_1.elf  |tee "standalone_bsp_0_xtmrctr_pwm_example_1.elf.size"
   text	   data	    bss	    dec	    hex	filename
  70560	   3472	  23456	  97488	  17cd0	standalone_bsp_0_xtmrctr_pwm_example_1.elf
'Finished building: standalone_bsp_0_xtmrctr_pwm_example_1.elf.size'
' '
12:27:37 **** Incremental Build of configuration Debug for project standalone_bsp_0_xtmrctr_pwm_example_1 ****
make pre-build main-build 
a9-linaro-pre-build-step
' '
make: Nothing to be done for 'main-build'.
12:27:49 **** Auto Build of configuration Debug for project standalone_bsp_0_xtmrctr_pwm_example_1 ****
make pre-build main-build 
a9-linaro-pre-build-step
' '
'Building file: ../src/xtmrctr_pwm_example.c'
'Invoking: ARM v7 gcc compiler'
arm-none-eabi-gcc -Wall -O0 -g3 -c -fmessage-length=0 -MT"src/xtmrctr_pwm_example.o" -mcpu=cortex-a9 -mfpu=vfpv3 -mfloat-abi=hard -I../../standalone_bsp_0/ps7_cortexa9_0/include -MMD -MP -MF"src/xtmrctr_pwm_example.d" -MT"src/xtmrctr_pwm_example.o" -o "src/xtmrctr_pwm_example.o" "../src/xtmrctr_pwm_example.c"
../src/xtmrctr_pwm_example.c: In function 'main':
../src/xtmrctr_pwm_example.c:377:10: warning: unused variable 'lcd_text' [-Wunused-variable]
     char lcd_text[16];
          ^~~~~~~~
../src/xtmrctr_pwm_example.c: In function 'update_lcd_line1_with_distance':
../src/xtmrctr_pwm_example.c:91:48: warning: 'in' directive writing 2 bytes into a region of size 0 [-Wformat-overflow=]
         sprintf(lcd_text, "Disabled   %02d.%02din", (int)dist, (int)((dist - (int)dist) * 100));
                                                ^~
../src/xtmrctr_pwm_example.c:91:9: note: 'sprintf' output between 19 and 37 bytes into a destination of size 16
         sprintf(lcd_text, "Disabled   %02d.%02din", (int)dist, (int)((dist - (int)dist) * 100));
         ^~~~~~~~~~~~~~~~~~~~~~~~~~~~~~~~~~~~~~~~~~~~~~~~~~~~~~~~~~~~~~~~~~~~~~~~~~~~~~~~~~~~~~~
../src/xtmrctr_pwm_example.c:89:48: warning: 'in' directive writing 2 bytes into a region of size 0 [-Wformat-overflow=]
         sprintf(lcd_text, "Enabled    %02d.%02din", (int)dist, (int)((dist - (int)dist) * 100));
                                                ^~
../src/xtmrctr_pwm_example.c:89:9: note: 'sprintf' output between 19 and 37 bytes into a destination of size 16
         sprintf(lcd_text, "Enabled    %02d.%02din", (int)dist, (int)((dist - (int)dist) * 100));
         ^~~~~~~~~~~~~~~~~~~~~~~~~~~~~~~~~~~~~~~~~~~~~~~~~~~~~~~~~~~~~~~~~~~~~~~~~~~~~~~~~~~~~~~
'Finished building: ../src/xtmrctr_pwm_example.c'
' '
'Building target: standalone_bsp_0_xtmrctr_pwm_example_1.elf'
'Invoking: ARM v7 gcc linker'
arm-none-eabi-gcc -mcpu=cortex-a9 -mfpu=vfpv3 -mfloat-abi=hard -Wl,-build-id=none -specs=Xilinx.spec -Wl,-T -Wl,../src/lscript.ld -L../../standalone_bsp_0/ps7_cortexa9_0/lib -o "standalone_bsp_0_xtmrctr_pwm_example_1.elf"  ./src/xtmrctr_pwm_example.o   -Wl,--start-group,-lxil,-lgcc,-lc,--end-group
'Finished building target: standalone_bsp_0_xtmrctr_pwm_example_1.elf'
' '
'Invoking: ARM v7 Print Size'
arm-none-eabi-size standalone_bsp_0_xtmrctr_pwm_example_1.elf  |tee "standalone_bsp_0_xtmrctr_pwm_example_1.elf.size"
   text	   data	    bss	    dec	    hex	filename
  70560	   3472	  23456	  97488	  17cd0	standalone_bsp_0_xtmrctr_pwm_example_1.elf
'Finished building: standalone_bsp_0_xtmrctr_pwm_example_1.elf.size'
' '
12:27:53 **** Incremental Build of configuration Debug for project standalone_bsp_0_xtmrctr_pwm_example_1 ****
make pre-build main-build 
a9-linaro-pre-build-step
' '
make: Nothing to be done for 'main-build'.
12:31:00 **** Incremental Build of configuration Debug for project standalone_bsp_0_xtmrctr_pwm_example_1 ****
make pre-build main-build 
a9-linaro-pre-build-step
' '
make: Nothing to be done for 'main-build'.
12:33:01 **** Auto Build of configuration Debug for project standalone_bsp_0_xtmrctr_pwm_example_1 ****
make pre-build main-build 
a9-linaro-pre-build-step
' '
'Building file: ../src/xtmrctr_pwm_example.c'
'Invoking: ARM v7 gcc compiler'
arm-none-eabi-gcc -Wall -O0 -g3 -c -fmessage-length=0 -MT"src/xtmrctr_pwm_example.o" -mcpu=cortex-a9 -mfpu=vfpv3 -mfloat-abi=hard -I../../standalone_bsp_0/ps7_cortexa9_0/include -MMD -MP -MF"src/xtmrctr_pwm_example.d" -MT"src/xtmrctr_pwm_example.o" -o "src/xtmrctr_pwm_example.o" "../src/xtmrctr_pwm_example.c"
../src/xtmrctr_pwm_example.c: In function 'Xadc_Init':
../src/xtmrctr_pwm_example.c:323:42: error: 'XADC_SEQ_CHANNELS' undeclared (first use in this function); did you mean 'XSM_SEQ_CH_TEMP'?
     XSysMon_SetSeqInputMode(InstancePtr, XADC_SEQ_CHANNELS);
                                          ^~~~~~~~~~~~~~~~~
                                          XSM_SEQ_CH_TEMP
../src/xtmrctr_pwm_example.c:323:42: note: each undeclared identifier is reported only once for each function it appears in
../src/xtmrctr_pwm_example.c: In function 'main':
../src/xtmrctr_pwm_example.c:377:10: warning: unused variable 'lcd_text' [-Wunused-variable]
     char lcd_text[16];
          ^~~~~~~~
../src/xtmrctr_pwm_example.c: In function 'update_lcd_line1_with_distance':
../src/xtmrctr_pwm_example.c:91:48: warning: 'in' directive writing 2 bytes into a region of size 0 [-Wformat-overflow=]
         sprintf(lcd_text, "Disabled   %02d.%02din", (int)dist, (int)((dist - (int)dist) * 100));
                                                ^~
../src/xtmrctr_pwm_example.c:91:9: note: 'sprintf' output between 19 and 37 bytes into a destination of size 16
         sprintf(lcd_text, "Disabled   %02d.%02din", (int)dist, (int)((dist - (int)dist) * 100));
         ^~~~~~~~~~~~~~~~~~~~~~~~~~~~~~~~~~~~~~~~~~~~~~~~~~~~~~~~~~~~~~~~~~~~~~~~~~~~~~~~~~~~~~~
../src/xtmrctr_pwm_example.c:89:48: warning: 'in' directive writing 2 bytes into a region of size 0 [-Wformat-overflow=]
         sprintf(lcd_text, "Enabled    %02d.%02din", (int)dist, (int)((dist - (int)dist) * 100));
                                                ^~
../src/xtmrctr_pwm_example.c:89:9: note: 'sprintf' output between 19 and 37 bytes into a destination of size 16
         sprintf(lcd_text, "Enabled    %02d.%02din", (int)dist, (int)((dist - (int)dist) * 100));
         ^~~~~~~~~~~~~~~~~~~~~~~~~~~~~~~~~~~~~~~~~~~~~~~~~~~~~~~~~~~~~~~~~~~~~~~~~~~~~~~~~~~~~~~
make: *** [src/subdir.mk:23: src/xtmrctr_pwm_example.o] Error 1
12:33:24 **** Auto Build of configuration Debug for project standalone_bsp_0_xtmrctr_pwm_example_1 ****
make pre-build main-build 
a9-linaro-pre-build-step
' '
'Building file: ../src/xtmrctr_pwm_example.c'
'Invoking: ARM v7 gcc compiler'
arm-none-eabi-gcc -Wall -O0 -g3 -c -fmessage-length=0 -MT"src/xtmrctr_pwm_example.o" -mcpu=cortex-a9 -mfpu=vfpv3 -mfloat-abi=hard -I../../standalone_bsp_0/ps7_cortexa9_0/include -MMD -MP -MF"src/xtmrctr_pwm_example.d" -MT"src/xtmrctr_pwm_example.o" -o "src/xtmrctr_pwm_example.o" "../src/xtmrctr_pwm_example.c"
../src/xtmrctr_pwm_example.c: In function 'Xadc_Init':
../src/xtmrctr_pwm_example.c:326:40: error: 'XADC_SEQ_CHANNELS' undeclared (first use in this function); did you mean 'XSM_SEQ_CH_TEMP'?
     XSysMon_SetSeqAcqTime(InstancePtr, XADC_SEQ_CHANNELS);
                                        ^~~~~~~~~~~~~~~~~
                                        XSM_SEQ_CH_TEMP
../src/xtmrctr_pwm_example.c:326:40: note: each undeclared identifier is reported only once for each function it appears in
../src/xtmrctr_pwm_example.c: In function 'main':
../src/xtmrctr_pwm_example.c:377:10: warning: unused variable 'lcd_text' [-Wunused-variable]
     char lcd_text[16];
          ^~~~~~~~
../src/xtmrctr_pwm_example.c: In function 'update_lcd_line1_with_distance':
../src/xtmrctr_pwm_example.c:91:48: warning: 'in' directive writing 2 bytes into a region of size 0 [-Wformat-overflow=]
         sprintf(lcd_text, "Disabled   %02d.%02din", (int)dist, (int)((dist - (int)dist) * 100));
                                                ^~
../src/xtmrctr_pwm_example.c:91:9: note: 'sprintf' output between 19 and 37 bytes into a destination of size 16
         sprintf(lcd_text, "Disabled   %02d.%02din", (int)dist, (int)((dist - (int)dist) * 100));
         ^~~~~~~~~~~~~~~~~~~~~~~~~~~~~~~~~~~~~~~~~~~~~~~~~~~~~~~~~~~~~~~~~~~~~~~~~~~~~~~~~~~~~~~
../src/xtmrctr_pwm_example.c:89:48: warning: 'in' directive writing 2 bytes into a region of size 0 [-Wformat-overflow=]
         sprintf(lcd_text, "Enabled    %02d.%02din", (int)dist, (int)((dist - (int)dist) * 100));
                                                ^~
../src/xtmrctr_pwm_example.c:89:9: note: 'sprintf' output between 19 and 37 bytes into a destination of size 16
         sprintf(lcd_text, "Enabled    %02d.%02din", (int)dist, (int)((dist - (int)dist) * 100));
         ^~~~~~~~~~~~~~~~~~~~~~~~~~~~~~~~~~~~~~~~~~~~~~~~~~~~~~~~~~~~~~~~~~~~~~~~~~~~~~~~~~~~~~~
make: *** [src/subdir.mk:23: src/xtmrctr_pwm_example.o] Error 1
12:33:33 **** Auto Build of configuration Debug for project standalone_bsp_0_xtmrctr_pwm_example_1 ****
make pre-build main-build 
a9-linaro-pre-build-step
' '
'Building file: ../src/xtmrctr_pwm_example.c'
'Invoking: ARM v7 gcc compiler'
arm-none-eabi-gcc -Wall -O0 -g3 -c -fmessage-length=0 -MT"src/xtmrctr_pwm_example.o" -mcpu=cortex-a9 -mfpu=vfpv3 -mfloat-abi=hard -I../../standalone_bsp_0/ps7_cortexa9_0/include -MMD -MP -MF"src/xtmrctr_pwm_example.d" -MT"src/xtmrctr_pwm_example.o" -o "src/xtmrctr_pwm_example.o" "../src/xtmrctr_pwm_example.c"
../src/xtmrctr_pwm_example.c: In function 'Xadc_Init':
../src/xtmrctr_pwm_example.c:328:43: error: 'XADC_SEQ_CHANNELS' undeclared (first use in this function); did you mean 'XSM_SEQ_CH_TEMP'?
     XSysMon_SetSeqAvgEnables(InstancePtr, XADC_SEQ_CHANNELS);
                                           ^~~~~~~~~~~~~~~~~
                                           XSM_SEQ_CH_TEMP
../src/xtmrctr_pwm_example.c:328:43: note: each undeclared identifier is reported only once for each function it appears in
../src/xtmrctr_pwm_example.c: In function 'main':
../src/xtmrctr_pwm_example.c:377:10: warning: unused variable 'lcd_text' [-Wunused-variable]
     char lcd_text[16];
          ^~~~~~~~
../src/xtmrctr_pwm_example.c: In function 'update_lcd_line1_with_distance':
../src/xtmrctr_pwm_example.c:91:48: warning: 'in' directive writing 2 bytes into a region of size 0 [-Wformat-overflow=]
         sprintf(lcd_text, "Disabled   %02d.%02din", (int)dist, (int)((dist - (int)dist) * 100));
                                                ^~
../src/xtmrctr_pwm_example.c:91:9: note: 'sprintf' output between 19 and 37 bytes into a destination of size 16
         sprintf(lcd_text, "Disabled   %02d.%02din", (int)dist, (int)((dist - (int)dist) * 100));
         ^~~~~~~~~~~~~~~~~~~~~~~~~~~~~~~~~~~~~~~~~~~~~~~~~~~~~~~~~~~~~~~~~~~~~~~~~~~~~~~~~~~~~~~
../src/xtmrctr_pwm_example.c:89:48: warning: 'in' directive writing 2 bytes into a region of size 0 [-Wformat-overflow=]
         sprintf(lcd_text, "Enabled    %02d.%02din", (int)dist, (int)((dist - (int)dist) * 100));
                                                ^~
../src/xtmrctr_pwm_example.c:89:9: note: 'sprintf' output between 19 and 37 bytes into a destination of size 16
         sprintf(lcd_text, "Enabled    %02d.%02din", (int)dist, (int)((dist - (int)dist) * 100));
         ^~~~~~~~~~~~~~~~~~~~~~~~~~~~~~~~~~~~~~~~~~~~~~~~~~~~~~~~~~~~~~~~~~~~~~~~~~~~~~~~~~~~~~~
make: *** [src/subdir.mk:23: src/xtmrctr_pwm_example.o] Error 1
12:33:42 **** Auto Build of configuration Debug for project standalone_bsp_0_xtmrctr_pwm_example_1 ****
make pre-build main-build 
a9-linaro-pre-build-step
' '
'Building file: ../src/xtmrctr_pwm_example.c'
'Invoking: ARM v7 gcc compiler'
arm-none-eabi-gcc -Wall -O0 -g3 -c -fmessage-length=0 -MT"src/xtmrctr_pwm_example.o" -mcpu=cortex-a9 -mfpu=vfpv3 -mfloat-abi=hard -I../../standalone_bsp_0/ps7_cortexa9_0/include -MMD -MP -MF"src/xtmrctr_pwm_example.d" -MT"src/xtmrctr_pwm_example.o" -o "src/xtmrctr_pwm_example.o" "../src/xtmrctr_pwm_example.c"
../src/xtmrctr_pwm_example.c: In function 'main':
../src/xtmrctr_pwm_example.c:377:10: warning: unused variable 'lcd_text' [-Wunused-variable]
     char lcd_text[16];
          ^~~~~~~~
../src/xtmrctr_pwm_example.c: In function 'update_lcd_line1_with_distance':
../src/xtmrctr_pwm_example.c:91:48: warning: 'in' directive writing 2 bytes into a region of size 0 [-Wformat-overflow=]
         sprintf(lcd_text, "Disabled   %02d.%02din", (int)dist, (int)((dist - (int)dist) * 100));
                                                ^~
[...]
12:54:25 **** Auto Build of configuration Debug for project standalone_bsp_0_xtmrctr_pwm_example_1 ****
make pre-build main-build 
a9-linaro-pre-build-step
' '
'Building file: ../src/xtmrctr_pwm_example.c'
'Invoking: ARM v7 gcc compiler'
arm-none-eabi-gcc -Wall -O0 -g3 -c -fmessage-length=0 -MT"src/xtmrctr_pwm_example.o" -mcpu=cortex-a9 -mfpu=vfpv3 -mfloat-abi=hard -I../../standalone_bsp_0/ps7_cortexa9_0/include -MMD -MP -MF"src/xtmrctr_pwm_example.d" -MT"src/xtmrctr_pwm_example.o" -o "src/xtmrctr_pwm_example.o" "../src/xtmrctr_pwm_example.c"
../src/xtmrctr_pwm_example.c: In function 'main':
../src/xtmrctr_pwm_example.c:400:3: error: expected expression before 'if'
   if (RawData22 > 4095) RawData22 = 4095;
   ^~
../src/xtmrctr_pwm_example.c:402:25: error: 'RawData' undeclared (first use in this function); did you mean 'RawData25'?
   int percent = ((float)RawData / 4095.0f) * 100.0f;
                         ^~~~~~~
                         RawData25
../src/xtmrctr_pwm_example.c:402:25: note: each undeclared identifier is reported only once for each function it appears in
../src/xtmrctr_pwm_example.c:402:7: warning: unused variable 'percent' [-Wunused-variable]
   int percent = ((float)RawData / 4095.0f) * 100.0f;
       ^~~~~~~
../src/xtmrctr_pwm_example.c:377:10: warning: unused variable 'lcd_text' [-Wunused-variable]
     char lcd_text[16];
          ^~~~~~~~
../src/xtmrctr_pwm_example.c: In function 'update_lcd_line1_with_distance':
../src/xtmrctr_pwm_example.c:90:48: warning: 'in' directive writing 2 bytes into a region of size 0 [-Wformat-overflow=]
         sprintf(lcd_text, "Disabled   %02d.%02din", (int)dist, (int)((dist - (int)dist) * 100));
                                                ^~
../src/xtmrctr_pwm_example.c:90:9: note: 'sprintf' output between 19 and 37 bytes into a destination of size 16
         sprintf(lcd_text, "Disabled   %02d.%02din", (int)dist, (int)((dist - (int)dist) * 100));
         ^~~~~~~~~~~~~~~~~~~~~~~~~~~~~~~~~~~~~~~~~~~~~~~~~~~~~~~~~~~~~~~~~~~~~~~~~~~~~~~~~~~~~~~
../src/xtmrctr_pwm_example.c:88:48: warning: 'in' directive writing 2 bytes into a region of size 0 [-Wformat-overflow=]
         sprintf(lcd_text, "Enabled    %02d.%02din", (int)dist, (int)((dist - (int)dist) * 100));
                                                ^~
../src/xtmrctr_pwm_example.c:88:9: note: 'sprintf' output between 19 and 37 bytes into a destination of size 16
         sprintf(lcd_text, "Enabled    %02d.%02din", (int)dist, (int)((dist - (int)dist) * 100));
         ^~~~~~~~~~~~~~~~~~~~~~~~~~~~~~~~~~~~~~~~~~~~~~~~~~~~~~~~~~~~~~~~~~~~~~~~~~~~~~~~~~~~~~~
make: *** [src/subdir.mk:23: src/xtmrctr_pwm_example.o] Error 1
12:54:28 **** Auto Build of configuration Debug for project standalone_bsp_0_xtmrctr_pwm_example_1 ****
make pre-build main-build 
a9-linaro-pre-build-step
' '
'Building file: ../src/xtmrctr_pwm_example.c'
'Invoking: ARM v7 gcc compiler'
arm-none-eabi-gcc -Wall -O0 -g3 -c -fmessage-length=0 -MT"src/xtmrctr_pwm_example.o" -mcpu=cortex-a9 -mfpu=vfpv3 -mfloat-abi=hard -I../../standalone_bsp_0/ps7_cortexa9_0/include -MMD -MP -MF"src/xtmrctr_pwm_example.d" -MT"src/xtmrctr_pwm_example.o" -o "src/xtmrctr_pwm_example.o" "../src/xtmrctr_pwm_example.c"
../src/xtmrctr_pwm_example.c: In function 'main':
../src/xtmrctr_pwm_example.c:400:3: error: expected expression before 'if'
   if (RawData22 > 4095) RawData22 = 4095;
   ^~
../src/xtmrctr_pwm_example.c:402:25: error: 'RawData' undeclared (first use in this function); did you mean 'RawData25'?
   int percent = ((float)RawData / 4095.0f) * 100.0f;
                         ^~~~~~~
                         RawData25
../src/xtmrctr_pwm_example.c:402:25: note: each undeclared identifier is reported only once for each function it appears in
../src/xtmrctr_pwm_example.c:377:10: warning: unused variable 'lcd_text' [-Wunused-variable]
     char lcd_text[16];
          ^~~~~~~~
../src/xtmrctr_pwm_example.c: In function 'update_lcd_line1_with_distance':
../src/xtmrctr_pwm_example.c:90:48: warning: 'in' directive writing 2 bytes into a region of size 0 [-Wformat-overflow=]
         sprintf(lcd_text, "Disabled   %02d.%02din", (int)dist, (int)((dist - (int)dist) * 100));
                                                ^~
../src/xtmrctr_pwm_example.c:90:9: note: 'sprintf' output between 19 and 37 bytes into a destination of size 16
         sprintf(lcd_text, "Disabled   %02d.%02din", (int)dist, (int)((dist - (int)dist) * 100));
         ^~~~~~~~~~~~~~~~~~~~~~~~~~~~~~~~~~~~~~~~~~~~~~~~~~~~~~~~~~~~~~~~~~~~~~~~~~~~~~~~~~~~~~~
../src/xtmrctr_pwm_example.c:88:48: warning: 'in' directive writing 2 bytes into a region of size 0 [-Wformat-overflow=]
         sprintf(lcd_text, "Enabled    %02d.%02din", (int)dist, (int)((dist - (int)dist) * 100));
                                                ^~
../src/xtmrctr_pwm_example.c:88:9: note: 'sprintf' output between 19 and 37 bytes into a destination of size 16
         sprintf(lcd_text, "Enabled    %02d.%02din", (int)dist, (int)((dist - (int)dist) * 100));
         ^~~~~~~~~~~~~~~~~~~~~~~~~~~~~~~~~~~~~~~~~~~~~~~~~~~~~~~~~~~~~~~~~~~~~~~~~~~~~~~~~~~~~~~
make: *** [src/subdir.mk:23: src/xtmrctr_pwm_example.o] Error 1
12:54:43 **** Auto Build of configuration Debug for project standalone_bsp_0_xtmrctr_pwm_example_1 ****
make pre-build main-build 
a9-linaro-pre-build-step
' '
'Building file: ../src/xtmrctr_pwm_example.c'
'Invoking: ARM v7 gcc compiler'
arm-none-eabi-gcc -Wall -O0 -g3 -c -fmessage-length=0 -MT"src/xtmrctr_pwm_example.o" -mcpu=cortex-a9 -mfpu=vfpv3 -mfloat-abi=hard -I../../standalone_bsp_0/ps7_cortexa9_0/include -MMD -MP -MF"src/xtmrctr_pwm_example.d" -MT"src/xtmrctr_pwm_example.o" -o "src/xtmrctr_pwm_example.o" "../src/xtmrctr_pwm_example.c"
../src/xtmrctr_pwm_example.c: In function 'main':
../src/xtmrctr_pwm_example.c:402:25: error: 'RawData' undeclared (first use in this function); did you mean 'RawData25'?
   int percent = ((float)RawData / 4095.0f) * 100.0f;
                         ^~~~~~~
                         RawData25
../src/xtmrctr_pwm_example.c:402:25: note: each undeclared identifier is reported only once for each function it appears in
../src/xtmrctr_pwm_example.c:377:10: warning: unused variable 'lcd_text' [-Wunused-variable]
     char lcd_text[16];
          ^~~~~~~~
../src/xtmrctr_pwm_example.c: In function 'update_lcd_line1_with_distance':
../src/xtmrctr_pwm_example.c:90:48: warning: 'in' directive writing 2 bytes into a region of size 0 [-Wformat-overflow=]
         sprintf(lcd_text, "Disabled   %02d.%02din", (int)dist, (int)((dist - (int)dist) * 100));
                                                ^~
../src/xtmrctr_pwm_example.c:90:9: note: 'sprintf' output between 19 and 37 bytes into a destination of size 16
         sprintf(lcd_text, "Disabled   %02d.%02din", (int)dist, (int)((dist - (int)dist) * 100));
         ^~~~~~~~~~~~~~~~~~~~~~~~~~~~~~~~~~~~~~~~~~~~~~~~~~~~~~~~~~~~~~~~~~~~~~~~~~~~~~~~~~~~~~~
../src/xtmrctr_pwm_example.c:88:48: warning: 'in' directive writing 2 bytes into a region of size 0 [-Wformat-overflow=]
         sprintf(lcd_text, "Enabled    %02d.%02din", (int)dist, (int)((dist - (int)dist) * 100));
                                                ^~
../src/xtmrctr_pwm_example.c:88:9: note: 'sprintf' output between 19 and 37 bytes into a destination of size 16
         sprintf(lcd_text, "Enabled    %02d.%02din", (int)dist, (int)((dist - (int)dist) * 100));
         ^~~~~~~~~~~~~~~~~~~~~~~~~~~~~~~~~~~~~~~~~~~~~~~~~~~~~~~~~~~~~~~~~~~~~~~~~~~~~~~~~~~~~~~
make: *** [src/subdir.mk:23: src/xtmrctr_pwm_example.o] Error 1
12:54:49 **** Auto Build of configuration Debug for project standalone_bsp_0_xtmrctr_pwm_example_1 ****
make pre-build main-build 
a9-linaro-pre-build-step
' '
'Building file: ../src/xtmrctr_pwm_example.c'
'Invoking: ARM v7 gcc compiler'
arm-none-eabi-gcc -Wall -O0 -g3 -c -fmessage-length=0 -MT"src/xtmrctr_pwm_example.o" -mcpu=cortex-a9 -mfpu=vfpv3 -mfloat-abi=hard -I../../standalone_bsp_0/ps7_cortexa9_0/include -MMD -MP -MF"src/xtmrctr_pwm_example.d" -MT"src/xtmrctr_pwm_example.o" -o "src/xtmrctr_pwm_example.o" "../src/xtmrctr_pwm_example.c"
../src/xtmrctr_pwm_example.c: In function 'main':
../src/xtmrctr_pwm_example.c:377:10: warning: unused variable 'lcd_text' [-Wunused-variable]
     char lcd_text[16];
          ^~~~~~~~
../src/xtmrctr_pwm_example.c: In function 'update_lcd_line1_with_distance':
../src/xtmrctr_pwm_example.c:90:48: warning: 'in' directive writing 2 bytes into a region of size 0 [-Wformat-overflow=]
         sprintf(lcd_text, "Disabled   %02d.%02din", (int)dist, (int)((dist - (int)dist) * 100));
                                                ^~
../src/xtmrctr_pwm_example.c:90:9: note: 'sprintf' output between 19 and 37 bytes into a destination of size 16
         sprintf(lcd_text, "Disabled   %02d.%02din", (int)dist, (int)((dist - (int)dist) * 100));
         ^~~~~~~~~~~~~~~~~~~~~~~~~~~~~~~~~~~~~~~~~~~~~~~~~~~~~~~~~~~~~~~~~~~~~~~~~~~~~~~~~~~~~~~
../src/xtmrctr_pwm_example.c:88:48: warning: 'in' directive writing 2 bytes into a region of size 0 [-Wformat-overflow=]
         sprintf(lcd_text, "Enabled    %02d.%02din", (int)dist, (int)((dist - (int)dist) * 100));
                                                ^~
../src/xtmrctr_pwm_example.c:88:9: note: 'sprintf' output between 19 and 37 bytes into a destination of size 16
         sprintf(lcd_text, "Enabled    %02d.%02din", (int)dist, (int)((dist - (int)dist) * 100));
         ^~~~~~~~~~~~~~~~~~~~~~~~~~~~~~~~~~~~~~~~~~~~~~~~~~~~~~~~~~~~~~~~~~~~~~~~~~~~~~~~~~~~~~~
'Finished building: ../src/xtmrctr_pwm_example.c'
' '
'Building target: standalone_bsp_0_xtmrctr_pwm_example_1.elf'
'Invoking: ARM v7 gcc linker'
arm-none-eabi-gcc -mcpu=cortex-a9 -mfpu=vfpv3 -mfloat-abi=hard -Wl,-build-id=none -specs=Xilinx.spec -Wl,-T -Wl,../src/lscript.ld -L../../standalone_bsp_0/ps7_cortexa9_0/lib -o "standalone_bsp_0_xtmrctr_pwm_example_1.elf"  ./src/xtmrctr_pwm_example.o   -Wl,--start-group,-lxil,-lgcc,-lc,--end-group
'Finished building target: standalone_bsp_0_xtmrctr_pwm_example_1.elf'
' '
'Invoking: ARM v7 Print Size'
arm-none-eabi-size standalone_bsp_0_xtmrctr_pwm_example_1.elf  |tee "standalone_bsp_0_xtmrctr_pwm_example_1.elf.size"
   text	   data	    bss	    dec	    hex	filename
  86812	   3472	  23456	 113740	  1bc4c	standalone_bsp_0_xtmrctr_pwm_example_1.elf
'Finished building: standalone_bsp_0_xtmrctr_pwm_example_1.elf.size'
' '
12:55:01 **** Incremental Build of configuration Debug for project standalone_bsp_0_xtmrctr_pwm_example_1 ****
make pre-build main-build 
a9-linaro-pre-build-step
' '
make: Nothing to be done for 'main-build'.
12:55:30 **** Auto Build of configuration Debug for project standalone_bsp_0_xtmrctr_pwm_example_1 ****
make pre-build main-build 
a9-linaro-pre-build-step
' '
'Building file: ../src/xtmrctr_pwm_example.c'
'Invoking: ARM v7 gcc compiler'
arm-none-eabi-gcc -Wall -O0 -g3 -c -fmessage-length=0 -MT"src/xtmrctr_pwm_example.o" -mcpu=cortex-a9 -mfpu=vfpv3 -mfloat-abi=hard -I../../standalone_bsp_0/ps7_cortexa9_0/include -MMD -MP -MF"src/xtmrctr_pwm_example.d" -MT"src/xtmrctr_pwm_example.o" -o "src/xtmrctr_pwm_example.o" "../src/xtmrctr_pwm_example.c"
../src/xtmrctr_pwm_example.c: In function 'main':
../src/xtmrctr_pwm_example.c:377:10: warning: unused variable 'lcd_text' [-Wunused-variable]
     char lcd_text[16];
          ^~~~~~~~
../src/xtmrctr_pwm_example.c: In function 'update_lcd_line1_with_distance':
../src/xtmrctr_pwm_example.c:90:48: warning: 'in' directive writing 2 bytes into a region of size 0 [-Wformat-overflow=]
         sprintf(lcd_text, "Disabled   %02d.%02din", (int)dist, (int)((dist - (int)dist) * 100));
                                                ^~
../src/xtmrctr_pwm_example.c:90:9: note: 'sprintf' output between 19 and 37 bytes into a destination of size 16
         sprintf(lcd_text, "Disabled   %02d.%02din", (int)dist, (int)((dist - (int)dist) * 100));
         ^~~~~~~~~~~~~~~~~~~~~~~~~~~~~~~~~~~~~~~~~~~~~~~~~~~~~~~~~~~~~~~~~~~~~~~~~~~~~~~~~~~~~~~
../src/xtmrctr_pwm_example.c:88:48: warning: 'in' directive writing 2 bytes into a region of size 0 [-Wformat-overflow=]
         sprintf(lcd_text, "Enabled    %02d.%02din", (int)dist, (int)((dist - (int)dist) * 100));
                                                ^~
../src/xtmrctr_pwm_example.c:88:9: note: 'sprintf' output between 19 and 37 bytes into a destination of size 16
         sprintf(lcd_text, "Enabled    %02d.%02din", (int)dist, (int)((dist - (int)dist) * 100));
         ^~~~~~~~~~~~~~~~~~~~~~~~~~~~~~~~~~~~~~~~~~~~~~~~~~~~~~~~~~~~~~~~~~~~~~~~~~~~~~~~~~~~~~~
'Finished building: ../src/xtmrctr_pwm_example.c'
' '
'Building target: standalone_bsp_0_xtmrctr_pwm_example_1.elf'
'Invoking: ARM v7 gcc linker'
arm-none-eabi-gcc -mcpu=cortex-a9 -mfpu=vfpv3 -mfloat-abi=hard -Wl,-build-id=none -specs=Xilinx.spec -Wl,-T -Wl,../src/lscript.ld -L../../standalone_bsp_0/ps7_cortexa9_0/lib -o "standalone_bsp_0_xtmrctr_pwm_example_1.elf"  ./src/xtmrctr_pwm_example.o   -Wl,--start-group,-lxil,-lgcc,-lc,--end-group
'Finished building target: standalone_bsp_0_xtmrctr_pwm_example_1.elf'
' '
'Invoking: ARM v7 Print Size'
arm-none-eabi-size standalone_bsp_0_xtmrctr_pwm_example_1.elf  |tee "standalone_bsp_0_xtmrctr_pwm_example_1.elf.size"
   text	   data	    bss	    dec	    hex	filename
  70688	   3472	  23456	  97616	  17d50	standalone_bsp_0_xtmrctr_pwm_example_1.elf
'Finished building: standalone_bsp_0_xtmrctr_pwm_example_1.elf.size'
' '
12:55:38 **** Auto Build of configuration Debug for project standalone_bsp_0_xtmrctr_pwm_example_1 ****
make pre-build main-build 
a9-linaro-pre-build-step
' '
'Building file: ../src/xtmrctr_pwm_example.c'
'Invoking: ARM v7 gcc compiler'
arm-none-eabi-gcc -Wall -O0 -g3 -c -fmessage-length=0 -MT"src/xtmrctr_pwm_example.o" -mcpu=cortex-a9 -mfpu=vfpv3 -mfloat-abi=hard -I../../standalone_bsp_0/ps7_cortexa9_0/include -MMD -MP -MF"src/xtmrctr_pwm_example.d" -MT"src/xtmrctr_pwm_example.o" -o "src/xtmrctr_pwm_example.o" "../src/xtmrctr_pwm_example.c"
../src/xtmrctr_pwm_example.c: In function 'main':
../src/xtmrctr_pwm_example.c:377:10: warning: unused variable 'lcd_text' [-Wunused-variable]
     char lcd_text[16];
          ^~~~~~~~
../src/xtmrctr_pwm_example.c: In function 'update_lcd_line1_with_distance':
../src/xtmrctr_pwm_example.c:90:48: warning: 'in' directive writing 2 bytes into a region of size 0 [-Wformat-overflow=]
         sprintf(lcd_text, "Disabled   %02d.%02din", (int)dist, (int)((dist - (int)dist) * 100));
                                                ^~
../src/xtmrctr_pwm_example.c:90:9: note: 'sprintf' output between 19 and 37 bytes into a destination of size 16
         sprintf(lcd_text, "Disabled   %02d.%02din", (int)dist, (int)((dist - (int)dist) * 100));
         ^~~~~~~~~~~~~~~~~~~~~~~~~~~~~~~~~~~~~~~~~~~~~~~~~~~~~~~~~~~~~~~~~~~~~~~~~~~~~~~~~~~~~~~
../src/xtmrctr_pwm_example.c:88:48: warning: 'in' directive writing 2 bytes into a region of size 0 [-Wformat-overflow=]
         sprintf(lcd_text, "Enabled    %02d.%02din", (int)dist, (int)((dist - (int)dist) * 100));
                                                ^~
../src/xtmrctr_pwm_example.c:88:9: note: 'sprintf' output between 19 and 37 bytes into a destination of size 16
         sprintf(lcd_text, "Enabled    %02d.%02din", (int)dist, (int)((dist - (int)dist) * 100));
         ^~~~~~~~~~~~~~~~~~~~~~~~~~~~~~~~~~~~~~~~~~~~~~~~~~~~~~~~~~~~~~~~~~~~~~~~~~~~~~~~~~~~~~~
'Finished building: ../src/xtmrctr_pwm_example.c'
' '
'Building target: standalone_bsp_0_xtmrctr_pwm_example_1.elf'
'Invoking: ARM v7 gcc linker'
arm-none-eabi-gcc -mcpu=cortex-a9 -mfpu=vfpv3 -mfloat-abi=hard -Wl,-build-id=none -specs=Xilinx.spec -Wl,-T -Wl,../src/lscript.ld -L../../standalone_bsp_0/ps7_cortexa9_0/lib -o "standalone_bsp_0_xtmrctr_pwm_example_1.elf"  ./src/xtmrctr_pwm_example.o   -Wl,--start-group,-lxil,-lgcc,-lc,--end-group
'Finished building target: standalone_bsp_0_xtmrctr_pwm_example_1.elf'
' '
'Invoking: ARM v7 Print Size'
arm-none-eabi-size standalone_bsp_0_xtmrctr_pwm_example_1.elf  |tee "standalone_bsp_0_xtmrctr_pwm_example_1.elf.size"
   text	   data	    bss	    dec	    hex	filename
  86812	   3472	  23456	 113740	  1bc4c	standalone_bsp_0_xtmrctr_pwm_example_1.elf
'Finished building: standalone_bsp_0_xtmrctr_pwm_example_1.elf.size'
' '
12:55:54 **** Incremental Build of configuration Debug for project standalone_bsp_0_xtmrctr_pwm_example_1 ****
make pre-build main-build 
a9-linaro-pre-build-step
' '
make: Nothing to be done for 'main-build'.
12:56:12 **** Auto Build of configuration Debug for project standalone_bsp_0_xtmrctr_pwm_example_1 ****
make pre-build main-build 
a9-linaro-pre-build-step
' '
'Building file: ../src/xtmrctr_pwm_example.c'
'Invoking: ARM v7 gcc compiler'
arm-none-eabi-gcc -Wall -O0 -g3 -c -fmessage-length=0 -MT"src/xtmrctr_pwm_example.o" -mcpu=cortex-a9 -mfpu=vfpv3 -mfloat-abi=hard -I../../standalone_bsp_0/ps7_cortexa9_0/include -MMD -MP -MF"src/xtmrctr_pwm_example.d" -MT"src/xtmrctr_pwm_example.o" -o "src/xtmrctr_pwm_example.o" "../src/xtmrctr_pwm_example.c"
../src/xtmrctr_pwm_example.c: In function 'main':
../src/xtmrctr_pwm_example.c:377:10: warning: unused variable 'lcd_text' [-Wunused-variable]
     char lcd_text[16];
          ^~~~~~~~
../src/xtmrctr_pwm_example.c: In function 'update_lcd_line1_with_distance':
../src/xtmrctr_pwm_example.c:90:48: warning: 'in' directive writing 2 bytes into a region of size 0 [-Wformat-overflow=]
         sprintf(lcd_text, "Disabled   %02d.%02din", (int)dist, (int)((dist - (int)dist) * 100));
                                                ^~
../src/xtmrctr_pwm_example.c:90:9: note: 'sprintf' output between 19 and 37 bytes into a destination of size 16
         sprintf(lcd_text, "Disabled   %02d.%02din", (int)dist, (int)((dist - (int)dist) * 100));
         ^~~~~~~~~~~~~~~~~~~~~~~~~~~~~~~~~~~~~~~~~~~~~~~~~~~~~~~~~~~~~~~~~~~~~~~~~~~~~~~~~~~~~~~
../src/xtmrctr_pwm_example.c:88:48: warning: 'in' directive writing 2 bytes into a region of size 0 [-Wformat-overflow=]
         sprintf(lcd_text, "Enabled    %02d.%02din", (int)dist, (int)((dist - (int)dist) * 100));
                                                ^~
../src/xtmrctr_pwm_example.c:88:9: note: 'sprintf' output between 19 and 37 bytes into a destination of size 16
         sprintf(lcd_text, "Enabled    %02d.%02din", (int)dist, (int)((dist - (int)dist) * 100));
         ^~~~~~~~~~~~~~~~~~~~~~~~~~~~~~~~~~~~~~~~~~~~~~~~~~~~~~~~~~~~~~~~~~~~~~~~~~~~~~~~~~~~~~~
'Finished building: ../src/xtmrctr_pwm_example.c'
' '
'Building target: standalone_bsp_0_xtmrctr_pwm_example_1.elf'
'Invoking: ARM v7 gcc linker'
arm-none-eabi-gcc -mcpu=cortex-a9 -mfpu=vfpv3 -mfloat-abi=hard -Wl,-build-id=none -specs=Xilinx.spec -Wl,-T -Wl,../src/lscript.ld -L../../standalone_bsp_0/ps7_cortexa9_0/lib -o "standalone_bsp_0_xtmrctr_pwm_example_1.elf"  ./src/xtmrctr_pwm_example.o   -Wl,--start-group,-lxil,-lgcc,-lc,--end-group
'Finished building target: standalone_bsp_0_xtmrctr_pwm_example_1.elf'
' '
'Invoking: ARM v7 Print Size'
arm-none-eabi-size standalone_bsp_0_xtmrctr_pwm_example_1.elf  |tee "standalone_bsp_0_xtmrctr_pwm_example_1.elf.size"
   text	   data	    bss	    dec	    hex	filename
  86812	   3472	  23456	 113740	  1bc4c	standalone_bsp_0_xtmrctr_pwm_example_1.elf
'Finished building: standalone_bsp_0_xtmrctr_pwm_example_1.elf.size'
' '
12:56:16 **** Incremental Build of configuration Debug for project standalone_bsp_0_xtmrctr_pwm_example_1 ****
make pre-build main-build 
a9-linaro-pre-build-step
' '
make: Nothing to be done for 'main-build'.
12:57:16 **** Incremental Build of configuration Debug for project standalone_bsp_0_xtmrctr_pwm_example_1 ****
make pre-build main-build 
a9-linaro-pre-build-step
' '
make: Nothing to be done for 'main-build'.
13:13:24 **** Incremental Build of configuration Debug for project standalone_bsp_0_xtmrctr_pwm_example_1 ****
make pre-build main-build 
a9-linaro-pre-build-step
' '
make: Nothing to be done for 'main-build'.
