11:57:43 **** Auto Build of configuration Debug for project UltrasonicStandalone ****
make pre-build main-build 
a9-linaro-pre-build-step
' '
'Building file: ../src/PlusULTRA.c'
'Invoking: ARM v7 gcc compiler'
arm-none-eabi-gcc -Wall -O0 -g3 -c -fmessage-length=0 -MT"src/PlusULTRA.o" -mcpu=cortex-a9 -mfpu=vfpv3 -mfloat-abi=hard -I../../standalone_bsp_0/ps7_cortexa9_0/include -MMD -MP -MF"src/PlusULTRA.d" -MT"src/PlusULTRA.o" -o "src/PlusULTRA.o" "../src/PlusULTRA.c"
'Finished building: ../src/PlusULTRA.c'
' '
'Building target: UltrasonicStandalone.elf'
'Invoking: ARM v7 gcc linker'
arm-none-eabi-gcc -mcpu=cortex-a9 -mfpu=vfpv3 -mfloat-abi=hard -Wl,-build-id=none -specs=Xilinx.spec -Wl,-T -Wl,../src/lscript.ld -L../../standalone_bsp_0/ps7_cortexa9_0/lib -o "UltrasonicStandalone.elf"  ./src/PlusULTRA.o   -Wl,--start-group,-lxil,-lgcc,-lc,--end-group
'Finished building target: UltrasonicStandalone.elf'
' '
'Invoking: ARM v7 Print Size'
arm-none-eabi-size UltrasonicStandalone.elf  |tee "UltrasonicStandalone.elf.size"
   text	   data	    bss	    dec	    hex	filename
  68352	   3456	  23440	  95248	  17410	UltrasonicStandalone.elf
'Finished building: UltrasonicStandalone.elf.size'
' '

11:57:45 Build Finished (took 1s.580ms)

