
*** Running vivado
    with args -log top_level.vdi -applog -m64 -product Vivado -messageDb vivado.pb -mode batch -source top_level.tcl -notrace


****** Vivado v2019.1 (64-bit)
  **** SW Build 2552052 on Fri May 24 14:49:42 MDT 2019
  **** IP Build 2548770 on Fri May 24 18:01:18 MDT 2019
    ** Copyright 1986-2019 Xilinx, Inc. All Rights Reserved.

source top_level.tcl -notrace
Command: link_design -top top_level -part xc7z007sclg400-1
Design is defaulting to srcset: sources_1
Design is defaulting to constrset: constrs_1
INFO: [Device 21-403] Loading part xc7z007sclg400-1
INFO: [Netlist 29-17] Analyzing 124 Unisim elements for replacement
INFO: [Netlist 29-28] Unisim Transformation completed in 0 CPU seconds
INFO: [Project 1-479] Netlist was created with Vivado 2019.1
INFO: [Project 1-570] Preparing netlist for logic optimization
Parsing XDC File [U:/EE316/Project5/Cora-Z7-07S-Master.xdc]
Finished Parsing XDC File [U:/EE316/Project5/Cora-Z7-07S-Master.xdc]
INFO: [Opt 31-138] Pushed 0 inverter(s) to 0 load pin(s).
Netlist sorting complete. Time (s): cpu = 00:00:00 ; elapsed = 00:00:00 . Memory (MB): peak = 678.363 ; gain = 0.000
INFO: [Project 1-111] Unisim Transformation Summary:
  A total of 1 instances were transformed.
  IOBUF => IOBUF (IBUF, OBUFT): 1 instances

7 Infos, 0 Warnings, 0 Critical Warnings and 0 Errors encountered.
link_design completed successfully
link_design: Time (s): cpu = 00:00:06 ; elapsed = 00:00:08 . Memory (MB): peak = 678.363 ; gain = 383.371
Command: opt_design
Attempting to get a license for feature 'Implementation' and/or device 'xc7z007s'
INFO: [Common 17-349] Got license for feature 'Implementation' and/or device 'xc7z007s'
Running DRC as a precondition to command opt_design

Starting DRC Task
INFO: [DRC 23-27] Running DRC with 2 threads
WARNING: [DRC RPBF-3] IO port buffering is incomplete: Device port oSDA expects both input and output buffering but the buffers are incomplete.
INFO: [Project 1-461] DRC finished with 0 Errors, 1 Warnings
INFO: [Project 1-462] Please refer to the DRC report (report_drc) for more information.

Time (s): cpu = 00:00:01 ; elapsed = 00:00:00.574 . Memory (MB): peak = 699.316 ; gain = 20.953

Starting Cache Timing Information Task
INFO: [Timing 38-35] Done setting XDC timing constraints.
Ending Cache Timing Information Task | Checksum: c40ff5d7

Time (s): cpu = 00:00:07 ; elapsed = 00:00:07 . Memory (MB): peak = 1237.441 ; gain = 538.125

Starting Logic Optimization Task

Phase 1 Retarget
INFO: [Opt 31-138] Pushed 1 inverter(s) to 1 load pin(s).
INFO: [Opt 31-49] Retargeted 0 cell(s).
Phase 1 Retarget | Checksum: 134a02d40

Time (s): cpu = 00:00:00 ; elapsed = 00:00:00.072 . Memory (MB): peak = 1380.617 ; gain = 0.000
INFO: [Opt 31-389] Phase Retarget created 0 cells and removed 7 cells

Phase 2 Constant propagation
INFO: [Opt 31-138] Pushed 0 inverter(s) to 0 load pin(s).
Phase 2 Constant propagation | Checksum: 134a02d40

Time (s): cpu = 00:00:00 ; elapsed = 00:00:00.089 . Memory (MB): peak = 1380.617 ; gain = 0.000
INFO: [Opt 31-389] Phase Constant propagation created 0 cells and removed 0 cells

Phase 3 Sweep
Phase 3 Sweep | Checksum: 11e5e2365

Time (s): cpu = 00:00:00 ; elapsed = 00:00:00.122 . Memory (MB): peak = 1380.617 ; gain = 0.000
INFO: [Opt 31-389] Phase Sweep created 0 cells and removed 0 cells

Phase 4 BUFG optimization
Phase 4 BUFG optimization | Checksum: 11e5e2365

Time (s): cpu = 00:00:00 ; elapsed = 00:00:00.158 . Memory (MB): peak = 1380.617 ; gain = 0.000
INFO: [Opt 31-662] Phase BUFG optimization created 0 cells of which 0 are BUFGs and removed 0 cells.

Phase 5 Shift Register Optimization
INFO: [Opt 31-1064] SRL Remap converted 0 SRLs to 0 registers and converted 0 registers of register chains to 0 SRLs
Phase 5 Shift Register Optimization | Checksum: 11e5e2365

Time (s): cpu = 00:00:00 ; elapsed = 00:00:00.182 . Memory (MB): peak = 1380.617 ; gain = 0.000
INFO: [Opt 31-389] Phase Shift Register Optimization created 0 cells and removed 0 cells

Phase 6 Post Processing Netlist
Phase 6 Post Processing Netlist | Checksum: 11e5e2365

Time (s): cpu = 00:00:00 ; elapsed = 00:00:00.191 . Memory (MB): peak = 1380.617 ; gain = 0.000
INFO: [Opt 31-389] Phase Post Processing Netlist created 0 cells and removed 0 cells
Opt_design Change Summary
=========================


-------------------------------------------------------------------------------------------------------------------------
|  Phase                        |  #Cells created  |  #Cells Removed  |  #Constrained objects preventing optimizations  |
-------------------------------------------------------------------------------------------------------------------------
|  Retarget                     |               0  |               7  |                                              0  |
|  Constant propagation         |               0  |               0  |                                              0  |
|  Sweep                        |               0  |               0  |                                              0  |
|  BUFG optimization            |               0  |               0  |                                              0  |
|  Shift Register Optimization  |               0  |               0  |                                              0  |
|  Post Processing Netlist      |               0  |               0  |                                              0  |
-------------------------------------------------------------------------------------------------------------------------



Starting Connectivity Check Task

Time (s): cpu = 00:00:00 ; elapsed = 00:00:00.003 . Memory (MB): peak = 1380.617 ; gain = 0.000
Ending Logic Optimization Task | Checksum: 13f0a9f75

Time (s): cpu = 00:00:00 ; elapsed = 00:00:00.247 . Memory (MB): peak = 1380.617 ; gain = 0.000

Starting Power Optimization Task
INFO: [Pwropt 34-132] Skipping clock gating for clocks with a period < 2.00 ns.
Ending Power Optimization Task | Checksum: 13f0a9f75

Time (s): cpu = 00:00:00 ; elapsed = 00:00:00.011 . Memory (MB): peak = 1380.617 ; gain = 0.000

Starting Final Cleanup Task
Ending Final Cleanup Task | Checksum: 13f0a9f75

Time (s): cpu = 00:00:00 ; elapsed = 00:00:00 . Memory (MB): peak = 1380.617 ; gain = 0.000

Starting Netlist Obfuscation Task
Netlist sorting complete. Time (s): cpu = 00:00:00 ; elapsed = 00:00:00 . Memory (MB): peak = 1380.617 ; gain = 0.000
Ending Netlist Obfuscation Task | Checksum: 13f0a9f75

Time (s): cpu = 00:00:00 ; elapsed = 00:00:00.002 . Memory (MB): peak = 1380.617 ; gain = 0.000
INFO: [Common 17-83] Releasing license: Implementation
24 Infos, 1 Warnings, 0 Critical Warnings and 0 Errors encountered.
opt_design completed successfully
opt_design: Time (s): cpu = 00:00:10 ; elapsed = 00:00:10 . Memory (MB): peak = 1380.617 ; gain = 702.254
Netlist sorting complete. Time (s): cpu = 00:00:00 ; elapsed = 00:00:00.001 . Memory (MB): peak = 1380.617 ; gain = 0.000
INFO: [Timing 38-480] Writing timing data to binary archive.
Writing placer database...
Writing XDEF routing.
Writing XDEF routing logical nets.
Writing XDEF routing special nets.
Write XDEF Complete: Time (s): cpu = 00:00:00 ; elapsed = 00:00:00.206 . Memory (MB): peak = 1380.617 ; gain = 0.000
INFO: [Common 17-1381] The checkpoint 'U:/EE316/Project5/LCD_StateMachine/LCD_StateMachine.runs/impl_1/top_level_opt.dcp' has been generated.
INFO: [runtcl-4] Executing : report_drc -file top_level_drc_opted.rpt -pb top_level_drc_opted.pb -rpx top_level_drc_opted.rpx
Command: report_drc -file top_level_drc_opted.rpt -pb top_level_drc_opted.pb -rpx top_level_drc_opted.rpx
INFO: [IP_Flow 19-234] Refreshing IP repositories
INFO: [IP_Flow 19-1704] No user IP repositories specified
INFO: [IP_Flow 19-2313] Loaded Vivado IP repository 'C:/Xilinx/Vivado/2019.1/data/ip'.
INFO: [DRC 23-27] Running DRC with 2 threads
INFO: [Coretcl 2-168] The results of DRC are in file U:/EE316/Project5/LCD_StateMachine/LCD_StateMachine.runs/impl_1/top_level_drc_opted.rpt.
report_drc completed successfully
Command: place_design
Attempting to get a license for feature 'Implementation' and/or device 'xc7z007s'
INFO: [Common 17-349] Got license for feature 'Implementation' and/or device 'xc7z007s'
INFO: [DRC 23-27] Running DRC with 2 threads
INFO: [Vivado_Tcl 4-198] DRC finished with 0 Errors
INFO: [Vivado_Tcl 4-199] Please refer to the DRC report (report_drc) for more information.
Running DRC as a precondition to command place_design
INFO: [DRC 23-27] Running DRC with 2 threads
WARNING: [DRC RPBF-3] IO port buffering is incomplete: Device port oSDA expects both input and output buffering but the buffers are incomplete.
INFO: [Vivado_Tcl 4-198] DRC finished with 0 Errors, 1 Warnings
INFO: [Vivado_Tcl 4-199] Please refer to the DRC report (report_drc) for more information.

Starting Placer Task
INFO: [Place 30-611] Multithreading enabled for place_design using a maximum of 2 CPUs

Phase 1 Placer Initialization

Phase 1.1 Placer Initialization Netlist Sorting
Netlist sorting complete. Time (s): cpu = 00:00:00 ; elapsed = 00:00:00 . Memory (MB): peak = 1380.617 ; gain = 0.000
Phase 1.1 Placer Initialization Netlist Sorting | Checksum: b5c85a65

Time (s): cpu = 00:00:00 ; elapsed = 00:00:00.010 . Memory (MB): peak = 1380.617 ; gain = 0.000
Netlist sorting complete. Time (s): cpu = 00:00:00 ; elapsed = 00:00:00 . Memory (MB): peak = 1380.617 ; gain = 0.000

Phase 1.2 IO Placement/ Clock Placement/ Build Placer Device
INFO: [Timing 38-35] Done setting XDC timing constraints.
Phase 1.2 IO Placement/ Clock Placement/ Build Placer Device | Checksum: 17abec64d

Time (s): cpu = 00:00:01 ; elapsed = 00:00:00.524 . Memory (MB): peak = 1380.617 ; gain = 0.000

Phase 1.3 Build Placer Netlist Model
Phase 1.3 Build Placer Netlist Model | Checksum: 206c21de1

Time (s): cpu = 00:00:02 ; elapsed = 00:00:00.813 . Memory (MB): peak = 1380.617 ; gain = 0.000

Phase 1.4 Constrain Clocks/Macros
Phase 1.4 Constrain Clocks/Macros | Checksum: 206c21de1

Time (s): cpu = 00:00:02 ; elapsed = 00:00:00.817 . Memory (MB): peak = 1380.617 ; gain = 0.000
Phase 1 Placer Initialization | Checksum: 206c21de1

Time (s): cpu = 00:00:02 ; elapsed = 00:00:00.821 . Memory (MB): peak = 1380.617 ; gain = 0.000

Phase 2 Global Placement

Phase 2.1 Floorplanning
Phase 2.1 Floorplanning | Checksum: 19b65e3b5

Time (s): cpu = 00:00:02 ; elapsed = 00:00:00.935 . Memory (MB): peak = 1380.617 ; gain = 0.000

Phase 2.2 Global Placement Core

Phase 2.2.1 Physical Synthesis In Placer
INFO: [Physopt 32-65] No nets found for high-fanout optimization.
INFO: [Physopt 32-232] Optimized 0 net. Created 0 new instance.
INFO: [Physopt 32-775] End 1 Pass. Optimized 0 net or cell. Created 0 new cell, deleted 0 existing cell and moved 0 existing cell
INFO: [Physopt 32-670] No setup violation found.  DSP Register Optimization was not performed.
INFO: [Physopt 32-670] No setup violation found.  Shift Register Optimization was not performed.
INFO: [Physopt 32-670] No setup violation found.  BRAM Register Optimization was not performed.
INFO: [Physopt 32-949] No candidate nets found for HD net replication
INFO: [Physopt 32-775] End 1 Pass. Optimized 0 net or cell. Created 0 new cell, deleted 0 existing cell and moved 0 existing cell
Netlist sorting complete. Time (s): cpu = 00:00:00 ; elapsed = 00:00:00.001 . Memory (MB): peak = 1380.617 ; gain = 0.000

Summary of Physical Synthesis Optimizations
============================================


----------------------------------------------------------------------------------------------------------------------------------------
|  Optimization                  |  Added Cells  |  Removed Cells  |  Optimized Cells/Nets  |  Dont Touch  |  Iterations  |  Elapsed   |
----------------------------------------------------------------------------------------------------------------------------------------
|  Very High Fanout              |            0  |              0  |                     0  |           0  |           1  |  00:00:00  |
|  DSP Register                  |            0  |              0  |                     0  |           0  |           0  |  00:00:00  |
|  Shift Register                |            0  |              0  |                     0  |           0  |           0  |  00:00:00  |
|  BRAM Register                 |            0  |              0  |                     0  |           0  |           0  |  00:00:00  |
|  HD Interface Net Replication  |            0  |              0  |                     0  |           0  |           1  |  00:00:00  |
|  Total                         |            0  |              0  |                     0  |           0  |           2  |  00:00:00  |
----------------------------------------------------------------------------------------------------------------------------------------


Phase 2.2.1 Physical Synthesis In Placer | Checksum: 1d331f089

Time (s): cpu = 00:00:05 ; elapsed = 00:00:02 . Memory (MB): peak = 1380.617 ; gain = 0.000
Phase 2.2 Global Placement Core | Checksum: 22ed298d9

Time (s): cpu = 00:00:05 ; elapsed = 00:00:02 . Memory (MB): peak = 1380.617 ; gain = 0.000
Phase 2 Global Placement | Checksum: 22ed298d9

Time (s): cpu = 00:00:05 ; elapsed = 00:00:02 . Memory (MB): peak = 1380.617 ; gain = 0.000

Phase 3 Detail Placement

Phase 3.1 Commit Multi Column Macros
Phase 3.1 Commit Multi Column Macros | Checksum: 256d50722

Time (s): cpu = 00:00:05 ; elapsed = 00:00:02 . Memory (MB): peak = 1380.617 ; gain = 0.000

Phase 3.2 Commit Most Macros & LUTRAMs
Phase 3.2 Commit Most Macros & LUTRAMs | Checksum: 24dba43c1

Time (s): cpu = 00:00:05 ; elapsed = 00:00:03 . Memory (MB): peak = 1380.617 ; gain = 0.000

Phase 3.3 Area Swap Optimization
Phase 3.3 Area Swap Optimization | Checksum: 1ef1cbdb2

Time (s): cpu = 00:00:05 ; elapsed = 00:00:03 . Memory (MB): peak = 1380.617 ; gain = 0.000

Phase 3.4 Pipeline Register Optimization
Phase 3.4 Pipeline Register Optimization | Checksum: 1bc0126d0

Time (s): cpu = 00:00:05 ; elapsed = 00:00:03 . Memory (MB): peak = 1380.617 ; gain = 0.000

Phase 3.5 Small Shape Detail Placement
Phase 3.5 Small Shape Detail Placement | Checksum: 1d31a8f49

Time (s): cpu = 00:00:06 ; elapsed = 00:00:03 . Memory (MB): peak = 1380.617 ; gain = 0.000

Phase 3.6 Re-assign LUT pins
Phase 3.6 Re-assign LUT pins | Checksum: 1824d4403

Time (s): cpu = 00:00:06 ; elapsed = 00:00:03 . Memory (MB): peak = 1380.617 ; gain = 0.000

Phase 3.7 Pipeline Register Optimization
Phase 3.7 Pipeline Register Optimization | Checksum: 19571dce9

Time (s): cpu = 00:00:06 ; elapsed = 00:00:03 . Memory (MB): peak = 1380.617 ; gain = 0.000
Phase 3 Detail Placement | Checksum: 19571dce9

Time (s): cpu = 00:00:06 ; elapsed = 00:00:03 . Memory (MB): peak = 1380.617 ; gain = 0.000

Phase 4 Post Placement Optimization and Clean-Up

Phase 4.1 Post Commit Optimization
INFO: [Timing 38-35] Done setting XDC timing constraints.

Phase 4.1.1 Post Placement Optimization
Post Placement Optimization Initialization | Checksum: 1c1dae713

Phase 4.1.1.1 BUFG Insertion
INFO: [Place 46-56] BUFG insertion identified 0 candidate nets. Inserted BUFG: 0, Replicated BUFG Driver: 0, Skipped due to Placement/Routing Conflicts: 0, Skipped due to Timing Degradation: 0, Skipped due to Illegal Netlist: 0.
Phase 4.1.1.1 BUFG Insertion | Checksum: 1c1dae713

Time (s): cpu = 00:00:06 ; elapsed = 00:00:03 . Memory (MB): peak = 1385.406 ; gain = 4.789
INFO: [Place 30-746] Post Placement Timing Summary WNS=1.116. For the most accurate timing information please run report_timing.
Phase 4.1.1 Post Placement Optimization | Checksum: 187026971

Time (s): cpu = 00:00:06 ; elapsed = 00:00:03 . Memory (MB): peak = 1385.406 ; gain = 4.789
Phase 4.1 Post Commit Optimization | Checksum: 187026971

Time (s): cpu = 00:00:06 ; elapsed = 00:00:03 . Memory (MB): peak = 1385.406 ; gain = 4.789

Phase 4.2 Post Placement Cleanup
Phase 4.2 Post Placement Cleanup | Checksum: 187026971

Time (s): cpu = 00:00:06 ; elapsed = 00:00:03 . Memory (MB): peak = 1385.406 ; gain = 4.789

Phase 4.3 Placer Reporting
Phase 4.3 Placer Reporting | Checksum: 187026971

Time (s): cpu = 00:00:06 ; elapsed = 00:00:03 . Memory (MB): peak = 1385.406 ; gain = 4.789

Phase 4.4 Final Placement Cleanup
Netlist sorting complete. Time (s): cpu = 00:00:00 ; elapsed = 00:00:00 . Memory (MB): peak = 1385.406 ; gain = 0.000
Phase 4.4 Final Placement Cleanup | Checksum: 12100c2e2

Time (s): cpu = 00:00:06 ; elapsed = 00:00:03 . Memory (MB): peak = 1385.406 ; gain = 4.789
Phase 4 Post Placement Optimization and Clean-Up | Checksum: 12100c2e2

Time (s): cpu = 00:00:06 ; elapsed = 00:00:03 . Memory (MB): peak = 1385.406 ; gain = 4.789
Ending Placer Task | Checksum: bbd4129a

Time (s): cpu = 00:00:06 ; elapsed = 00:00:03 . Memory (MB): peak = 1385.406 ; gain = 4.789
INFO: [Common 17-83] Releasing license: Implementation
53 Infos, 2 Warnings, 0 Critical Warnings and 0 Errors encountered.
place_design completed successfully
Netlist sorting complete. Time (s): cpu = 00:00:00 ; elapsed = 00:00:00 . Memory (MB): peak = 1385.406 ; gain = 0.000
INFO: [Timing 38-480] Writing timing data to binary archive.
Writing placer database...
Writing XDEF routing.
Writing XDEF routing logical nets.
Writing XDEF routing special nets.
Write XDEF Complete: Time (s): cpu = 00:00:01 ; elapsed = 00:00:00.575 . Memory (MB): peak = 1386.469 ; gain = 1.062
INFO: [Common 17-1381] The checkpoint 'U:/EE316/Project5/LCD_StateMachine/LCD_StateMachine.runs/impl_1/top_level_placed.dcp' has been generated.
INFO: [runtcl-4] Executing : report_io -file top_level_io_placed.rpt
report_io: Time (s): cpu = 00:00:00 ; elapsed = 00:00:00.064 . Memory (MB): peak = 1386.469 ; gain = 0.000
INFO: [runtcl-4] Executing : report_utilization -file top_level_utilization_placed.rpt -pb top_level_utilization_placed.pb
INFO: [runtcl-4] Executing : report_control_sets -verbose -file top_level_control_sets_placed.rpt
report_control_sets: Time (s): cpu = 00:00:00 ; elapsed = 00:00:00.038 . Memory (MB): peak = 1386.469 ; gain = 0.000
Command: route_design
Attempting to get a license for feature 'Implementation' and/or device 'xc7z007s'
INFO: [Common 17-349] Got license for feature 'Implementation' and/or device 'xc7z007s'
Running DRC as a precondition to command route_design
INFO: [DRC 23-27] Running DRC with 2 threads
INFO: [Vivado_Tcl 4-198] DRC finished with 0 Errors
INFO: [Vivado_Tcl 4-199] Please refer to the DRC report (report_drc) for more information.


Starting Routing Task
INFO: [Route 35-254] Multithreading enabled for route_design using a maximum of 2 CPUs
Checksum: PlaceDB: acad626f ConstDB: 0 ShapeSum: f26b02b RouteDB: 0

Phase 1 Build RT Design
Phase 1 Build RT Design | Checksum: 125d15d61

Time (s): cpu = 00:00:11 ; elapsed = 00:00:10 . Memory (MB): peak = 1446.078 ; gain = 42.578
Post Restoration Checksum: NetGraph: 4360ecbb NumContArr: e27070a6 Constraints: 0 Timing: 0

Phase 2 Router Initialization

Phase 2.1 Create Timer
Phase 2.1 Create Timer | Checksum: 125d15d61

Time (s): cpu = 00:00:11 ; elapsed = 00:00:10 . Memory (MB): peak = 1478.383 ; gain = 74.883

Phase 2.2 Fix Topology Constraints
Phase 2.2 Fix Topology Constraints | Checksum: 125d15d61

Time (s): cpu = 00:00:11 ; elapsed = 00:00:10 . Memory (MB): peak = 1484.441 ; gain = 80.941

Phase 2.3 Pre Route Cleanup
Phase 2.3 Pre Route Cleanup | Checksum: 125d15d61

Time (s): cpu = 00:00:11 ; elapsed = 00:00:10 . Memory (MB): peak = 1484.441 ; gain = 80.941
 Number of Nodes with overlaps = 0

Phase 2.4 Update Timing
Phase 2.4 Update Timing | Checksum: fe798079

Time (s): cpu = 00:00:12 ; elapsed = 00:00:10 . Memory (MB): peak = 1492.246 ; gain = 88.746
INFO: [Route 35-416] Intermediate Timing Summary | WNS=1.218  | TNS=0.000  | WHS=-0.110 | THS=-12.593|

Phase 2 Router Initialization | Checksum: 140e67b8a

Time (s): cpu = 00:00:12 ; elapsed = 00:00:11 . Memory (MB): peak = 1492.246 ; gain = 88.746

Router Utilization Summary
  Global Vertical Routing Utilization    = 0.0427928 %
  Global Horizontal Routing Utilization  = 0.0772059 %
  Routable Net Status*
  *Does not include unroutable nets such as driverless and loadless.
  Run report_route_status for detailed report.
  Number of Failed Nets               = 1520
    (Failed Nets is the sum of unrouted and partially routed nets)
  Number of Unrouted Nets             = 1502
  Number of Partially Routed Nets     = 18
  Number of Node Overlaps             = 233


Phase 3 Initial Routing
Phase 3 Initial Routing | Checksum: 1a21df587

Time (s): cpu = 00:00:12 ; elapsed = 00:00:11 . Memory (MB): peak = 1492.246 ; gain = 88.746

Phase 4 Rip-up And Reroute

Phase 4.1 Global Iteration 0
 Number of Nodes with overlaps = 231
 Number of Nodes with overlaps = 45
 Number of Nodes with overlaps = 14
 Number of Nodes with overlaps = 7
 Number of Nodes with overlaps = 3
 Number of Nodes with overlaps = 2
 Number of Nodes with overlaps = 0
INFO: [Route 35-416] Intermediate Timing Summary | WNS=1.390  | TNS=0.000  | WHS=N/A    | THS=N/A    |

Phase 4.1 Global Iteration 0 | Checksum: 16bd50a8f

Time (s): cpu = 00:00:14 ; elapsed = 00:00:12 . Memory (MB): peak = 1492.246 ; gain = 88.746

Phase 4.2 Global Iteration 1
 Number of Nodes with overlaps = 1
 Number of Nodes with overlaps = 0
INFO: [Route 35-416] Intermediate Timing Summary | WNS=1.399  | TNS=0.000  | WHS=N/A    | THS=N/A    |

Phase 4.2 Global Iteration 1 | Checksum: 16e23fff1

Time (s): cpu = 00:00:14 ; elapsed = 00:00:12 . Memory (MB): peak = 1492.246 ; gain = 88.746
Phase 4 Rip-up And Reroute | Checksum: 16e23fff1

Time (s): cpu = 00:00:14 ; elapsed = 00:00:12 . Memory (MB): peak = 1492.246 ; gain = 88.746

Phase 5 Delay and Skew Optimization

Phase 5.1 Delay CleanUp
Phase 5.1 Delay CleanUp | Checksum: 16e23fff1

Time (s): cpu = 00:00:14 ; elapsed = 00:00:12 . Memory (MB): peak = 1492.246 ; gain = 88.746

Phase 5.2 Clock Skew Optimization
Phase 5.2 Clock Skew Optimization | Checksum: 16e23fff1

Time (s): cpu = 00:00:14 ; elapsed = 00:00:12 . Memory (MB): peak = 1492.246 ; gain = 88.746
Phase 5 Delay and Skew Optimization | Checksum: 16e23fff1

Time (s): cpu = 00:00:14 ; elapsed = 00:00:12 . Memory (MB): peak = 1492.246 ; gain = 88.746

Phase 6 Post Hold Fix

Phase 6.1 Hold Fix Iter

Phase 6.1.1 Update Timing
Phase 6.1.1 Update Timing | Checksum: 17f3911f8

Time (s): cpu = 00:00:14 ; elapsed = 00:00:12 . Memory (MB): peak = 1492.246 ; gain = 88.746
INFO: [Route 35-416] Intermediate Timing Summary | WNS=1.413  | TNS=0.000  | WHS=0.030  | THS=0.000  |

Phase 6.1 Hold Fix Iter | Checksum: 1acd954c4

Time (s): cpu = 00:00:14 ; elapsed = 00:00:12 . Memory (MB): peak = 1492.246 ; gain = 88.746
Phase 6 Post Hold Fix | Checksum: 1acd954c4

Time (s): cpu = 00:00:14 ; elapsed = 00:00:12 . Memory (MB): peak = 1492.246 ; gain = 88.746

Phase 7 Route finalize

Router Utilization Summary
  Global Vertical Routing Utilization    = 0.592342 %
  Global Horizontal Routing Utilization  = 0.782858 %
  Routable Net Status*
  *Does not include unroutable nets such as driverless and loadless.
  Run report_route_status for detailed report.
  Number of Failed Nets               = 0
    (Failed Nets is the sum of unrouted and partially routed nets)
  Number of Unrouted Nets             = 0
  Number of Partially Routed Nets     = 0
  Number of Node Overlaps             = 0

Phase 7 Route finalize | Checksum: 17ef9a90e

Time (s): cpu = 00:00:14 ; elapsed = 00:00:12 . Memory (MB): peak = 1492.246 ; gain = 88.746

Phase 8 Verifying routed nets

 Verification completed successfully
Phase 8 Verifying routed nets | Checksum: 17ef9a90e

Time (s): cpu = 00:00:14 ; elapsed = 00:00:12 . Memory (MB): peak = 1492.543 ; gain = 89.043

Phase 9 Depositing Routes
Phase 9 Depositing Routes | Checksum: 1a2bb8ebd

Time (s): cpu = 00:00:14 ; elapsed = 00:00:12 . Memory (MB): peak = 1492.543 ; gain = 89.043

Phase 10 Post Router Timing
INFO: [Route 35-57] Estimated Timing Summary | WNS=1.413  | TNS=0.000  | WHS=0.030  | THS=0.000  |

INFO: [Route 35-327] The final timing numbers are based on the router estimated timing analysis. For a complete and accurate timing signoff, please run report_timing_summary.
Phase 10 Post Router Timing | Checksum: 1a2bb8ebd

Time (s): cpu = 00:00:14 ; elapsed = 00:00:12 . Memory (MB): peak = 1492.543 ; gain = 89.043
INFO: [Route 35-16] Router Completed Successfully

Time (s): cpu = 00:00:14 ; elapsed = 00:00:12 . Memory (MB): peak = 1492.543 ; gain = 89.043

Routing Is Done.
INFO: [Common 17-83] Releasing license: Implementation
71 Infos, 2 Warnings, 0 Critical Warnings and 0 Errors encountered.
route_design completed successfully
route_design: Time (s): cpu = 00:00:15 ; elapsed = 00:00:13 . Memory (MB): peak = 1492.543 ; gain = 106.074
Netlist sorting complete. Time (s): cpu = 00:00:00 ; elapsed = 00:00:00.001 . Memory (MB): peak = 1492.543 ; gain = 0.000
INFO: [Timing 38-480] Writing timing data to binary archive.
Writing placer database...
Writing XDEF routing.
Writing XDEF routing logical nets.
Writing XDEF routing special nets.
Write XDEF Complete: Time (s): cpu = 00:00:00 ; elapsed = 00:00:00.621 . Memory (MB): peak = 1504.141 ; gain = 11.598
INFO: [Common 17-1381] The checkpoint 'U:/EE316/Project5/LCD_StateMachine/LCD_StateMachine.runs/impl_1/top_level_routed.dcp' has been generated.
INFO: [runtcl-4] Executing : report_drc -file top_level_drc_routed.rpt -pb top_level_drc_routed.pb -rpx top_level_drc_routed.rpx
Command: report_drc -file top_level_drc_routed.rpt -pb top_level_drc_routed.pb -rpx top_level_drc_routed.rpx
INFO: [IP_Flow 19-1839] IP Catalog is up to date.
INFO: [DRC 23-27] Running DRC with 2 threads
INFO: [Coretcl 2-168] The results of DRC are in file U:/EE316/Project5/LCD_StateMachine/LCD_StateMachine.runs/impl_1/top_level_drc_routed.rpt.
report_drc completed successfully
INFO: [runtcl-4] Executing : report_methodology -file top_level_methodology_drc_routed.rpt -pb top_level_methodology_drc_routed.pb -rpx top_level_methodology_drc_routed.rpx
Command: report_methodology -file top_level_methodology_drc_routed.rpt -pb top_level_methodology_drc_routed.pb -rpx top_level_methodology_drc_routed.rpx
INFO: [Timing 38-35] Done setting XDC timing constraints.
INFO: [DRC 23-133] Running Methodology with 2 threads
INFO: [Coretcl 2-1520] The results of Report Methodology are in file U:/EE316/Project5/LCD_StateMachine/LCD_StateMachine.runs/impl_1/top_level_methodology_drc_routed.rpt.
report_methodology completed successfully
INFO: [runtcl-4] Executing : report_power -file top_level_power_routed.rpt -pb top_level_power_summary_routed.pb -rpx top_level_power_routed.rpx
Command: report_power -file top_level_power_routed.rpt -pb top_level_power_summary_routed.pb -rpx top_level_power_routed.rpx
INFO: [Timing 38-35] Done setting XDC timing constraints.
Running Vector-less Activity Propagation...

Finished Running Vector-less Activity Propagation
83 Infos, 2 Warnings, 0 Critical Warnings and 0 Errors encountered.
report_power completed successfully
INFO: [runtcl-4] Executing : report_route_status -file top_level_route_status.rpt -pb top_level_route_status.pb
INFO: [runtcl-4] Executing : report_timing_summary -max_paths 10 -file top_level_timing_summary_routed.rpt -pb top_level_timing_summary_routed.pb -rpx top_level_timing_summary_routed.rpx -warn_on_violation 
INFO: [Timing 38-91] UpdateTimingParams: Speed grade: -1, Delay Type: min_max.
INFO: [Timing 38-191] Multithreading enabled for timing update using a maximum of 2 CPUs
INFO: [runtcl-4] Executing : report_incremental_reuse -file top_level_incremental_reuse_routed.rpt
INFO: [Vivado_Tcl 4-1062] Incremental flow is disabled. No incremental reuse Info to report.
INFO: [runtcl-4] Executing : report_clock_utilization -file top_level_clock_utilization_routed.rpt
INFO: [runtcl-4] Executing : report_bus_skew -warn_on_violation -file top_level_bus_skew_routed.rpt -pb top_level_bus_skew_routed.pb -rpx top_level_bus_skew_routed.rpx
INFO: [Timing 38-91] UpdateTimingParams: Speed grade: -1, Delay Type: min_max.
INFO: [Timing 38-191] Multithreading enabled for timing update using a maximum of 2 CPUs
Command: write_bitstream -force top_level.bit
Attempting to get a license for feature 'Implementation' and/or device 'xc7z007s'
INFO: [Common 17-349] Got license for feature 'Implementation' and/or device 'xc7z007s'
Running DRC as a precondition to command write_bitstream
INFO: [IP_Flow 19-1839] IP Catalog is up to date.
INFO: [DRC 23-27] Running DRC with 2 threads
WARNING: [DRC PDRC-153] Gated clock check: Net inst_keyboard/ascii_code_reg[4]_0 is a gated clock net sourced by a combinational pin inst_keyboard/led0_r_reg_i_2/O, cell inst_keyboard/led0_r_reg_i_2. This is not good design practice and will likely impact performance. For SLICE registers, for example, use the CE pin to control the loading of data.
WARNING: [DRC ZPS7-1] PS7 block required: The PS7 cell must be used in this Zynq design in order to enable correct default configuration.
INFO: [Vivado 12-3199] DRC finished with 0 Errors, 2 Warnings
INFO: [Vivado 12-3200] Please refer to the DRC report (report_drc) for more information.
INFO: [Designutils 20-2272] Running write_bitstream with 2 threads.
Loading data files...
Loading site data...
Loading route data...
Processing options...
Creating bitmap...
Creating bitstream...
Writing bitstream ./top_level.bit...
INFO: [Vivado 12-1842] Bitgen Completed Successfully.
INFO: [Common 17-83] Releasing license: Implementation
101 Infos, 4 Warnings, 0 Critical Warnings and 0 Errors encountered.
write_bitstream completed successfully
write_bitstream: Time (s): cpu = 00:00:10 ; elapsed = 00:00:10 . Memory (MB): peak = 1947.555 ; gain = 415.617
INFO: [Common 17-206] Exiting Vivado at Tue Apr  8 11:23:50 2025...
