Copyright 1986-2019 Xilinx, Inc. All Rights Reserved.
--------------------------------------------------------------------------------------
| Tool Version : Vivado v.2019.1 (win64) Build 2552052 Fri May 24 14:49:42 MDT 2019
| Date         : Tue Apr  8 11:23:23 2025
| Host         : UL-32 running 64-bit major release  (build 9200)
| Command      : report_control_sets -verbose -file top_level_control_sets_placed.rpt
| Design       : top_level
| Device       : xc7z007s
--------------------------------------------------------------------------------------

Control Set Information

Table of Contents
-----------------
1. Summary
2. Histogram
3. Flip-Flop Distribution
4. Detailed Control Set Information

1. Summary
----------

+----------------------------------------------------------+-------+
|                          Status                          | Count |
+----------------------------------------------------------+-------+
| Total control sets                                       |    40 |
|    Minimum number of control sets                        |    40 |
|    Addition due to synthesis replication                 |     0 |
|    Addition due to physical synthesis replication        |     0 |
| Unused register locations in slices containing registers |    82 |
+----------------------------------------------------------+-------+
* Control sets can be merged at opt_design using control_set_merge or merge_equivalent_drivers
** Run report_qor_suggestions for automated merging and remapping suggestions


2. Histogram
------------

+--------------------+-------+
|       Fanout       | Count |
+--------------------+-------+
| Total control sets |    40 |
| >= 0 to < 4        |     2 |
| >= 4 to < 6        |     4 |
| >= 6 to < 8        |     5 |
| >= 8 to < 10       |     6 |
| >= 10 to < 12      |     3 |
| >= 12 to < 14      |     2 |
| >= 14 to < 16      |     0 |
| >= 16              |    18 |
+--------------------+-------+
* Control sets can be remapped at either synth_design or opt_design


3. Flip-Flop Distribution
-------------------------

+--------------+-----------------------+------------------------+-----------------+--------------+
| Clock Enable | Synchronous Set/Reset | Asynchronous Set/Reset | Total Registers | Total Slices |
+--------------+-----------------------+------------------------+-----------------+--------------+
| No           | No                    | No                     |             166 |           57 |
| No           | No                    | Yes                    |              44 |           15 |
| No           | Yes                   | No                     |              93 |           24 |
| Yes          | No                    | No                     |             500 |          138 |
| Yes          | No                    | Yes                    |              32 |           10 |
| Yes          | Yes                   | No                     |             195 |           43 |
+--------------+-----------------------+------------------------+-----------------+--------------+


4. Detailed Control Set Information
-----------------------------------

+----------------------------------------------------+---------------------------------------------------------------------------+------------------------------------------------------------+------------------+----------------+
|                    Clock Signal                    |                               Enable Signal                               |                      Set/Reset Signal                      | Slice Load Count | Bel Load Count |
+----------------------------------------------------+---------------------------------------------------------------------------+------------------------------------------------------------+------------------+----------------+
|  tx_clk_BUFG                                       | inst_uart/tx_out_i_1_n_1                                                  | inst_reset_delay/AR[0]                                     |                1 |              1 |
|  inst_keyboard/ascii_code_reg[4]_0                 |                                                                           |                                                            |                1 |              3 |
|  tx_clk_BUFG                                       | inst_uart/rx_sample_cnt[3]_i_1_n_1                                        | inst_reset_delay/AR[0]                                     |                1 |              4 |
|  tx_clk_BUFG                                       | inst_uart/rx_cnt[3]_i_1_n_1                                               | inst_reset_delay/AR[0]                                     |                2 |              4 |
|  iclk_IBUF_BUFG                                    |                                                                           | inst_reset_delay/AR[0]                                     |                1 |              4 |
|  tx_clk_BUFG                                       | inst_uart/tx_is_empty1                                                    | inst_reset_delay/AR[0]                                     |                2 |              4 |
|  tx_clk_BUFG                                       | inst_uart/tx_is_empty_reg_n_1                                             | inst_reset_delay/AR[0]                                     |                1 |              6 |
|  iclk_IBUF_BUFG                                    | inst_rotary_x/E[0]                                                        | inst_reset_delay/AR[0]                                     |                1 |              6 |
|  iclk_IBUF_BUFG                                    | inst_LCD/INST_i2c_manager/busy1                                           | inst_LCD/INST_i2c_manager/FSM_onehot_state[8]_i_3_n_1      |                2 |              7 |
|  iclk_IBUF_BUFG                                    | inst_LCD/INST_i2c_manager/addr_rw0                                        |                                                            |                3 |              7 |
|  iclk_IBUF_BUFG                                    | inst_keyboard/ps2_keyboard_0/ps2_code_reg[0]_0                            |                                                            |                7 |              7 |
|  iclk_IBUF_BUFG                                    | inst_LCD/INST_i2c_manager/E[0]                                            |                                                            |                3 |              8 |
|  iclk_IBUF_BUFG                                    | inst_state/state_sig_active[12]                                           |                                                            |                1 |              8 |
|  iclk_IBUF_BUFG                                    | en                                                                        | inst_shift_lcd/sr[127]_i_1_n_1                             |                2 |              8 |
|  iclk_IBUF_BUFG                                    | inst_state/state_sig_active[4]                                            |                                                            |                1 |              8 |
|  iclk_IBUF_BUFG                                    | inst_keyboard/ps2_keyboard_0/ps2_code_new0                                |                                                            |                2 |              8 |
|  iclk_IBUF_BUFG                                    | inst_keyboard/E[0]                                                        |                                                            |                1 |              8 |
|  iclk_IBUF_BUFG                                    | inst_keyboard/ps2_keyboard_0/debounce_ps2_clk/sel                         | inst_keyboard/ps2_keyboard_0/debounce_ps2_clk/counter_set  |                2 |             11 |
|  iclk_IBUF_BUFG                                    | inst_keyboard/ps2_keyboard_0/debounce_ps2_data/counter_out[10]_i_2__0_n_1 | inst_keyboard/ps2_keyboard_0/debounce_ps2_data/counter_set |                3 |             11 |
| ~inst_keyboard/ps2_keyboard_0/debounce_ps2_clk/CLK |                                                                           |                                                            |                3 |             11 |
|  iclk_IBUF_BUFG                                    | inst_keyboard/ps2_keyboard_0/count_idle[0]_i_2_n_1                        | inst_keyboard/ps2_keyboard_0/debounce_ps2_clk/clear        |                4 |             13 |
|  iclk_IBUF_BUFG                                    |                                                                           | tx_inst/clk_cnt[13]_i_1_n_1                                |                4 |             13 |
|  iclk_IBUF_BUFG                                    |                                                                           | inst_debounce/btn_cntr[0]_i_1_n_1                          |                4 |             16 |
|  iclk_IBUF_BUFG                                    |                                                                           | inst_rotary_y/inst_B/btn_cntr[0]_i_1__3_n_1                |                4 |             16 |
|  iclk_IBUF_BUFG                                    |                                                                           | inst_rotary_y/inst_A/btn_cntr[0]_i_1__2_n_1                |                4 |             16 |
|  iclk_IBUF_BUFG                                    |                                                                           | inst_rotary_x/inst_B/btn_cntr[0]_i_1__1_n_1                |                4 |             16 |
|  iclk_IBUF_BUFG                                    |                                                                           | inst_rotary_x/inst_A/btn_cntr[0]_i_1__0_n_1                |                4 |             16 |
|  iclk_IBUF_BUFG                                    |                                                                           | inst_LCD/INST_i2c_manager/FSM_onehot_state[8]_i_3_n_1      |                9 |             19 |
|  iclk_IBUF_BUFG                                    | inst_reset_delay/sel                                                      |                                                            |                5 |             20 |
|  tx_clk_BUFG                                       |                                                                           | inst_reset_delay/AR[0]                                     |                5 |             21 |
|  iclk_IBUF_BUFG                                    | inst_keyboard/ascii_code[7]_i_1_n_1                                       |                                                            |                8 |             26 |
|  iclk_IBUF_BUFG                                    | inst_LCD/Counter[0]_i_1_n_1                                               |                                                            |                8 |             32 |
|  iclk_IBUF_BUFG                                    | inst_keyboard/enter_flag_reg                                              | inst_keyboard/enter_flag_reg_0                             |                9 |             32 |
|  iclk_IBUF_BUFG                                    | inst_state/state_sig_active[63]_i_1_n_1                                   |                                                            |               15 |             47 |
|  iclk_IBUF_BUFG                                    |                                                                           |                                                            |               26 |             56 |
|  iclk_IBUF_BUFG                                    | inst_state/state_out[63]_i_1_n_1                                          |                                                            |               19 |             64 |
|  iclk_IBUF_BUFG                                    | n_0_834_BUFG                                                              |                                                            |               22 |             64 |
|  n_0_834_BUFG                                      |                                                                           |                                                            |               27 |             96 |
|  iclk_IBUF_BUFG                                    | en                                                                        | reset                                                      |               23 |            120 |
|  iclk_IBUF_BUFG                                    | inst_LCD/regBusy                                                          |                                                            |               43 |            193 |
+----------------------------------------------------+---------------------------------------------------------------------------+------------------------------------------------------------+------------------+----------------+


