Copyright 1986-2019 Xilinx, Inc. All Rights Reserved.
---------------------------------------------------------------------------------------------------------------------
| Tool Version : Vivado v.2019.1 (win64) Build 2552052 Fri May 24 14:49:42 MDT 2019
| Date         : Tue Apr  8 11:23:39 2025
| Host         : UL-32 running 64-bit major release  (build 9200)
| Command      : report_drc -file top_level_drc_routed.rpt -pb top_level_drc_routed.pb -rpx top_level_drc_routed.rpx
| Design       : top_level
| Device       : xc7z007sclg400-1
| Speed File   : -1
| Design State : Fully Routed
---------------------------------------------------------------------------------------------------------------------

Report DRC

Table of Contents
-----------------
1. REPORT SUMMARY
2. REPORT DETAILS

1. REPORT SUMMARY
-----------------
            Netlist: netlist
          Floorplan: design_1
      Design limits: <entire design considered>
           Ruledeck: default
             Max violations: <unlimited>
             Violations found: 3
+----------+----------+---------------------------------+------------+
| Rule     | Severity | Description                     | Violations |
+----------+----------+---------------------------------+------------+
| PDRC-153 | Warning  | Gated clock check               | 1          |
| RPBF-3   | Warning  | IO port buffering is incomplete | 1          |
| ZPS7-1   | Warning  | PS7 block required              | 1          |
+----------+----------+---------------------------------+------------+

2. REPORT DETAILS
-----------------
PDRC-153#1 Warning
Gated clock check  
Net inst_keyboard/ascii_code_reg[4]_0 is a gated clock net sourced by a combinational pin inst_keyboard/led0_r_reg_i_2/O, cell inst_keyboard/led0_r_reg_i_2. This is not good design practice and will likely impact performance. For SLICE registers, for example, use the CE pin to control the loading of data.
Related violations: <none>

RPBF-3#1 Warning
IO port buffering is incomplete  
Device port oSDA expects both input and output buffering but the buffers are incomplete.
Related violations: <none>

ZPS7-1#1 Warning
PS7 block required  
The PS7 cell must be used in this Zynq design in order to enable correct default configuration.
Related violations: <none>


