Copyright 1986-2019 Xilinx, Inc. All Rights Reserved.
-----------------------------------------------------------------------------------------------------------------------------------------------------------------
| Tool Version : Vivado v.2019.1 (win64) Build 2552052 Fri May 24 14:49:42 MDT 2019
| Date         : Mon Apr  7 14:57:15 2025
| Host         : UL-32 running 64-bit major release  (build 9200)
| Command      : report_methodology -file top_level_methodology_drc_routed.rpt -pb top_level_methodology_drc_routed.pb -rpx top_level_methodology_drc_routed.rpx
| Design       : top_level
| Device       : xc7z007sclg400-1
| Speed File   : -1
| Design State : Fully Routed
-----------------------------------------------------------------------------------------------------------------------------------------------------------------

Report Methodology

Table of Contents
-----------------
1. REPORT SUMMARY
2. REPORT DETAILS

1. REPORT SUMMARY
-----------------
            Netlist: netlist
          Floorplan: design_1
      Design limits: <entire design considered>
             Max violations: <unlimited>
             Violations found: 50
+-----------+------------------+-------------------------------+------------+
| Rule      | Severity         | Description                   | Violations |
+-----------+------------------+-------------------------------+------------+
| TIMING-17 | Critical Warning | Non-clocked sequential cell   | 11         |
| LUTAR-1   | Warning          | LUT drives async reset alert  | 2          |
| TIMING-18 | Warning          | Missing input or output delay | 4          |
| TIMING-20 | Warning          | Non-clocked latch             | 33         |
+-----------+------------------+-------------------------------+------------+

2. REPORT DETAILS
-----------------
TIMING-17#1 Critical Warning
Non-clocked sequential cell  
The clock pin inst_keyboard/ps2_keyboard_0/ps2_word_reg[0]/C is not reached by a timing clock
Related violations: <none>

TIMING-17#2 Critical Warning
Non-clocked sequential cell  
The clock pin inst_keyboard/ps2_keyboard_0/ps2_word_reg[10]/C is not reached by a timing clock
Related violations: <none>

TIMING-17#3 Critical Warning
Non-clocked sequential cell  
The clock pin inst_keyboard/ps2_keyboard_0/ps2_word_reg[1]/C is not reached by a timing clock
Related violations: <none>

TIMING-17#4 Critical Warning
Non-clocked sequential cell  
The clock pin inst_keyboard/ps2_keyboard_0/ps2_word_reg[2]/C is not reached by a timing clock
Related violations: <none>

TIMING-17#5 Critical Warning
Non-clocked sequential cell  
The clock pin inst_keyboard/ps2_keyboard_0/ps2_word_reg[3]/C is not reached by a timing clock
Related violations: <none>

TIMING-17#6 Critical Warning
Non-clocked sequential cell  
The clock pin inst_keyboard/ps2_keyboard_0/ps2_word_reg[4]/C is not reached by a timing clock
Related violations: <none>

TIMING-17#7 Critical Warning
Non-clocked sequential cell  
The clock pin inst_keyboard/ps2_keyboard_0/ps2_word_reg[5]/C is not reached by a timing clock
Related violations: <none>

TIMING-17#8 Critical Warning
Non-clocked sequential cell  
The clock pin inst_keyboard/ps2_keyboard_0/ps2_word_reg[6]/C is not reached by a timing clock
Related violations: <none>

TIMING-17#9 Critical Warning
Non-clocked sequential cell  
The clock pin inst_keyboard/ps2_keyboard_0/ps2_word_reg[7]/C is not reached by a timing clock
Related violations: <none>

TIMING-17#10 Critical Warning
Non-clocked sequential cell  
The clock pin inst_keyboard/ps2_keyboard_0/ps2_word_reg[8]/C is not reached by a timing clock
Related violations: <none>

TIMING-17#11 Critical Warning
Non-clocked sequential cell  
The clock pin inst_keyboard/ps2_keyboard_0/ps2_word_reg[9]/C is not reached by a timing clock
Related violations: <none>

LUTAR-1#1 Warning
LUT drives async reset alert  
LUT cell inst_LCD/INST_i2c_manager/bit_cnt[0]_i_1, with 2 or more inputs, drives asynchronous preset/clear pin(s) inst_LCD/INST_i2c_manager/FSM_onehot_state_reg[1]/CLR, inst_LCD/INST_i2c_manager/FSM_onehot_state_reg[2]/CLR, inst_LCD/INST_i2c_manager/FSM_onehot_state_reg[3]/CLR, inst_LCD/INST_i2c_manager/FSM_onehot_state_reg[4]/CLR, inst_LCD/INST_i2c_manager/FSM_onehot_state_reg[5]/CLR, inst_LCD/INST_i2c_manager/FSM_onehot_state_reg[8]/CLR, inst_LCD/INST_i2c_manager/count_reg[0]/CLR, inst_LCD/INST_i2c_manager/count_reg[10]/CLR, inst_LCD/INST_i2c_manager/count_reg[11]/CLR, inst_LCD/INST_i2c_manager/count_reg[1]/CLR, inst_LCD/INST_i2c_manager/count_reg[2]/CLR, inst_LCD/INST_i2c_manager/count_reg[3]/CLR, inst_LCD/INST_i2c_manager/count_reg[4]/CLR, inst_LCD/INST_i2c_manager/count_reg[5]/CLR, inst_LCD/INST_i2c_manager/count_reg[6]/CLR (the first 15 of 26 listed). The LUT may glitch and trigger an unexpected reset, even if it is a properly timed path.
Related violations: <none>

LUTAR-1#2 Warning
LUT drives async reset alert  
LUT cell inst_shift/FSM_sequential_state[0]_i_1__0, with 2 or more inputs, drives asynchronous preset/clear pin(s) sr_reset_reg/CLR. The LUT may glitch and trigger an unexpected reset, even if it is a properly timed path.
Related violations: <none>

TIMING-18#1 Warning
Missing input or output delay  
An input delay is missing on oSCL relative to clock(s) sys_clk_pin
Related violations: <none>

TIMING-18#2 Warning
Missing input or output delay  
An input delay is missing on oSDA relative to clock(s) sys_clk_pin
Related violations: <none>

TIMING-18#3 Warning
Missing input or output delay  
An input delay is missing on ps2_clk relative to clock(s) sys_clk_pin
Related violations: <none>

TIMING-18#4 Warning
Missing input or output delay  
An input delay is missing on ps2_data relative to clock(s) sys_clk_pin
Related violations: <none>

TIMING-20#1 Warning
Non-clocked latch  
The latch count_reg[0] cannot be properly analyzed as its control pin count_reg[0]/G is not reached by a timing clock
Related violations: <none>

TIMING-20#2 Warning
Non-clocked latch  
The latch count_reg[10] cannot be properly analyzed as its control pin count_reg[10]/G is not reached by a timing clock
Related violations: <none>

TIMING-20#3 Warning
Non-clocked latch  
The latch count_reg[11] cannot be properly analyzed as its control pin count_reg[11]/G is not reached by a timing clock
Related violations: <none>

TIMING-20#4 Warning
Non-clocked latch  
The latch count_reg[12] cannot be properly analyzed as its control pin count_reg[12]/G is not reached by a timing clock
Related violations: <none>

TIMING-20#5 Warning
Non-clocked latch  
The latch count_reg[13] cannot be properly analyzed as its control pin count_reg[13]/G is not reached by a timing clock
Related violations: <none>

TIMING-20#6 Warning
Non-clocked latch  
The latch count_reg[14] cannot be properly analyzed as its control pin count_reg[14]/G is not reached by a timing clock
Related violations: <none>

TIMING-20#7 Warning
Non-clocked latch  
The latch count_reg[15] cannot be properly analyzed as its control pin count_reg[15]/G is not reached by a timing clock
Related violations: <none>

TIMING-20#8 Warning
Non-clocked latch  
The latch count_reg[16] cannot be properly analyzed as its control pin count_reg[16]/G is not reached by a timing clock
Related violations: <none>

TIMING-20#9 Warning
Non-clocked latch  
The latch count_reg[17] cannot be properly analyzed as its control pin count_reg[17]/G is not reached by a timing clock
Related violations: <none>

TIMING-20#10 Warning
Non-clocked latch  
The latch count_reg[18] cannot be properly analyzed as its control pin count_reg[18]/G is not reached by a timing clock
Related violations: <none>

TIMING-20#11 Warning
Non-clocked latch  
The latch count_reg[19] cannot be properly analyzed as its control pin count_reg[19]/G is not reached by a timing clock
Related violations: <none>

TIMING-20#12 Warning
Non-clocked latch  
The latch count_reg[1] cannot be properly analyzed as its control pin count_reg[1]/G is not reached by a timing clock
Related violations: <none>

TIMING-20#13 Warning
Non-clocked latch  
The latch count_reg[20] cannot be properly analyzed as its control pin count_reg[20]/G is not reached by a timing clock
Related violations: <none>

TIMING-20#14 Warning
Non-clocked latch  
The latch count_reg[21] cannot be properly analyzed as its control pin count_reg[21]/G is not reached by a timing clock
Related violations: <none>

TIMING-20#15 Warning
Non-clocked latch  
The latch count_reg[22] cannot be properly analyzed as its control pin count_reg[22]/G is not reached by a timing clock
Related violations: <none>

TIMING-20#16 Warning
Non-clocked latch  
The latch count_reg[23] cannot be properly analyzed as its control pin count_reg[23]/G is not reached by a timing clock
Related violations: <none>

TIMING-20#17 Warning
Non-clocked latch  
The latch count_reg[24] cannot be properly analyzed as its control pin count_reg[24]/G is not reached by a timing clock
Related violations: <none>

TIMING-20#18 Warning
Non-clocked latch  
The latch count_reg[25] cannot be properly analyzed as its control pin count_reg[25]/G is not reached by a timing clock
Related violations: <none>

TIMING-20#19 Warning
Non-clocked latch  
The latch count_reg[26] cannot be properly analyzed as its control pin count_reg[26]/G is not reached by a timing clock
Related violations: <none>

TIMING-20#20 Warning
Non-clocked latch  
The latch count_reg[27] cannot be properly analyzed as its control pin count_reg[27]/G is not reached by a timing clock
Related violations: <none>

TIMING-20#21 Warning
Non-clocked latch  
The latch count_reg[28] cannot be properly analyzed as its control pin count_reg[28]/G is not reached by a timing clock
Related violations: <none>

TIMING-20#22 Warning
Non-clocked latch  
The latch count_reg[29] cannot be properly analyzed as its control pin count_reg[29]/G is not reached by a timing clock
Related violations: <none>

TIMING-20#23 Warning
Non-clocked latch  
The latch count_reg[2] cannot be properly analyzed as its control pin count_reg[2]/G is not reached by a timing clock
Related violations: <none>

TIMING-20#24 Warning
Non-clocked latch  
The latch count_reg[30] cannot be properly analyzed as its control pin count_reg[30]/G is not reached by a timing clock
Related violations: <none>

TIMING-20#25 Warning
Non-clocked latch  
The latch count_reg[31] cannot be properly analyzed as its control pin count_reg[31]/G is not reached by a timing clock
Related violations: <none>

TIMING-20#26 Warning
Non-clocked latch  
The latch count_reg[3] cannot be properly analyzed as its control pin count_reg[3]/G is not reached by a timing clock
Related violations: <none>

TIMING-20#27 Warning
Non-clocked latch  
The latch count_reg[4] cannot be properly analyzed as its control pin count_reg[4]/G is not reached by a timing clock
Related violations: <none>

TIMING-20#28 Warning
Non-clocked latch  
The latch count_reg[5] cannot be properly analyzed as its control pin count_reg[5]/G is not reached by a timing clock
Related violations: <none>

TIMING-20#29 Warning
Non-clocked latch  
The latch count_reg[6] cannot be properly analyzed as its control pin count_reg[6]/G is not reached by a timing clock
Related violations: <none>

TIMING-20#30 Warning
Non-clocked latch  
The latch count_reg[7] cannot be properly analyzed as its control pin count_reg[7]/G is not reached by a timing clock
Related violations: <none>

TIMING-20#31 Warning
Non-clocked latch  
The latch count_reg[8] cannot be properly analyzed as its control pin count_reg[8]/G is not reached by a timing clock
Related violations: <none>

TIMING-20#32 Warning
Non-clocked latch  
The latch count_reg[9] cannot be properly analyzed as its control pin count_reg[9]/G is not reached by a timing clock
Related violations: <none>

TIMING-20#33 Warning
Non-clocked latch  
The latch sr_reset_reg cannot be properly analyzed as its control pin sr_reset_reg/G is not reached by a timing clock
Related violations: <none>


