srcscan starts
=============== Using vdb files for VHDL std libs ===========
INFO: The vhdl library search path for library "std" is now "C:/Xilinx/Vivado/2019.1/data/precomp_hsv/vhdl/std" (VHDL-1505)
INFO: The vhdl library search path for library "synopsys" is now "C:/Xilinx/Vivado/2019.1/data/precomp_hsv/vhdl/synopsys" (VHDL-1505)
INFO: The vhdl library search path for library "ieee" is now "C:/Xilinx/Vivado/2019.1/data/precomp_hsv/vhdl/ieee" (VHDL-1505)
INFO: The vhdl library search path for library "unimacro" is now "C:/Xilinx/Vivado/2019.1/data/precomp_hsv/vhdl/unimacro" (VHDL-1505)
INFO: The vhdl library search path for library "unisim" is now "C:/Xilinx/Vivado/2019.1/data/precomp_hsv/vhdl/unisim" (VHDL-1505)
INFO: The vhdl library search path for library "vl" is now "C:/Xilinx/Vivado/2019.1/data/precomp_hsv/vhdl/vl" (VHDL-1505)
INFO: The vhdl library search path for library "xpm" is now "C:/Xilinx/Vivado/2019.1/data/precomp_hsv/vhdl/xpm" (VHDL-1505)
-- Analyzing VHDL file "C:/Users/uonml/Documents/GitHub/EE316_2025/Project4/keyboard/project_4.srcs/sources_1/imports/Downloads/debounce.vhd" into library xil_defaultlib (VHDL-9003)
INFO: analyzing entity 'debounce' (VHDL-1012)
INFO: analyzing architecture 'logic' of entity 'debounce' (VHDL-9006)
-- Analyzing VHDL file "c:/Users/uonml/Documents/GitHub/EE316_2025/Project4/keyboard/project_4.srcs/sources_1/bd/design_1/ip/design_1_ps2_keyboard_to_ascii_0_1/synth/design_1_ps2_keyboard_to_ascii_0_1.vhd" into library xil_defaultlib (VHDL-9003)
INFO: analyzing entity 'design_1_ps2_keyboard_to_ascii_0_1' (VHDL-1012)
INFO: analyzing architecture 'design_1_ps2_keyboard_to_ascii_0_1_arch' of entity 'design_1_ps2_keyboard_to_ascii_0_1' (VHDL-9006)
-- Analyzing VHDL file "C:/Users/uonml/Documents/GitHub/EE316_2025/Project4/keyboard/project_4.srcs/sources_1/imports/Downloads/ps2_keyboard.vhd" into library xil_defaultlib (VHDL-9003)
INFO: analyzing entity 'ps2_keyboard' (VHDL-1012)
INFO: analyzing architecture 'logic' of entity 'ps2_keyboard' (VHDL-9006)
-- Analyzing VHDL file "C:/Users/uonml/Documents/GitHub/EE316_2025/Project4/keyboard/project_4.srcs/sources_1/imports/Downloads/ps2_keyboard_to_ascii.vhd" into library xil_defaultlib (VHDL-9003)
INFO: analyzing entity 'ps2_keyboard_to_ascii' (VHDL-1012)
INFO: analyzing architecture 'behavior' of entity 'ps2_keyboard_to_ascii' (VHDL-9006)
