
*** Running vivado
    with args -log design_1_user_logic_uart_0_1.vds -m64 -product Vivado -mode batch -messageDb vivado.pb -notrace -source design_1_user_logic_uart_0_1.tcl


****** Vivado v2019.1 (64-bit)
  **** SW Build 2552052 on Fri May 24 14:49:42 MDT 2019
  **** IP Build 2548770 on Fri May 24 18:01:18 MDT 2019
    ** Copyright 1986-2019 Xilinx, Inc. All Rights Reserved.

source design_1_user_logic_uart_0_1.tcl -notrace
Command: synth_design -top design_1_user_logic_uart_0_1 -part xc7z007sclg400-1 -mode out_of_context
Starting synth_design
WARNING: [IP_Flow 19-3571] IP 'design_1_user_logic_uart_0_1' is restricted:
* Module reference is stale and needs refreshing.
Attempting to get a license for feature 'Synthesis' and/or device 'xc7z007s'
INFO: [Common 17-349] Got license for feature 'Synthesis' and/or device 'xc7z007s'
INFO: Launching helper process for spawning children vivado processes
INFO: Helper process launched with PID 16928 
---------------------------------------------------------------------------------
Starting Synthesize : Time (s): cpu = 00:00:04 ; elapsed = 00:00:06 . Memory (MB): peak = 495.113 ; gain = 189.078
---------------------------------------------------------------------------------
INFO: [Synth 8-638] synthesizing module 'design_1_user_logic_uart_0_1' [c:/Users/uonml/Documents/GitHub/EE316_2025/Project4/keyboard/project_4.srcs/sources_1/bd/design_1/ip/design_1_user_logic_uart_0_1/synth/design_1_user_logic_uart_0_1.vhd:68]
INFO: [Synth 8-3491] module 'user_logic_uart' declared at 'C:/Users/uonml/Documents/GitHub/EE316_2025/Project4/keyboard/project_4.srcs/sources_1/new/user_logic_uart.vhd:34' bound to instance 'U0' of component 'user_logic_uart' [c:/Users/uonml/Documents/GitHub/EE316_2025/Project4/keyboard/project_4.srcs/sources_1/bd/design_1/ip/design_1_user_logic_uart_0_1/synth/design_1_user_logic_uart_0_1.vhd:95]
INFO: [Synth 8-638] synthesizing module 'user_logic_uart' [C:/Users/uonml/Documents/GitHub/EE316_2025/Project4/keyboard/project_4.srcs/sources_1/new/user_logic_uart.vhd:47]
INFO: [Synth 8-3491] module 'uart' declared at 'C:/Users/uonml/Documents/GitHub/EE316_2025/Project4/keyboard/project_4.srcs/sources_1/imports/Downloads/uart.vhd:12' bound to instance 'uut' of component 'uart' [C:/Users/uonml/Documents/GitHub/EE316_2025/Project4/keyboard/project_4.srcs/sources_1/new/user_logic_uart.vhd:85]
INFO: [Synth 8-638] synthesizing module 'uart' [C:/Users/uonml/Documents/GitHub/EE316_2025/Project4/keyboard/project_4.srcs/sources_1/imports/Downloads/uart.vhd:33]
WARNING: [Synth 8-6014] Unused sequential element rx_frame_err_reg was removed.  [C:/Users/uonml/Documents/GitHub/EE316_2025/Project4/keyboard/project_4.srcs/sources_1/imports/Downloads/uart.vhd:58]
WARNING: [Synth 8-6014] Unused sequential element rx_over_run_reg was removed.  [C:/Users/uonml/Documents/GitHub/EE316_2025/Project4/keyboard/project_4.srcs/sources_1/imports/Downloads/uart.vhd:59]
WARNING: [Synth 8-6014] Unused sequential element tx_over_run_reg was removed.  [C:/Users/uonml/Documents/GitHub/EE316_2025/Project4/keyboard/project_4.srcs/sources_1/imports/Downloads/uart.vhd:126]
INFO: [Synth 8-256] done synthesizing module 'uart' (1#1) [C:/Users/uonml/Documents/GitHub/EE316_2025/Project4/keyboard/project_4.srcs/sources_1/imports/Downloads/uart.vhd:33]
WARNING: [Synth 8-614] signal 'rx_in' is read in the process but is not in the sensitivity list [C:/Users/uonml/Documents/GitHub/EE316_2025/Project4/keyboard/project_4.srcs/sources_1/new/user_logic_uart.vhd:112]
WARNING: [Synth 8-614] signal 'prev' is read in the process but is not in the sensitivity list [C:/Users/uonml/Documents/GitHub/EE316_2025/Project4/keyboard/project_4.srcs/sources_1/new/user_logic_uart.vhd:112]
INFO: [Synth 8-4471] merging register 'uld_rx_data_reg' into 'ld_tx_data_reg' [C:/Users/uonml/Documents/GitHub/EE316_2025/Project4/keyboard/project_4.srcs/sources_1/new/user_logic_uart.vhd:97]
WARNING: [Synth 8-6014] Unused sequential element uld_rx_data_reg was removed.  [C:/Users/uonml/Documents/GitHub/EE316_2025/Project4/keyboard/project_4.srcs/sources_1/new/user_logic_uart.vhd:97]
INFO: [Synth 8-256] done synthesizing module 'user_logic_uart' (2#1) [C:/Users/uonml/Documents/GitHub/EE316_2025/Project4/keyboard/project_4.srcs/sources_1/new/user_logic_uart.vhd:47]
INFO: [Synth 8-256] done synthesizing module 'design_1_user_logic_uart_0_1' (3#1) [c:/Users/uonml/Documents/GitHub/EE316_2025/Project4/keyboard/project_4.srcs/sources_1/bd/design_1/ip/design_1_user_logic_uart_0_1/synth/design_1_user_logic_uart_0_1.vhd:68]
---------------------------------------------------------------------------------
Finished Synthesize : Time (s): cpu = 00:00:06 ; elapsed = 00:00:08 . Memory (MB): peak = 559.457 ; gain = 253.422
---------------------------------------------------------------------------------
---------------------------------------------------------------------------------
Finished Constraint Validation : Time (s): cpu = 00:00:06 ; elapsed = 00:00:09 . Memory (MB): peak = 559.457 ; gain = 253.422
---------------------------------------------------------------------------------
---------------------------------------------------------------------------------
Start Loading Part and Timing Information
---------------------------------------------------------------------------------
Loading part: xc7z007sclg400-1
---------------------------------------------------------------------------------
Finished Loading Part and Timing Information : Time (s): cpu = 00:00:06 ; elapsed = 00:00:09 . Memory (MB): peak = 559.457 ; gain = 253.422
---------------------------------------------------------------------------------
INFO: [Device 21-403] Loading part xc7z007sclg400-1
---------------------------------------------------------------------------------
Finished RTL Optimization Phase 2 : Time (s): cpu = 00:00:07 ; elapsed = 00:00:09 . Memory (MB): peak = 559.457 ; gain = 253.422
---------------------------------------------------------------------------------

Report RTL Partitions: 
+-+--------------+------------+----------+
| |RTL Partition |Replication |Instances |
+-+--------------+------------+----------+
+-+--------------+------------+----------+
No constraint files found.
---------------------------------------------------------------------------------
Start RTL Component Statistics 
---------------------------------------------------------------------------------
Detailed RTL Component Info : 
+---Adders : 
	   2 Input      5 Bit       Adders := 2     
	   2 Input      4 Bit       Adders := 3     
+---Registers : 
	                8 Bit    Registers := 3     
	                4 Bit    Registers := 3     
	                1 Bit    Registers := 7     
+---Muxes : 
	   2 Input      8 Bit        Muxes := 5     
	   2 Input      4 Bit        Muxes := 6     
	   2 Input      1 Bit        Muxes := 27    
	   3 Input      1 Bit        Muxes := 1     
---------------------------------------------------------------------------------
Finished RTL Component Statistics 
---------------------------------------------------------------------------------
---------------------------------------------------------------------------------
Start RTL Hierarchical Component Statistics 
---------------------------------------------------------------------------------
Hierarchical RTL Component report 
Module uart 
Detailed RTL Component Info : 
+---Adders : 
	   2 Input      5 Bit       Adders := 2     
	   2 Input      4 Bit       Adders := 3     
+---Registers : 
	                8 Bit    Registers := 3     
	                4 Bit    Registers := 3     
	                1 Bit    Registers := 6     
+---Muxes : 
	   2 Input      8 Bit        Muxes := 5     
	   2 Input      4 Bit        Muxes := 6     
	   2 Input      1 Bit        Muxes := 27    
	   3 Input      1 Bit        Muxes := 1     
Module user_logic_uart 
Detailed RTL Component Info : 
+---Registers : 
	                1 Bit    Registers := 1     
---------------------------------------------------------------------------------
Finished RTL Hierarchical Component Statistics
---------------------------------------------------------------------------------
---------------------------------------------------------------------------------
Start Part Resource Summary
---------------------------------------------------------------------------------
Part Resources:
DSPs: 66 (col length:40)
BRAMs: 100 (col length: RAMB18 40 RAMB36 20)
---------------------------------------------------------------------------------
Finished Part Resource Summary
---------------------------------------------------------------------------------
No constraint files found.
---------------------------------------------------------------------------------
Start Cross Boundary and Area Optimization
---------------------------------------------------------------------------------
Warning: Parallel synthesis criteria is not met 
---------------------------------------------------------------------------------
Finished Cross Boundary and Area Optimization : Time (s): cpu = 00:00:10 ; elapsed = 00:00:13 . Memory (MB): peak = 699.430 ; gain = 393.395
---------------------------------------------------------------------------------

Report RTL Partitions: 
+-+--------------+------------+----------+
| |RTL Partition |Replication |Instances |
+-+--------------+------------+----------+
+-+--------------+------------+----------+
No constraint files found.
---------------------------------------------------------------------------------
Start Timing Optimization
---------------------------------------------------------------------------------
---------------------------------------------------------------------------------
Finished Timing Optimization : Time (s): cpu = 00:00:10 ; elapsed = 00:00:13 . Memory (MB): peak = 699.430 ; gain = 393.395
---------------------------------------------------------------------------------

Report RTL Partitions: 
+-+--------------+------------+----------+
| |RTL Partition |Replication |Instances |
+-+--------------+------------+----------+
+-+--------------+------------+----------+
---------------------------------------------------------------------------------
Start Technology Mapping
---------------------------------------------------------------------------------
---------------------------------------------------------------------------------
Finished Technology Mapping : Time (s): cpu = 00:00:10 ; elapsed = 00:00:13 . Memory (MB): peak = 699.500 ; gain = 393.465
---------------------------------------------------------------------------------

Report RTL Partitions: 
+-+--------------+------------+----------+
| |RTL Partition |Replication |Instances |
+-+--------------+------------+----------+
+-+--------------+------------+----------+
---------------------------------------------------------------------------------
Start IO Insertion
---------------------------------------------------------------------------------
---------------------------------------------------------------------------------
Start Flattening Before IO Insertion
---------------------------------------------------------------------------------
---------------------------------------------------------------------------------
Finished Flattening Before IO Insertion
---------------------------------------------------------------------------------
---------------------------------------------------------------------------------
Start Final Netlist Cleanup
---------------------------------------------------------------------------------
---------------------------------------------------------------------------------
Finished Final Netlist Cleanup
---------------------------------------------------------------------------------
---------------------------------------------------------------------------------
Finished IO Insertion : Time (s): cpu = 00:00:12 ; elapsed = 00:00:14 . Memory (MB): peak = 701.352 ; gain = 395.316
---------------------------------------------------------------------------------

Report Check Netlist: 
+------+------------------+-------+---------+-------+------------------+
|      |Item              |Errors |Warnings |Status |Description       |
+------+------------------+-------+---------+-------+------------------+
|1     |multi_driven_nets |      0|        0|Passed |Multi driven nets |
+------+------------------+-------+---------+-------+------------------+
---------------------------------------------------------------------------------
Start Renaming Generated Instances
---------------------------------------------------------------------------------
---------------------------------------------------------------------------------
Finished Renaming Generated Instances : Time (s): cpu = 00:00:12 ; elapsed = 00:00:14 . Memory (MB): peak = 701.352 ; gain = 395.316
---------------------------------------------------------------------------------

Report RTL Partitions: 
+-+--------------+------------+----------+
| |RTL Partition |Replication |Instances |
+-+--------------+------------+----------+
+-+--------------+------------+----------+
---------------------------------------------------------------------------------
Start Rebuilding User Hierarchy
---------------------------------------------------------------------------------
---------------------------------------------------------------------------------
Finished Rebuilding User Hierarchy : Time (s): cpu = 00:00:12 ; elapsed = 00:00:14 . Memory (MB): peak = 701.352 ; gain = 395.316
---------------------------------------------------------------------------------
---------------------------------------------------------------------------------
Start Renaming Generated Ports
---------------------------------------------------------------------------------
---------------------------------------------------------------------------------
Finished Renaming Generated Ports : Time (s): cpu = 00:00:12 ; elapsed = 00:00:14 . Memory (MB): peak = 701.352 ; gain = 395.316
---------------------------------------------------------------------------------
---------------------------------------------------------------------------------
Start Handling Custom Attributes
---------------------------------------------------------------------------------
---------------------------------------------------------------------------------
Finished Handling Custom Attributes : Time (s): cpu = 00:00:12 ; elapsed = 00:00:14 . Memory (MB): peak = 701.352 ; gain = 395.316
---------------------------------------------------------------------------------
---------------------------------------------------------------------------------
Start Renaming Generated Nets
---------------------------------------------------------------------------------
---------------------------------------------------------------------------------
Finished Renaming Generated Nets : Time (s): cpu = 00:00:12 ; elapsed = 00:00:14 . Memory (MB): peak = 701.352 ; gain = 395.316
---------------------------------------------------------------------------------
---------------------------------------------------------------------------------
Start Writing Synthesis Report
---------------------------------------------------------------------------------

Report BlackBoxes: 
+-+--------------+----------+
| |BlackBox name |Instances |
+-+--------------+----------+
+-+--------------+----------+

Report Cell Usage: 
+------+-----+------+
|      |Cell |Count |
+------+-----+------+
|1     |LUT2 |     3|
|2     |LUT3 |     1|
|3     |LUT4 |     3|
|4     |LUT5 |     3|
|5     |LUT6 |     3|
|6     |FDCE |    12|
|7     |FDPE |     2|
|8     |FDRE |     1|
+------+-----+------+

Report Instance Areas: 
+------+---------+----------------+------+
|      |Instance |Module          |Cells |
+------+---------+----------------+------+
|1     |top      |                |    28|
|2     |  U0     |user_logic_uart |    28|
|3     |    uut  |uart            |    27|
+------+---------+----------------+------+
---------------------------------------------------------------------------------
Finished Writing Synthesis Report : Time (s): cpu = 00:00:12 ; elapsed = 00:00:14 . Memory (MB): peak = 701.352 ; gain = 395.316
---------------------------------------------------------------------------------
Synthesis finished with 0 errors, 0 critical warnings and 6 warnings.
Synthesis Optimization Runtime : Time (s): cpu = 00:00:12 ; elapsed = 00:00:14 . Memory (MB): peak = 701.352 ; gain = 395.316
Synthesis Optimization Complete : Time (s): cpu = 00:00:12 ; elapsed = 00:00:14 . Memory (MB): peak = 701.352 ; gain = 395.316
INFO: [Project 1-571] Translating synthesized netlist
INFO: [Project 1-570] Preparing netlist for logic optimization
INFO: [Opt 31-138] Pushed 0 inverter(s) to 0 load pin(s).
Netlist sorting complete. Time (s): cpu = 00:00:00 ; elapsed = 00:00:00 . Memory (MB): peak = 820.059 ; gain = 0.000
INFO: [Project 1-111] Unisim Transformation Summary:
No Unisim elements were transformed.

INFO: [Common 17-83] Releasing license: Synthesis
16 Infos, 7 Warnings, 0 Critical Warnings and 0 Errors encountered.
synth_design completed successfully
synth_design: Time (s): cpu = 00:00:15 ; elapsed = 00:00:19 . Memory (MB): peak = 820.059 ; gain = 521.500
Netlist sorting complete. Time (s): cpu = 00:00:00 ; elapsed = 00:00:00 . Memory (MB): peak = 820.059 ; gain = 0.000
WARNING: [Constraints 18-5210] No constraints selected for write.
Resolution: This message can indicate that there are no constraints for the design, or it can indicate that the used_in flags are set such that the constraints are ignored. This later case is used when running synth_design to not write synthesis constraints to the resulting checkpoint. Instead, project constraints are read when the synthesized design is opened.
INFO: [Timing 38-35] Done setting XDC timing constraints.
INFO: [Common 17-1381] The checkpoint 'C:/Users/uonml/Documents/GitHub/EE316_2025/Project4/keyboard/project_4.runs/design_1_user_logic_uart_0_1_synth_1/design_1_user_logic_uart_0_1.dcp' has been generated.
write_checkpoint: Time (s): cpu = 00:00:07 ; elapsed = 00:00:08 . Memory (MB): peak = 1254.570 ; gain = 434.512
WARNING: [Common 17-576] 'use_project_ipc' is deprecated. This option is deprecated and no longer used.
INFO: [Coretcl 2-1174] Renamed 2 cell refs.
Netlist sorting complete. Time (s): cpu = 00:00:00 ; elapsed = 00:00:00 . Memory (MB): peak = 1254.781 ; gain = 0.000
WARNING: [Constraints 18-5210] No constraints selected for write.
Resolution: This message can indicate that there are no constraints for the design, or it can indicate that the used_in flags are set such that the constraints are ignored. This later case is used when running synth_design to not write synthesis constraints to the resulting checkpoint. Instead, project constraints are read when the synthesized design is opened.
INFO: [Common 17-1381] The checkpoint 'C:/Users/uonml/Documents/GitHub/EE316_2025/Project4/keyboard/project_4.runs/design_1_user_logic_uart_0_1_synth_1/design_1_user_logic_uart_0_1.dcp' has been generated.
INFO: [runtcl-4] Executing : report_utilization -file design_1_user_logic_uart_0_1_utilization_synth.rpt -pb design_1_user_logic_uart_0_1_utilization_synth.pb
INFO: [Common 17-206] Exiting Vivado at Mon Mar 10 23:53:22 2025...
