Copyright 1986-2019 Xilinx, Inc. All Rights Reserved.
---------------------------------------------------------------------------------------------
| Tool Version : Vivado v.2019.1 (win64) Build 2552052 Fri May 24 14:49:42 MDT 2019
| Date         : Wed Mar 12 03:32:38 2025
| Host         : UL-31 running 64-bit major release  (build 9200)
| Command      : report_control_sets -verbose -file design_1_wrapper_control_sets_placed.rpt
| Design       : design_1_wrapper
| Device       : xc7z007s
---------------------------------------------------------------------------------------------

Control Set Information

Table of Contents
-----------------
1. Summary
2. Histogram
3. Flip-Flop Distribution
4. Detailed Control Set Information

1. Summary
----------

+----------------------------------------------------------+-------+
|                          Status                          | Count |
+----------------------------------------------------------+-------+
| Total control sets                                       |    14 |
|    Minimum number of control sets                        |    14 |
|    Addition due to synthesis replication                 |     0 |
|    Addition due to physical synthesis replication        |     0 |
| Unused register locations in slices containing registers |    47 |
+----------------------------------------------------------+-------+
* Control sets can be merged at opt_design using control_set_merge or merge_equivalent_drivers
** Run report_qor_suggestions for automated merging and remapping suggestions


2. Histogram
------------

+--------------------+-------+
|       Fanout       | Count |
+--------------------+-------+
| Total control sets |    14 |
| >= 0 to < 4        |     1 |
| >= 4 to < 6        |     1 |
| >= 6 to < 8        |     1 |
| >= 8 to < 10       |     5 |
| >= 10 to < 12      |     1 |
| >= 12 to < 14      |     2 |
| >= 14 to < 16      |     0 |
| >= 16              |     3 |
+--------------------+-------+
* Control sets can be remapped at either synth_design or opt_design


3. Flip-Flop Distribution
-------------------------

+--------------+-----------------------+------------------------+-----------------+--------------+
| Clock Enable | Synchronous Set/Reset | Asynchronous Set/Reset | Total Registers | Total Slices |
+--------------+-----------------------+------------------------+-----------------+--------------+
| No           | No                    | No                     |              37 |           14 |
| No           | No                    | Yes                    |               2 |            1 |
| No           | Yes                   | No                     |              29 |            8 |
| Yes          | No                    | No                     |              43 |           11 |
| Yes          | No                    | Yes                    |              12 |            4 |
| Yes          | Yes                   | No                     |              30 |            7 |
+--------------+-----------------------+------------------------+-----------------+--------------+


4. Detailed Control Set Information
-----------------------------------

+----------------------------------------------------------------------------+--------------------------------------------------------------------------------------------------+------------------------------------------------------------------------------------+------------------+----------------+
|                                Clock Signal                                |                                           Enable Signal                                          |                                  Set/Reset Signal                                  | Slice Load Count | Bel Load Count |
+----------------------------------------------------------------------------+--------------------------------------------------------------------------------------------------+------------------------------------------------------------------------------------+------------------+----------------+
|  design_1_i/baud_rate_0/U0/baud                                            |                                                                                                  | design_1_i/util_vector_logic_0/Res[0]                                              |                1 |              2 |
|  design_1_i/baud_rate_0/U0/baud                                            | design_1_i/user_logic_uart_0/U0/uut/tx_cnt[3]_i_1_n_0                                            | design_1_i/util_vector_logic_0/Res[0]                                              |                2 |              4 |
|  clk_IBUF_BUFG                                                             | design_1_i/ps2_keyboard_to_ascii_0/U0/ps2_keyboard_0/E[0]                                        |                                                                                    |                4 |              7 |
|  clk_IBUF_BUFG                                                             | design_1_i/ps2_keyboard_to_ascii_0/U0/ps2_keyboard_0/ps2_code_new0                               |                                                                                    |                1 |              8 |
|  clk_IBUF_BUFG                                                             | design_1_i/ps2_keyboard_to_ascii_0/U0/ascii_code[7]_i_1_n_0                                      |                                                                                    |                1 |              8 |
|  design_1_i/baud_rate_0/U0/baud                                            | design_1_i/user_logic_uart_0/U0/uut/tx_reg                                                       | design_1_i/util_vector_logic_0/Res[0]                                              |                2 |              8 |
|  clk_IBUF_BUFG                                                             | design_1_i/ps2_keyboard_to_ascii_0/U0/ps2_keyboard_0/debounce_ps2_clk/sel                        | design_1_i/ps2_keyboard_to_ascii_0/U0/ps2_keyboard_0/debounce_ps2_clk/counter_set  |                2 |              9 |
|  clk_IBUF_BUFG                                                             | design_1_i/ps2_keyboard_to_ascii_0/U0/ps2_keyboard_0/debounce_ps2_data/counter_out[8]_i_2__0_n_0 | design_1_i/ps2_keyboard_to_ascii_0/U0/ps2_keyboard_0/debounce_ps2_data/counter_set |                2 |              9 |
| ~design_1_i/ps2_keyboard_to_ascii_0/U0/ps2_keyboard_0/debounce_ps2_clk/CLK |                                                                                                  |                                                                                    |                2 |             11 |
|  clk_IBUF_BUFG                                                             | design_1_i/ps2_keyboard_to_ascii_0/U0/ps2_keyboard_0/count_idle[0]_i_2_n_0                       | design_1_i/ps2_keyboard_to_ascii_0/U0/ps2_keyboard_0/debounce_ps2_clk/clear        |                3 |             12 |
|  clk_IBUF_BUFG                                                             |                                                                                                  | design_1_i/baud_rate_0/U0/clk_en_i_1_n_0                                           |                4 |             13 |
|  clk_IBUF_BUFG                                                             |                                                                                                  | design_1_i/btn_debounce_toggle_0/U0/btn_cntr[0]_i_1_n_0                            |                4 |             16 |
|  clk_IBUF_BUFG                                                             | design_1_i/Reset_Delay_0/U0/sel                                                                  |                                                                                    |                5 |             20 |
|  clk_IBUF_BUFG                                                             |                                                                                                  |                                                                                    |               12 |             26 |
+----------------------------------------------------------------------------+--------------------------------------------------------------------------------------------------+------------------------------------------------------------------------------------+------------------+----------------+


