#-----------------------------------------------------------
# Vivado v2019.1 (64-bit)
# SW Build 2552052 on Fri May 24 14:49:42 MDT 2019
# IP Build 2548770 on Fri May 24 18:01:18 MDT 2019
# Start of session at: Tue Mar 11 22:10:59 2025
# Process ID: 13276
# Current directory: C:/Users/nathani/Documents/GitHub/EE316_2025/Project4/keyboard
# Command line: vivado.exe -gui_launcher_event rodinguilauncherevent16196 C:\Users\nathani\Documents\GitHub\EE316_2025\Project4\keyboard\project_4.xpr
# Log file: C:/Users/nathani/Documents/GitHub/EE316_2025/Project4/keyboard/vivado.log
# Journal file: C:/Users/nathani/Documents/GitHub/EE316_2025/Project4/keyboard\vivado.jou
#-----------------------------------------------------------
start_gui
open_project C:/Users/nathani/Documents/GitHub/EE316_2025/Project4/keyboard/project_4.xpr
INFO: [Project 1-313] Project file moved from 'C:/Users/uonml/Documents/GitHub/EE316_2025/Project4/keyboard' since last save.
Scanning sources...
Finished scanning sources
INFO: [IP_Flow 19-234] Refreshing IP repositories
INFO: [IP_Flow 19-1704] No user IP repositories specified
INFO: [IP_Flow 19-2313] Loaded Vivado IP repository 'C:/Xilinx/Vivado/2019.1/data/ip'.
open_project: Time (s): cpu = 00:00:12 ; elapsed = 00:00:06 . Memory (MB): peak = 779.449 ; gain = 128.176
exit
INFO: [Common 17-206] Exiting Vivado at Tue Mar 11 22:14:45 2025...
INFO: [filemgmt 56-326] User Interrupt. Could not getCurrentGraph()
INFO: [filemgmt 56-326] User Interrupt. Could not getCurrentGraph()
