#-----------------------------------------------------------
# Vivado v2019.1 (64-bit)
# SW Build 2552052 on Fri May 24 14:49:42 MDT 2019
# IP Build 2548770 on Fri May 24 18:01:18 MDT 2019
# Start of session at: Tue Mar  4 16:04:06 2025
# Process ID: 6752
# Current directory: C:/Users/uonml/Documents/GitHub/EE316_2025/Project4/keyboard
# Command line: vivado.exe -gui_launcher_event rodinguilauncherevent12628 C:\Users\uonml\Documents\GitHub\EE316_2025\Project4\keyboard\project_4.xpr
# Log file: C:/Users/uonml/Documents/GitHub/EE316_2025/Project4/keyboard/vivado.log
# Journal file: C:/Users/uonml/Documents/GitHub/EE316_2025/Project4/keyboard\vivado.jou
#-----------------------------------------------------------
start_gui
open_project C:/Users/uonml/Documents/GitHub/EE316_2025/Project4/keyboard/project_4.xpr
INFO: [Project 1-313] Project file moved from 'C:/Users/uonml/project_4' since last save.
Scanning sources...
Finished scanning sources
INFO: [IP_Flow 19-234] Refreshing IP repositories
INFO: [IP_Flow 19-1704] No user IP repositories specified
INFO: [IP_Flow 19-2313] Loaded Vivado IP repository 'C:/Xilinx/Vivado/2019.1/data/ip'.
open_project: Time (s): cpu = 00:00:16 ; elapsed = 00:00:07 . Memory (MB): peak = 748.676 ; gain = 118.000
update_compile_order -fileset sources_1
import_files -force -norecurse C:/Users/uonml/Downloads/uart.vhd
update_compile_order -fileset sources_1
set_property top uart [current_fileset]
update_compile_order -fileset sources_1
export_ip_user_files -of_objects  [get_files C:/Users/uonml/Documents/GitHub/EE316_2025/Project4/keyboard/project_4.srcs/sources_1/imports/Downloads/uart.vhd] -no_script -reset -force -quiet
remove_files  C:/Users/uonml/Documents/GitHub/EE316_2025/Project4/keyboard/project_4.srcs/sources_1/imports/Downloads/uart.vhd
update_compile_order -fileset sources_1
import_files -norecurse C:/Users/uonml/Downloads/ps2_keyboard_to_ascii.vhd
update_compile_order -fileset sources_1
set_property top ps2_keyboard_to_ascii [current_fileset]
update_compile_order -fileset sources_1
close_project
