
*** Running vivado
    with args -log CombineProgram.vds -m64 -product Vivado -mode batch -messageDb vivado.pb -notrace -source CombineProgram.tcl


****** Vivado v2019.1 (64-bit)
  **** SW Build 2552052 on Fri May 24 14:49:42 MDT 2019
  **** IP Build 2548770 on Fri May 24 18:01:18 MDT 2019
    ** Copyright 1986-2019 Xilinx, Inc. All Rights Reserved.

source CombineProgram.tcl -notrace
Command: synth_design -top CombineProgram -part xc7z007sclg400-1 -flatten_hierarchy none
Starting synth_design
Attempting to get a license for feature 'Synthesis' and/or device 'xc7z007s'
INFO: [Common 17-349] Got license for feature 'Synthesis' and/or device 'xc7z007s'
INFO: [Device 21-403] Loading part xc7z007sclg400-1
INFO: Launching helper process for spawning children vivado processes
INFO: Helper process launched with PID 1800 
---------------------------------------------------------------------------------
Starting RTL Elaboration : Time (s): cpu = 00:00:03 ; elapsed = 00:00:03 . Memory (MB): peak = 720.551 ; gain = 177.254
---------------------------------------------------------------------------------
INFO: [Synth 8-638] synthesizing module 'CombineProgram' [C:/Users/nathani/Documents/GitHub/EE316_2025/Project4/project4_main/project4_main.srcs/sources_1/new/CombineProgram.vhd:20]
INFO: [Synth 8-3491] module 'Hangman' declared at 'C:/Users/nathani/Documents/GitHub/EE316_2025/Project4/project4_main/project4_main.srcs/sources_1/imports/HangmanTestbench/Hangman.vhd:7' bound to instance 'inst_Hangman' of component 'Hangman' [C:/Users/nathani/Documents/GitHub/EE316_2025/Project4/project4_main/project4_main.srcs/sources_1/new/CombineProgram.vhd:75]
INFO: [Synth 8-638] synthesizing module 'Hangman' [C:/Users/nathani/Documents/GitHub/EE316_2025/Project4/project4_main/project4_main.srcs/sources_1/imports/HangmanTestbench/Hangman.vhd:20]
WARNING: [Synth 8-614] signal 'Word' is read in the process but is not in the sensitivity list [C:/Users/nathani/Documents/GitHub/EE316_2025/Project4/project4_main/project4_main.srcs/sources_1/imports/HangmanTestbench/Hangman.vhd:64]
WARNING: [Synth 8-614] signal 'letter' is read in the process but is not in the sensitivity list [C:/Users/nathani/Documents/GitHub/EE316_2025/Project4/project4_main/project4_main.srcs/sources_1/imports/HangmanTestbench/Hangman.vhd:64]
WARNING: [Synth 8-614] signal 'guesscount' is read in the process but is not in the sensitivity list [C:/Users/nathani/Documents/GitHub/EE316_2025/Project4/project4_main/project4_main.srcs/sources_1/imports/HangmanTestbench/Hangman.vhd:64]
INFO: [Synth 8-256] done synthesizing module 'Hangman' (1#1) [C:/Users/nathani/Documents/GitHub/EE316_2025/Project4/project4_main/project4_main.srcs/sources_1/imports/HangmanTestbench/Hangman.vhd:20]
	Parameter clk_freq bound to: 50000000 - type: integer 
	Parameter ps2_debounce_counter_size bound to: 8 - type: integer 
INFO: [Synth 8-3491] module 'ps2_keyboard_to_ascii' declared at 'C:/Users/nathani/Documents/GitHub/EE316_2025/Project4/project4_main/project4_main.srcs/sources_1/imports/HangmanTestbench/ps2_keyboard_to_ascii.vhd:26' bound to instance 'inst_ps2_keyboard' of component 'ps2_keyboard_to_ascii' [C:/Users/nathani/Documents/GitHub/EE316_2025/Project4/project4_main/project4_main.srcs/sources_1/new/CombineProgram.vhd:85]
INFO: [Synth 8-638] synthesizing module 'ps2_keyboard_to_ascii' [C:/Users/nathani/Documents/GitHub/EE316_2025/Project4/project4_main/project4_main.srcs/sources_1/imports/HangmanTestbench/ps2_keyboard_to_ascii.vhd:38]
	Parameter clk_freq bound to: 50000000 - type: integer 
	Parameter ps2_debounce_counter_size bound to: 8 - type: integer 
	Parameter clk_freq bound to: 50000000 - type: integer 
	Parameter debounce_counter_size bound to: 8 - type: integer 
INFO: [Synth 8-3491] module 'ps2_keyboard' declared at 'C:/Users/nathani/Documents/GitHub/EE316_2025/Project4/project4_main/project4_main.srcs/sources_1/imports/HangmanTestbench/ps2_keyboard.vhd:26' bound to instance 'ps2_keyboard_0' of component 'ps2_keyboard' [C:/Users/nathani/Documents/GitHub/EE316_2025/Project4/project4_main/project4_main.srcs/sources_1/imports/HangmanTestbench/ps2_keyboard_to_ascii.vhd:69]
INFO: [Synth 8-638] synthesizing module 'ps2_keyboard' [C:/Users/nathani/Documents/GitHub/EE316_2025/Project4/project4_main/project4_main.srcs/sources_1/imports/HangmanTestbench/ps2_keyboard.vhd:38]
	Parameter clk_freq bound to: 50000000 - type: integer 
	Parameter debounce_counter_size bound to: 8 - type: integer 
	Parameter counter_size bound to: 8 - type: integer 
INFO: [Synth 8-3491] module 'debounce' declared at 'C:/Users/nathani/Documents/GitHub/EE316_2025/Project4/project4_main/project4_main.srcs/sources_1/imports/HangmanTestbench/debounce.vhd:27' bound to instance 'debounce_ps2_clk' of component 'debounce' [C:/Users/nathani/Documents/GitHub/EE316_2025/Project4/project4_main/project4_main.srcs/sources_1/imports/HangmanTestbench/ps2_keyboard.vhd:67]
INFO: [Synth 8-638] synthesizing module 'debounce' [C:/Users/nathani/Documents/GitHub/EE316_2025/Project4/project4_main/project4_main.srcs/sources_1/imports/HangmanTestbench/debounce.vhd:36]
	Parameter counter_size bound to: 8 - type: integer 
INFO: [Synth 8-256] done synthesizing module 'debounce' (2#1) [C:/Users/nathani/Documents/GitHub/EE316_2025/Project4/project4_main/project4_main.srcs/sources_1/imports/HangmanTestbench/debounce.vhd:36]
	Parameter counter_size bound to: 8 - type: integer 
INFO: [Synth 8-3491] module 'debounce' declared at 'C:/Users/nathani/Documents/GitHub/EE316_2025/Project4/project4_main/project4_main.srcs/sources_1/imports/HangmanTestbench/debounce.vhd:27' bound to instance 'debounce_ps2_data' of component 'debounce' [C:/Users/nathani/Documents/GitHub/EE316_2025/Project4/project4_main/project4_main.srcs/sources_1/imports/HangmanTestbench/ps2_keyboard.vhd:70]
INFO: [Synth 8-256] done synthesizing module 'ps2_keyboard' (3#1) [C:/Users/nathani/Documents/GitHub/EE316_2025/Project4/project4_main/project4_main.srcs/sources_1/imports/HangmanTestbench/ps2_keyboard.vhd:38]
INFO: [Synth 8-256] done synthesizing module 'ps2_keyboard_to_ascii' (4#1) [C:/Users/nathani/Documents/GitHub/EE316_2025/Project4/project4_main/project4_main.srcs/sources_1/imports/HangmanTestbench/ps2_keyboard_to_ascii.vhd:38]
INFO: [Synth 8-3491] module 'i2c_user_logic_LCD' declared at 'C:/Users/nathani/Documents/GitHub/EE316_2025/Project4/project4_main/project4_main.srcs/sources_1/imports/HangmanTestbench/i2c_user_logic_LCD.vhd:6' bound to instance 'Inst_i2c_user_logic_LCD' of component 'i2c_user_logic_LCD' [C:/Users/nathani/Documents/GitHub/EE316_2025/Project4/project4_main/project4_main.srcs/sources_1/new/CombineProgram.vhd:94]
INFO: [Synth 8-638] synthesizing module 'i2c_user_logic_LCD' [C:/Users/nathani/Documents/GitHub/EE316_2025/Project4/project4_main/project4_main.srcs/sources_1/imports/HangmanTestbench/i2c_user_logic_LCD.vhd:16]
INFO: [Synth 8-3491] module 'LCD_Data_Cutter' declared at 'C:/Users/nathani/Documents/GitHub/EE316_2025/Project4/project4_main/project4_main.srcs/sources_1/imports/HangmanTestbench/LCD_Data_Cutter.vhd:6' bound to instance 'inst_LCD_Data_Cutter' of component 'LCD_Data_Cutter' [C:/Users/nathani/Documents/GitHub/EE316_2025/Project4/project4_main/project4_main.srcs/sources_1/imports/HangmanTestbench/i2c_user_logic_LCD.vhd:81]
INFO: [Synth 8-638] synthesizing module 'LCD_Data_Cutter' [C:/Users/nathani/Documents/GitHub/EE316_2025/Project4/project4_main/project4_main.srcs/sources_1/imports/HangmanTestbench/LCD_Data_Cutter.vhd:19]
WARNING: [Synth 8-614] signal 'LCD_Data_Out' is read in the process but is not in the sensitivity list [C:/Users/nathani/Documents/GitHub/EE316_2025/Project4/project4_main/project4_main.srcs/sources_1/imports/HangmanTestbench/LCD_Data_Cutter.vhd:91]
INFO: [Synth 8-256] done synthesizing module 'LCD_Data_Cutter' (5#1) [C:/Users/nathani/Documents/GitHub/EE316_2025/Project4/project4_main/project4_main.srcs/sources_1/imports/HangmanTestbench/LCD_Data_Cutter.vhd:19]
	Parameter input_clk bound to: 125000000 - type: integer 
	Parameter bus_clk bound to: 50000 - type: integer 
INFO: [Synth 8-3491] module 'i2c_master' declared at 'C:/Users/nathani/Documents/GitHub/EE316_2025/Project4/project4_main/project4_main.srcs/sources_1/imports/HangmanTestbench/i2c_master.vhd:36' bound to instance 'inst_i2c_master' of component 'i2c_master' [C:/Users/nathani/Documents/GitHub/EE316_2025/Project4/project4_main/project4_main.srcs/sources_1/imports/HangmanTestbench/i2c_user_logic_LCD.vhd:92]
INFO: [Synth 8-638] synthesizing module 'i2c_master' [C:/Users/nathani/Documents/GitHub/EE316_2025/Project4/project4_main/project4_main.srcs/sources_1/imports/HangmanTestbench/i2c_master.vhd:54]
	Parameter input_clk bound to: 125000000 - type: integer 
	Parameter bus_clk bound to: 50000 - type: integer 
INFO: [Synth 8-256] done synthesizing module 'i2c_master' (6#1) [C:/Users/nathani/Documents/GitHub/EE316_2025/Project4/project4_main/project4_main.srcs/sources_1/imports/HangmanTestbench/i2c_master.vhd:54]
WARNING: [Synth 8-614] signal 'LCD_Nibble' is read in the process but is not in the sensitivity list [C:/Users/nathani/Documents/GitHub/EE316_2025/Project4/project4_main/project4_main.srcs/sources_1/imports/HangmanTestbench/i2c_user_logic_LCD.vhd:155]
WARNING: [Synth 8-614] signal 'clk_en_100ms' is read in the process but is not in the sensitivity list [C:/Users/nathani/Documents/GitHub/EE316_2025/Project4/project4_main/project4_main.srcs/sources_1/imports/HangmanTestbench/i2c_user_logic_LCD.vhd:171]
INFO: [Synth 8-256] done synthesizing module 'i2c_user_logic_LCD' (7#1) [C:/Users/nathani/Documents/GitHub/EE316_2025/Project4/project4_main/project4_main.srcs/sources_1/imports/HangmanTestbench/i2c_user_logic_LCD.vhd:16]
INFO: [Synth 8-3491] module 'i2c_user_logic' declared at 'C:/Users/nathani/Documents/GitHub/EE316_2025/Project4/project4_main/project4_main.srcs/sources_1/imports/i2c/i2c_user_logic.vhd:6' bound to instance 'Inst_i2c_user_logic_seg' of component 'i2c_user_logic' [C:/Users/nathani/Documents/GitHub/EE316_2025/Project4/project4_main/project4_main.srcs/sources_1/new/CombineProgram.vhd:104]
INFO: [Synth 8-638] synthesizing module 'i2c_user_logic' [C:/Users/nathani/Documents/GitHub/EE316_2025/Project4/project4_main/project4_main.srcs/sources_1/imports/i2c/i2c_user_logic.vhd:15]
	Parameter input_clk bound to: 50000000 - type: integer 
	Parameter bus_clk bound to: 50000 - type: integer 
INFO: [Synth 8-3491] module 'i2c_master' declared at 'C:/Users/nathani/Documents/GitHub/EE316_2025/Project4/project4_main/project4_main.srcs/sources_1/imports/HangmanTestbench/i2c_master.vhd:36' bound to instance 'inst_i2c_master' of component 'i2c_master' [C:/Users/nathani/Documents/GitHub/EE316_2025/Project4/project4_main/project4_main.srcs/sources_1/imports/i2c/i2c_user_logic.vhd:52]
INFO: [Synth 8-638] synthesizing module 'i2c_master__parameterized1' [C:/Users/nathani/Documents/GitHub/EE316_2025/Project4/project4_main/project4_main.srcs/sources_1/imports/HangmanTestbench/i2c_master.vhd:54]
	Parameter input_clk bound to: 50000000 - type: integer 
	Parameter bus_clk bound to: 50000 - type: integer 
INFO: [Synth 8-256] done synthesizing module 'i2c_master__parameterized1' (7#1) [C:/Users/nathani/Documents/GitHub/EE316_2025/Project4/project4_main/project4_main.srcs/sources_1/imports/HangmanTestbench/i2c_master.vhd:54]
WARNING: [Synth 8-614] signal 'iData' is read in the process but is not in the sensitivity list [C:/Users/nathani/Documents/GitHub/EE316_2025/Project4/project4_main/project4_main.srcs/sources_1/imports/i2c/i2c_user_logic.vhd:109]
INFO: [Synth 8-256] done synthesizing module 'i2c_user_logic' (8#1) [C:/Users/nathani/Documents/GitHub/EE316_2025/Project4/project4_main/project4_main.srcs/sources_1/imports/i2c/i2c_user_logic.vhd:15]
INFO: [Synth 8-256] done synthesizing module 'CombineProgram' (9#1) [C:/Users/nathani/Documents/GitHub/EE316_2025/Project4/project4_main/project4_main.srcs/sources_1/new/CombineProgram.vhd:20]
---------------------------------------------------------------------------------
Finished RTL Elaboration : Time (s): cpu = 00:00:04 ; elapsed = 00:00:04 . Memory (MB): peak = 785.039 ; gain = 241.742
---------------------------------------------------------------------------------

Report Check Netlist: 
+------+------------------+-------+---------+-------+------------------+
|      |Item              |Errors |Warnings |Status |Description       |
+------+------------------+-------+---------+-------+------------------+
|1     |multi_driven_nets |      0|        0|Passed |Multi driven nets |
+------+------------------+-------+---------+-------+------------------+
---------------------------------------------------------------------------------
Start Handling Custom Attributes
---------------------------------------------------------------------------------
---------------------------------------------------------------------------------
Finished Handling Custom Attributes : Time (s): cpu = 00:00:04 ; elapsed = 00:00:04 . Memory (MB): peak = 785.039 ; gain = 241.742
---------------------------------------------------------------------------------
---------------------------------------------------------------------------------
Finished RTL Optimization Phase 1 : Time (s): cpu = 00:00:04 ; elapsed = 00:00:04 . Memory (MB): peak = 785.039 ; gain = 241.742
---------------------------------------------------------------------------------
INFO: [Project 1-570] Preparing netlist for logic optimization

Processing XDC Constraints
Initializing timing engine
Parsing XDC File [C:/Users/nathani/Documents/GitHub/EE316_2025/Project4/project4_main/Cora-Z7-07S-Master.xdc]
Finished Parsing XDC File [C:/Users/nathani/Documents/GitHub/EE316_2025/Project4/project4_main/Cora-Z7-07S-Master.xdc]
INFO: [Project 1-236] Implementation specific constraints were found while reading constraint file [C:/Users/nathani/Documents/GitHub/EE316_2025/Project4/project4_main/Cora-Z7-07S-Master.xdc]. These constraints will be ignored for synthesis but will be used in implementation. Impacted constraints are listed in the file [.Xil/CombineProgram_propImpl.xdc].
Resolution: To avoid this warning, move constraints listed in [.Xil/CombineProgram_propImpl.xdc] to another XDC file and exclude this new file from synthesis with the used_in_synthesis property (File Properties dialog in GUI) and re-run elaboration/synthesis.
Completed Processing XDC Constraints

Netlist sorting complete. Time (s): cpu = 00:00:00 ; elapsed = 00:00:00 . Memory (MB): peak = 916.789 ; gain = 0.000
INFO: [Project 1-111] Unisim Transformation Summary:
No Unisim elements were transformed.

Constraint Validation Runtime : Time (s): cpu = 00:00:00 ; elapsed = 00:00:00.005 . Memory (MB): peak = 916.789 ; gain = 0.000
---------------------------------------------------------------------------------
Finished Constraint Validation : Time (s): cpu = 00:00:09 ; elapsed = 00:00:09 . Memory (MB): peak = 916.789 ; gain = 373.492
---------------------------------------------------------------------------------
---------------------------------------------------------------------------------
Start Loading Part and Timing Information
---------------------------------------------------------------------------------
Loading part: xc7z007sclg400-1
---------------------------------------------------------------------------------
Finished Loading Part and Timing Information : Time (s): cpu = 00:00:09 ; elapsed = 00:00:09 . Memory (MB): peak = 916.789 ; gain = 373.492
---------------------------------------------------------------------------------
---------------------------------------------------------------------------------
Start Applying 'set_property' XDC Constraints
---------------------------------------------------------------------------------
---------------------------------------------------------------------------------
Finished applying 'set_property' XDC Constraints : Time (s): cpu = 00:00:09 ; elapsed = 00:00:09 . Memory (MB): peak = 916.789 ; gain = 373.492
---------------------------------------------------------------------------------
INFO: [Synth 8-802] inferred FSM for state register 'state_reg' in module 'ps2_keyboard_to_ascii'
INFO: [Synth 8-5546] ROM "ascii" won't be mapped to RAM because it is too sparse
INFO: [Synth 8-802] inferred FSM for state register 'state_reg' in module 'i2c_master'
INFO: [Synth 8-802] inferred FSM for state register 'state_reg' in module 'i2c_user_logic_LCD'
INFO: [Synth 8-802] inferred FSM for state register 'state_reg' in module 'i2c_master__parameterized1'
INFO: [Synth 8-802] inferred FSM for state register 'statebuffer_reg' in module 'i2c_user_logic'
WARNING: [Synth 8-327] inferring latch for variable 'bLetterInWord_reg' [C:/Users/nathani/Documents/GitHub/EE316_2025/Project4/project4_main/project4_main.srcs/sources_1/imports/HangmanTestbench/Hangman.vhd:70]
WARNING: [Synth 8-327] inferring latch for variable 'rebuildOut_reg[1]' [C:/Users/nathani/Documents/GitHub/EE316_2025/Project4/project4_main/project4_main.srcs/sources_1/imports/HangmanTestbench/Hangman.vhd:67]
WARNING: [Synth 8-327] inferring latch for variable 'rebuildOut_reg[2]' [C:/Users/nathani/Documents/GitHub/EE316_2025/Project4/project4_main/project4_main.srcs/sources_1/imports/HangmanTestbench/Hangman.vhd:67]
WARNING: [Synth 8-327] inferring latch for variable 'rebuildOut_reg[3]' [C:/Users/nathani/Documents/GitHub/EE316_2025/Project4/project4_main/project4_main.srcs/sources_1/imports/HangmanTestbench/Hangman.vhd:67]
WARNING: [Synth 8-327] inferring latch for variable 'rebuildOut_reg[4]' [C:/Users/nathani/Documents/GitHub/EE316_2025/Project4/project4_main/project4_main.srcs/sources_1/imports/HangmanTestbench/Hangman.vhd:67]
WARNING: [Synth 8-327] inferring latch for variable 'rebuildOut_reg[5]' [C:/Users/nathani/Documents/GitHub/EE316_2025/Project4/project4_main/project4_main.srcs/sources_1/imports/HangmanTestbench/Hangman.vhd:67]
WARNING: [Synth 8-327] inferring latch for variable 'rebuildOut_reg[6]' [C:/Users/nathani/Documents/GitHub/EE316_2025/Project4/project4_main/project4_main.srcs/sources_1/imports/HangmanTestbench/Hangman.vhd:67]
WARNING: [Synth 8-327] inferring latch for variable 'rebuildOut_reg[7]' [C:/Users/nathani/Documents/GitHub/EE316_2025/Project4/project4_main/project4_main.srcs/sources_1/imports/HangmanTestbench/Hangman.vhd:67]
WARNING: [Synth 8-327] inferring latch for variable 'rebuildOut_reg[8]' [C:/Users/nathani/Documents/GitHub/EE316_2025/Project4/project4_main/project4_main.srcs/sources_1/imports/HangmanTestbench/Hangman.vhd:67]
WARNING: [Synth 8-327] inferring latch for variable 'rebuildOut_reg[9]' [C:/Users/nathani/Documents/GitHub/EE316_2025/Project4/project4_main/project4_main.srcs/sources_1/imports/HangmanTestbench/Hangman.vhd:67]
WARNING: [Synth 8-327] inferring latch for variable 'rebuildOut_reg[10]' [C:/Users/nathani/Documents/GitHub/EE316_2025/Project4/project4_main/project4_main.srcs/sources_1/imports/HangmanTestbench/Hangman.vhd:67]
WARNING: [Synth 8-327] inferring latch for variable 'rebuildOut_reg[11]' [C:/Users/nathani/Documents/GitHub/EE316_2025/Project4/project4_main/project4_main.srcs/sources_1/imports/HangmanTestbench/Hangman.vhd:67]
WARNING: [Synth 8-327] inferring latch for variable 'rebuildOut_reg[12]' [C:/Users/nathani/Documents/GitHub/EE316_2025/Project4/project4_main/project4_main.srcs/sources_1/imports/HangmanTestbench/Hangman.vhd:67]
WARNING: [Synth 8-327] inferring latch for variable 'rebuildOut_reg[13]' [C:/Users/nathani/Documents/GitHub/EE316_2025/Project4/project4_main/project4_main.srcs/sources_1/imports/HangmanTestbench/Hangman.vhd:67]
WARNING: [Synth 8-327] inferring latch for variable 'rebuildOut_reg[14]' [C:/Users/nathani/Documents/GitHub/EE316_2025/Project4/project4_main/project4_main.srcs/sources_1/imports/HangmanTestbench/Hangman.vhd:67]
WARNING: [Synth 8-327] inferring latch for variable 'rebuildOut_reg[15]' [C:/Users/nathani/Documents/GitHub/EE316_2025/Project4/project4_main/project4_main.srcs/sources_1/imports/HangmanTestbench/Hangman.vhd:67]
WARNING: [Synth 8-327] inferring latch for variable 'rebuildOut_reg[16]' [C:/Users/nathani/Documents/GitHub/EE316_2025/Project4/project4_main/project4_main.srcs/sources_1/imports/HangmanTestbench/Hangman.vhd:67]
---------------------------------------------------------------------------------------------------
                   State |                     New Encoding |                Previous Encoding 
---------------------------------------------------------------------------------------------------
                   ready |                               00 |                               00
                new_code |                               01 |                               01
               translate |                               10 |                               10
                  output |                               11 |                               11
---------------------------------------------------------------------------------------------------
INFO: [Synth 8-3354] encoded FSM with state register 'state_reg' using encoding 'sequential' in module 'ps2_keyboard_to_ascii'
WARNING: [Synth 8-327] inferring latch for variable 'lcd_data_temp_reg' [C:/Users/nathani/Documents/GitHub/EE316_2025/Project4/project4_main/project4_main.srcs/sources_1/imports/HangmanTestbench/LCD_Data_Cutter.vhd:38]
---------------------------------------------------------------------------------------------------
                   State |                     New Encoding |                Previous Encoding 
---------------------------------------------------------------------------------------------------
                   ready |                        000000001 |                             0000
                   start |                        000000010 |                             0001
                 command |                        000000100 |                             0010
                slv_ack1 |                        000001000 |                             0011
                      wr |                        000010000 |                             0100
                slv_ack2 |                        000100000 |                             0110
                      rd |                        001000000 |                             0101
                mstr_ack |                        010000000 |                             0111
                    stop |                        100000000 |                             1000
---------------------------------------------------------------------------------------------------
INFO: [Synth 8-3354] encoded FSM with state register 'state_reg' using encoding 'one-hot' in module 'i2c_master'
---------------------------------------------------------------------------------------------------
                   State |                     New Encoding |                Previous Encoding 
---------------------------------------------------------------------------------------------------
                   start |                             0001 |                               00
                   ready |                             0010 |                               01
               busy_high |                             0100 |                               10
               writedata |                             1000 |                               11
---------------------------------------------------------------------------------------------------
INFO: [Synth 8-3354] encoded FSM with state register 'state_reg' using encoding 'one-hot' in module 'i2c_user_logic_LCD'
---------------------------------------------------------------------------------------------------
                   State |                     New Encoding |                Previous Encoding 
---------------------------------------------------------------------------------------------------
                   ready |                        000000001 |                             0000
                   start |                        000000010 |                             0001
                 command |                        000000100 |                             0010
                slv_ack1 |                        000001000 |                             0011
                      wr |                        000010000 |                             0100
                slv_ack2 |                        000100000 |                             0110
                      rd |                        001000000 |                             0101
                mstr_ack |                        010000000 |                             0111
                    stop |                        100000000 |                             1000
---------------------------------------------------------------------------------------------------
INFO: [Synth 8-3354] encoded FSM with state register 'state_reg' using encoding 'one-hot' in module 'i2c_master__parameterized1'
---------------------------------------------------------------------------------------------------
                   State |                     New Encoding |                Previous Encoding 
---------------------------------------------------------------------------------------------------
                   start |                              000 |                              000
                   ready |                              001 |                              001
              data_valid |                              010 |                              010
               busy_high |                              011 |                              011
                  repeat |                              100 |                              100
---------------------------------------------------------------------------------------------------
INFO: [Synth 8-3354] encoded FSM with state register 'statebuffer_reg' using encoding 'sequential' in module 'i2c_user_logic'
---------------------------------------------------------------------------------
Finished RTL Optimization Phase 2 : Time (s): cpu = 00:00:10 ; elapsed = 00:00:11 . Memory (MB): peak = 916.789 ; gain = 373.492
---------------------------------------------------------------------------------

Report RTL Partitions: 
+-+--------------+------------+----------+
| |RTL Partition |Replication |Instances |
+-+--------------+------------+----------+
+-+--------------+------------+----------+
---------------------------------------------------------------------------------
Start RTL Component Statistics 
---------------------------------------------------------------------------------
Detailed RTL Component Info : 
+---Adders : 
	   2 Input     12 Bit       Adders := 1     
	   2 Input     10 Bit       Adders := 1     
	   2 Input      9 Bit       Adders := 2     
	   2 Input      5 Bit       Adders := 1     
	   2 Input      4 Bit       Adders := 3     
	   2 Input      3 Bit       Adders := 4     
+---XORs : 
	   2 Input      1 Bit         XORs := 2     
	   9 Input      1 Bit         XORs := 1     
+---Registers : 
	               12 Bit    Registers := 1     
	               11 Bit    Registers := 1     
	               10 Bit    Registers := 1     
	                9 Bit    Registers := 2     
	                8 Bit    Registers := 10    
	                7 Bit    Registers := 1     
	                5 Bit    Registers := 1     
	                4 Bit    Registers := 1     
	                3 Bit    Registers := 4     
	                2 Bit    Registers := 3     
	                1 Bit    Registers := 36    
+---Muxes : 
	   2 Input     12 Bit        Muxes := 2     
	   9 Input     12 Bit        Muxes := 1     
	   9 Input      9 Bit        Muxes := 2     
	   2 Input      9 Bit        Muxes := 18    
	   2 Input      8 Bit        Muxes := 33    
	   3 Input      8 Bit        Muxes := 1     
	  22 Input      8 Bit        Muxes := 4     
	  35 Input      8 Bit        Muxes := 1     
	   7 Input      8 Bit        Muxes := 1     
	  27 Input      8 Bit        Muxes := 2     
	   4 Input      8 Bit        Muxes := 2     
	  16 Input      8 Bit        Muxes := 1     
	   6 Input      8 Bit        Muxes := 2     
	  34 Input      7 Bit        Muxes := 1     
	   2 Input      7 Bit        Muxes := 1     
	   2 Input      5 Bit        Muxes := 1     
	  16 Input      4 Bit        Muxes := 1     
	   4 Input      4 Bit        Muxes := 1     
	   2 Input      4 Bit        Muxes := 2     
	   7 Input      3 Bit        Muxes := 1     
	   2 Input      3 Bit        Muxes := 3     
	   5 Input      3 Bit        Muxes := 1     
	  33 Input      2 Bit        Muxes := 1     
	   4 Input      2 Bit        Muxes := 1     
	   2 Input      2 Bit        Muxes := 2     
	   3 Input      2 Bit        Muxes := 1     
	   2 Input      1 Bit        Muxes := 31    
	  16 Input      1 Bit        Muxes := 1     
	   3 Input      1 Bit        Muxes := 22    
	   5 Input      1 Bit        Muxes := 9     
	   4 Input      1 Bit        Muxes := 15    
	   9 Input      1 Bit        Muxes := 15    
	   6 Input      1 Bit        Muxes := 6     
---------------------------------------------------------------------------------
Finished RTL Component Statistics 
---------------------------------------------------------------------------------
---------------------------------------------------------------------------------
Start RTL Hierarchical Component Statistics 
---------------------------------------------------------------------------------
Hierarchical RTL Component report 
Module Hangman 
Detailed RTL Component Info : 
+---Adders : 
	   2 Input      3 Bit       Adders := 1     
+---Registers : 
	                3 Bit    Registers := 1     
	                1 Bit    Registers := 1     
+---Muxes : 
	   2 Input      8 Bit        Muxes := 16    
	   2 Input      1 Bit        Muxes := 1     
	  16 Input      1 Bit        Muxes := 1     
	   3 Input      1 Bit        Muxes := 16    
Module debounce 
Detailed RTL Component Info : 
+---Adders : 
	   2 Input      9 Bit       Adders := 1     
+---XORs : 
	   2 Input      1 Bit         XORs := 1     
+---Registers : 
	                9 Bit    Registers := 1     
	                2 Bit    Registers := 1     
	                1 Bit    Registers := 1     
Module ps2_keyboard 
Detailed RTL Component Info : 
+---XORs : 
	   9 Input      1 Bit         XORs := 1     
+---Registers : 
	               11 Bit    Registers := 1     
	                8 Bit    Registers := 1     
	                2 Bit    Registers := 1     
	                1 Bit    Registers := 1     
Module ps2_keyboard_to_ascii 
Detailed RTL Component Info : 
+---Registers : 
	                8 Bit    Registers := 1     
	                7 Bit    Registers := 1     
	                1 Bit    Registers := 9     
+---Muxes : 
	   3 Input      8 Bit        Muxes := 1     
	   2 Input      8 Bit        Muxes := 11    
	  22 Input      8 Bit        Muxes := 4     
	  35 Input      8 Bit        Muxes := 1     
	   7 Input      8 Bit        Muxes := 1     
	  27 Input      8 Bit        Muxes := 2     
	   4 Input      8 Bit        Muxes := 2     
	  34 Input      7 Bit        Muxes := 1     
	   2 Input      7 Bit        Muxes := 1     
	   7 Input      3 Bit        Muxes := 1     
	  33 Input      2 Bit        Muxes := 1     
	   4 Input      2 Bit        Muxes := 1     
	   2 Input      2 Bit        Muxes := 2     
	   3 Input      2 Bit        Muxes := 1     
	   5 Input      1 Bit        Muxes := 5     
	   2 Input      1 Bit        Muxes := 9     
	   3 Input      1 Bit        Muxes := 4     
	   4 Input      1 Bit        Muxes := 7     
Module LCD_Data_Cutter 
Detailed RTL Component Info : 
+---Adders : 
	   2 Input      5 Bit       Adders := 1     
+---Registers : 
	                5 Bit    Registers := 1     
	                1 Bit    Registers := 1     
+---Muxes : 
	   2 Input     12 Bit        Muxes := 1     
	   9 Input     12 Bit        Muxes := 1     
	  16 Input      8 Bit        Muxes := 1     
	   2 Input      5 Bit        Muxes := 1     
	  16 Input      4 Bit        Muxes := 1     
	   2 Input      1 Bit        Muxes := 3     
	   9 Input      1 Bit        Muxes := 1     
Module i2c_master 
Detailed RTL Component Info : 
+---Adders : 
	   2 Input     12 Bit       Adders := 1     
	   2 Input      4 Bit       Adders := 1     
	   2 Input      3 Bit       Adders := 1     
+---Registers : 
	               12 Bit    Registers := 1     
	                8 Bit    Registers := 4     
	                3 Bit    Registers := 1     
	                1 Bit    Registers := 8     
+---Muxes : 
	   2 Input     12 Bit        Muxes := 1     
	   9 Input      9 Bit        Muxes := 1     
	   2 Input      9 Bit        Muxes := 9     
	   6 Input      8 Bit        Muxes := 1     
	   2 Input      8 Bit        Muxes := 3     
	   2 Input      3 Bit        Muxes := 1     
	   4 Input      1 Bit        Muxes := 3     
	   2 Input      1 Bit        Muxes := 4     
	   3 Input      1 Bit        Muxes := 1     
	   9 Input      1 Bit        Muxes := 7     
	   6 Input      1 Bit        Muxes := 3     
Module i2c_user_logic_LCD 
Detailed RTL Component Info : 
+---Adders : 
	   2 Input      3 Bit       Adders := 1     
+---Registers : 
	                3 Bit    Registers := 1     
	                1 Bit    Registers := 5     
+---Muxes : 
	   4 Input      4 Bit        Muxes := 1     
	   2 Input      4 Bit        Muxes := 1     
	   2 Input      3 Bit        Muxes := 1     
	   2 Input      1 Bit        Muxes := 8     
	   4 Input      1 Bit        Muxes := 2     
Module i2c_master__parameterized1 
Detailed RTL Component Info : 
+---Adders : 
	   2 Input     10 Bit       Adders := 1     
	   2 Input      4 Bit       Adders := 1     
	   2 Input      3 Bit       Adders := 1     
+---Registers : 
	               10 Bit    Registers := 1     
	                8 Bit    Registers := 4     
	                3 Bit    Registers := 1     
	                1 Bit    Registers := 8     
+---Muxes : 
	   9 Input      9 Bit        Muxes := 1     
	   2 Input      9 Bit        Muxes := 9     
	   6 Input      8 Bit        Muxes := 1     
	   2 Input      8 Bit        Muxes := 3     
	   2 Input      3 Bit        Muxes := 1     
	   4 Input      1 Bit        Muxes := 3     
	   2 Input      1 Bit        Muxes := 4     
	   3 Input      1 Bit        Muxes := 1     
	   9 Input      1 Bit        Muxes := 7     
	   6 Input      1 Bit        Muxes := 3     
Module i2c_user_logic 
Detailed RTL Component Info : 
+---Adders : 
	   2 Input      4 Bit       Adders := 1     
+---Registers : 
	                4 Bit    Registers := 1     
	                1 Bit    Registers := 1     
+---Muxes : 
	   2 Input      4 Bit        Muxes := 1     
	   5 Input      3 Bit        Muxes := 1     
	   2 Input      1 Bit        Muxes := 2     
	   5 Input      1 Bit        Muxes := 4     
---------------------------------------------------------------------------------
Finished RTL Hierarchical Component Statistics
---------------------------------------------------------------------------------
---------------------------------------------------------------------------------
Start Part Resource Summary
---------------------------------------------------------------------------------
Part Resources:
DSPs: 66 (col length:40)
BRAMs: 100 (col length: RAMB18 40 RAMB36 20)
---------------------------------------------------------------------------------
Finished Part Resource Summary
---------------------------------------------------------------------------------
---------------------------------------------------------------------------------
Start Cross Boundary and Area Optimization
---------------------------------------------------------------------------------
Warning: Parallel synthesis criteria is not met 
INFO: [Synth 8-3886] merging instance 'inst_Hangman/rebuildOut_reg[16][7]' (LDC) to 'inst_Hangman/rebuildOut_reg[15][7]'
INFO: [Synth 8-3886] merging instance 'inst_Hangman/rebuildOut_reg[15][7]' (LDC) to 'inst_Hangman/rebuildOut_reg[14][7]'
INFO: [Synth 8-3886] merging instance 'inst_Hangman/rebuildOut_reg[14][7]' (LDC) to 'inst_Hangman/rebuildOut_reg[13][7]'
INFO: [Synth 8-3886] merging instance 'inst_Hangman/rebuildOut_reg[13][7]' (LDC) to 'inst_Hangman/rebuildOut_reg[12][7]'
INFO: [Synth 8-3886] merging instance 'inst_Hangman/rebuildOut_reg[12][7]' (LDC) to 'inst_Hangman/rebuildOut_reg[11][7]'
INFO: [Synth 8-3886] merging instance 'inst_Hangman/rebuildOut_reg[11][7]' (LDC) to 'inst_Hangman/rebuildOut_reg[10][7]'
INFO: [Synth 8-3886] merging instance 'inst_Hangman/rebuildOut_reg[10][7]' (LDC) to 'inst_Hangman/rebuildOut_reg[9][7]'
INFO: [Synth 8-3333] propagating constant 0 across sequential element (inst_Hangman/\rebuildOut_reg[9][7] )
INFO: [Synth 8-3333] propagating constant 0 across sequential element (inst_Hangman/\rebuildOut_reg[8][7] )
INFO: [Synth 8-3333] propagating constant 0 across sequential element (inst_Hangman/\rebuildOut_reg[7][7] )
INFO: [Synth 8-3333] propagating constant 0 across sequential element (inst_Hangman/\rebuildOut_reg[6][7] )
INFO: [Synth 8-3333] propagating constant 0 across sequential element (inst_Hangman/\rebuildOut_reg[5][7] )
INFO: [Synth 8-3333] propagating constant 0 across sequential element (inst_Hangman/\rebuildOut_reg[4][7] )
INFO: [Synth 8-3333] propagating constant 0 across sequential element (inst_Hangman/\rebuildOut_reg[3][7] )
INFO: [Synth 8-3333] propagating constant 0 across sequential element (inst_Hangman/\rebuildOut_reg[2][7] )
INFO: [Synth 8-3333] propagating constant 0 across sequential element (inst_Hangman/\rebuildOut_reg[1][7] )
INFO: [Synth 8-3886] merging instance 'Inst_i2c_user_logic_seg/inst_i2c_master/data_tx_reg[6]' (FDE) to 'Inst_i2c_user_logic_seg/inst_i2c_master/data_tx_reg[4]'
INFO: [Synth 8-3886] merging instance 'Inst_i2c_user_logic_seg/inst_i2c_master/data_tx_reg[5]' (FDE) to 'Inst_i2c_user_logic_seg/inst_i2c_master/data_tx_reg[4]'
INFO: [Synth 8-3886] merging instance 'Inst_i2c_user_logic_seg/inst_i2c_master/addr_rw_reg[6]' (FDE) to 'Inst_i2c_user_logic_seg/inst_i2c_master/addr_rw_reg[1]'
INFO: [Synth 8-3886] merging instance 'Inst_i2c_user_logic_seg/inst_i2c_master/addr_rw_reg[7]' (FDE) to 'Inst_i2c_user_logic_seg/inst_i2c_master/addr_rw_reg[1]'
INFO: [Synth 8-3886] merging instance 'Inst_i2c_user_logic_seg/inst_i2c_master/addr_rw_reg[0]' (FDE) to 'Inst_i2c_user_logic_seg/inst_i2c_master/addr_rw_reg[2]'
INFO: [Synth 8-3886] merging instance 'Inst_i2c_user_logic_seg/inst_i2c_master/addr_rw_reg[1]' (FDE) to 'Inst_i2c_user_logic_seg/inst_i2c_master/addr_rw_reg[5]'
INFO: [Synth 8-3886] merging instance 'Inst_i2c_user_logic_seg/inst_i2c_master/addr_rw_reg[2]' (FDE) to 'Inst_i2c_user_logic_seg/inst_i2c_master/addr_rw_reg[3]'
INFO: [Synth 8-3886] merging instance 'Inst_i2c_user_logic_seg/inst_i2c_master/addr_rw_reg[3]' (FDE) to 'Inst_i2c_user_logic_seg/inst_i2c_master/addr_rw_reg[4]'
INFO: [Synth 8-3333] propagating constant 0 across sequential element (Inst_i2c_user_logic_seg/inst_i2c_master/\addr_rw_reg[4] )
INFO: [Synth 8-3333] propagating constant 1 across sequential element (Inst_i2c_user_logic_seg/inst_i2c_master/\addr_rw_reg[5] )
INFO: [Synth 8-3886] merging instance 'Inst_i2c_user_logic_LCD/inst_i2c_master/data_tx_reg[3]' (FDE) to 'Inst_i2c_user_logic_LCD/inst_i2c_master/addr_rw_reg[1]'
INFO: [Synth 8-3886] merging instance 'Inst_i2c_user_logic_LCD/inst_i2c_master/data_tx_reg[1]' (FDE) to 'Inst_i2c_user_logic_LCD/inst_i2c_master/addr_rw_reg[0]'
INFO: [Synth 8-3886] merging instance 'Inst_i2c_user_logic_LCD/inst_i2c_master/addr_rw_reg[6]' (FDE) to 'Inst_i2c_user_logic_LCD/inst_i2c_master/addr_rw_reg[1]'
INFO: [Synth 8-3886] merging instance 'Inst_i2c_user_logic_LCD/inst_i2c_master/addr_rw_reg[7]' (FDE) to 'Inst_i2c_user_logic_LCD/inst_i2c_master/addr_rw_reg[0]'
INFO: [Synth 8-3886] merging instance 'Inst_i2c_user_logic_LCD/inst_i2c_master/addr_rw_reg[0]' (FDE) to 'Inst_i2c_user_logic_LCD/inst_i2c_master/addr_rw_reg[4]'
INFO: [Synth 8-3886] merging instance 'Inst_i2c_user_logic_LCD/inst_i2c_master/addr_rw_reg[1]' (FDE) to 'Inst_i2c_user_logic_LCD/inst_i2c_master/addr_rw_reg[2]'
INFO: [Synth 8-3886] merging instance 'Inst_i2c_user_logic_LCD/inst_i2c_master/addr_rw_reg[2]' (FDE) to 'Inst_i2c_user_logic_LCD/inst_i2c_master/addr_rw_reg[3]'
INFO: [Synth 8-3333] propagating constant 1 across sequential element (Inst_i2c_user_logic_LCD/inst_i2c_master/\addr_rw_reg[3] )
INFO: [Synth 8-3886] merging instance 'Inst_i2c_user_logic_LCD/inst_i2c_master/addr_rw_reg[4]' (FDE) to 'Inst_i2c_user_logic_LCD/inst_i2c_master/addr_rw_reg[5]'
INFO: [Synth 8-3333] propagating constant 0 across sequential element (Inst_i2c_user_logic_LCD/inst_i2c_master/\addr_rw_reg[5] )
INFO: [Synth 8-3886] merging instance 'Inst_i2c_user_logic_LCD/inst_LCD_Data_Cutter/lcd_data_temp_reg[9]' (LD) to 'Inst_i2c_user_logic_LCD/inst_LCD_Data_Cutter/lcd_data_temp_reg[7]'
INFO: [Synth 8-3886] merging instance 'Inst_i2c_user_logic_LCD/inst_LCD_Data_Cutter/lcd_data_temp_reg[10]' (LD) to 'Inst_i2c_user_logic_LCD/inst_LCD_Data_Cutter/lcd_data_temp_reg[7]'
INFO: [Synth 8-3886] merging instance 'Inst_i2c_user_logic_LCD/inst_LCD_Data_Cutter/lcd_data_temp_reg[11]' (LD) to 'Inst_i2c_user_logic_LCD/inst_LCD_Data_Cutter/lcd_data_temp_reg[7]'
INFO: [Synth 8-3333] propagating constant 0 across sequential element (Inst_i2c_user_logic_LCD/inst_LCD_Data_Cutter/\lcd_data_temp_reg[7] )
WARNING: [Synth 8-3332] Sequential element (rebuildOut_reg[1][7]) is unused and will be removed from module Hangman.
WARNING: [Synth 8-3332] Sequential element (rebuildOut_reg[2][7]) is unused and will be removed from module Hangman.
WARNING: [Synth 8-3332] Sequential element (rebuildOut_reg[3][7]) is unused and will be removed from module Hangman.
WARNING: [Synth 8-3332] Sequential element (rebuildOut_reg[4][7]) is unused and will be removed from module Hangman.
WARNING: [Synth 8-3332] Sequential element (rebuildOut_reg[5][7]) is unused and will be removed from module Hangman.
WARNING: [Synth 8-3332] Sequential element (rebuildOut_reg[6][7]) is unused and will be removed from module Hangman.
WARNING: [Synth 8-3332] Sequential element (rebuildOut_reg[7][7]) is unused and will be removed from module Hangman.
WARNING: [Synth 8-3332] Sequential element (rebuildOut_reg[8][7]) is unused and will be removed from module Hangman.
WARNING: [Synth 8-3332] Sequential element (rebuildOut_reg[9][7]) is unused and will be removed from module Hangman.
WARNING: [Synth 8-3332] Sequential element (lcd_data_temp_reg[7]) is unused and will be removed from module LCD_Data_Cutter.
INFO: [Synth 8-3886] merging instance 'inst_Hangman/rebuildOut_reg[16][5]' (LDP) to 'inst_Hangman/rebuildOut_reg[15][5]'
INFO: [Synth 8-3886] merging instance 'inst_Hangman/rebuildOut_reg[15][5]' (LDP) to 'inst_Hangman/rebuildOut_reg[14][5]'
INFO: [Synth 8-3886] merging instance 'inst_Hangman/rebuildOut_reg[14][5]' (LDP) to 'inst_Hangman/rebuildOut_reg[13][5]'
INFO: [Synth 8-3886] merging instance 'inst_Hangman/rebuildOut_reg[13][5]' (LDP) to 'inst_Hangman/rebuildOut_reg[12][5]'
INFO: [Synth 8-3886] merging instance 'inst_Hangman/rebuildOut_reg[12][5]' (LDP) to 'inst_Hangman/rebuildOut_reg[11][5]'
INFO: [Synth 8-3886] merging instance 'inst_Hangman/rebuildOut_reg[11][5]' (LDP) to 'inst_Hangman/rebuildOut_reg[10][5]'
INFO: [Synth 8-3886] merging instance 'inst_Hangman/rebuildOut_reg[10][5]' (LDP) to 'inst_Hangman/rebuildOut_reg[9][5]'
INFO: [Synth 8-3886] merging instance 'inst_Hangman/rebuildOut_reg[7][5]' (LDP) to 'inst_Hangman/rebuildOut_reg[4][5]'
INFO: [Synth 8-3886] merging instance 'inst_Hangman/rebuildOut_reg[5][5]' (LDP) to 'inst_Hangman/rebuildOut_reg[1][5]'
INFO: [Synth 8-3886] merging instance 'inst_Hangman/rebuildOut_reg[16][1]' (LDC) to 'inst_Hangman/rebuildOut_reg[15][1]'
INFO: [Synth 8-3886] merging instance 'inst_Hangman/rebuildOut_reg[15][1]' (LDC) to 'inst_Hangman/rebuildOut_reg[14][1]'
INFO: [Synth 8-3886] merging instance 'inst_Hangman/rebuildOut_reg[14][1]' (LDC) to 'inst_Hangman/rebuildOut_reg[13][1]'
INFO: [Synth 8-3886] merging instance 'inst_Hangman/rebuildOut_reg[13][1]' (LDC) to 'inst_Hangman/rebuildOut_reg[12][1]'
INFO: [Synth 8-3886] merging instance 'inst_Hangman/rebuildOut_reg[12][1]' (LDC) to 'inst_Hangman/rebuildOut_reg[11][1]'
INFO: [Synth 8-3886] merging instance 'inst_Hangman/rebuildOut_reg[11][1]' (LDC) to 'inst_Hangman/rebuildOut_reg[10][1]'
INFO: [Synth 8-3886] merging instance 'inst_Hangman/rebuildOut_reg[10][1]' (LDC) to 'inst_Hangman/rebuildOut_reg[9][1]'
INFO: [Synth 8-3886] merging instance 'inst_Hangman/rebuildOut_reg[7][1]' (LDC) to 'inst_Hangman/rebuildOut_reg[4][1]'
INFO: [Synth 8-3886] merging instance 'inst_Hangman/rebuildOut_reg[5][1]' (LDC) to 'inst_Hangman/rebuildOut_reg[1][1]'
INFO: [Synth 8-3886] merging instance 'inst_Hangman/rebuildOut_reg[16][2]' (LDC) to 'inst_Hangman/rebuildOut_reg[15][2]'
INFO: [Synth 8-3886] merging instance 'inst_Hangman/rebuildOut_reg[15][2]' (LDC) to 'inst_Hangman/rebuildOut_reg[14][2]'
INFO: [Synth 8-3886] merging instance 'inst_Hangman/rebuildOut_reg[14][2]' (LDC) to 'inst_Hangman/rebuildOut_reg[13][2]'
INFO: [Synth 8-3886] merging instance 'inst_Hangman/rebuildOut_reg[13][2]' (LDC) to 'inst_Hangman/rebuildOut_reg[12][2]'
INFO: [Synth 8-3886] merging instance 'inst_Hangman/rebuildOut_reg[12][2]' (LDC) to 'inst_Hangman/rebuildOut_reg[11][2]'
INFO: [Synth 8-3886] merging instance 'inst_Hangman/rebuildOut_reg[11][2]' (LDC) to 'inst_Hangman/rebuildOut_reg[10][2]'
INFO: [Synth 8-3886] merging instance 'inst_Hangman/rebuildOut_reg[10][2]' (LDC) to 'inst_Hangman/rebuildOut_reg[9][2]'
INFO: [Synth 8-3886] merging instance 'inst_Hangman/rebuildOut_reg[7][2]' (LDC) to 'inst_Hangman/rebuildOut_reg[4][2]'
INFO: [Synth 8-3886] merging instance 'inst_Hangman/rebuildOut_reg[5][2]' (LDC) to 'inst_Hangman/rebuildOut_reg[1][2]'
INFO: [Synth 8-3886] merging instance 'inst_Hangman/rebuildOut_reg[16][3]' (LDC) to 'inst_Hangman/rebuildOut_reg[15][3]'
INFO: [Synth 8-3886] merging instance 'inst_Hangman/rebuildOut_reg[15][3]' (LDC) to 'inst_Hangman/rebuildOut_reg[14][3]'
INFO: [Synth 8-3886] merging instance 'inst_Hangman/rebuildOut_reg[14][3]' (LDC) to 'inst_Hangman/rebuildOut_reg[13][3]'
INFO: [Synth 8-3886] merging instance 'inst_Hangman/rebuildOut_reg[13][3]' (LDC) to 'inst_Hangman/rebuildOut_reg[12][3]'
INFO: [Synth 8-3886] merging instance 'inst_Hangman/rebuildOut_reg[12][3]' (LDC) to 'inst_Hangman/rebuildOut_reg[11][3]'
INFO: [Synth 8-3886] merging instance 'inst_Hangman/rebuildOut_reg[11][3]' (LDC) to 'inst_Hangman/rebuildOut_reg[10][3]'
INFO: [Synth 8-3886] merging instance 'inst_Hangman/rebuildOut_reg[10][3]' (LDC) to 'inst_Hangman/rebuildOut_reg[9][3]'
INFO: [Synth 8-3886] merging instance 'inst_Hangman/rebuildOut_reg[7][3]' (LDC) to 'inst_Hangman/rebuildOut_reg[4][3]'
INFO: [Synth 8-3886] merging instance 'inst_Hangman/rebuildOut_reg[5][3]' (LDC) to 'inst_Hangman/rebuildOut_reg[1][3]'
INFO: [Synth 8-3886] merging instance 'inst_Hangman/rebuildOut_reg[16][4]' (LDP) to 'inst_Hangman/rebuildOut_reg[15][4]'
INFO: [Synth 8-3886] merging instance 'inst_Hangman/rebuildOut_reg[15][4]' (LDP) to 'inst_Hangman/rebuildOut_reg[14][4]'
INFO: [Synth 8-3886] merging instance 'inst_Hangman/rebuildOut_reg[14][4]' (LDP) to 'inst_Hangman/rebuildOut_reg[13][4]'
INFO: [Synth 8-3886] merging instance 'inst_Hangman/rebuildOut_reg[13][4]' (LDP) to 'inst_Hangman/rebuildOut_reg[12][4]'
INFO: [Synth 8-3886] merging instance 'inst_Hangman/rebuildOut_reg[12][4]' (LDP) to 'inst_Hangman/rebuildOut_reg[11][4]'
INFO: [Synth 8-3886] merging instance 'inst_Hangman/rebuildOut_reg[11][4]' (LDP) to 'inst_Hangman/rebuildOut_reg[10][4]'
INFO: [Synth 8-3886] merging instance 'inst_Hangman/rebuildOut_reg[10][4]' (LDP) to 'inst_Hangman/rebuildOut_reg[9][4]'
INFO: [Synth 8-3886] merging instance 'inst_Hangman/rebuildOut_reg[7][4]' (LDP) to 'inst_Hangman/rebuildOut_reg[4][4]'
INFO: [Synth 8-3886] merging instance 'inst_Hangman/rebuildOut_reg[5][4]' (LDP) to 'inst_Hangman/rebuildOut_reg[1][4]'
INFO: [Synth 8-3886] merging instance 'inst_Hangman/rebuildOut_reg[16][6]' (LDC) to 'inst_Hangman/rebuildOut_reg[15][6]'
INFO: [Synth 8-3886] merging instance 'inst_Hangman/rebuildOut_reg[15][6]' (LDC) to 'inst_Hangman/rebuildOut_reg[14][6]'
INFO: [Synth 8-3886] merging instance 'inst_Hangman/rebuildOut_reg[14][6]' (LDC) to 'inst_Hangman/rebuildOut_reg[13][6]'
INFO: [Synth 8-3886] merging instance 'inst_Hangman/rebuildOut_reg[13][6]' (LDC) to 'inst_Hangman/rebuildOut_reg[12][6]'
INFO: [Synth 8-3886] merging instance 'inst_Hangman/rebuildOut_reg[12][6]' (LDC) to 'inst_Hangman/rebuildOut_reg[11][6]'
INFO: [Synth 8-3886] merging instance 'inst_Hangman/rebuildOut_reg[11][6]' (LDC) to 'inst_Hangman/rebuildOut_reg[10][6]'
INFO: [Synth 8-3886] merging instance 'inst_Hangman/rebuildOut_reg[10][6]' (LDC) to 'inst_Hangman/rebuildOut_reg[9][6]'
INFO: [Synth 8-3886] merging instance 'inst_Hangman/rebuildOut_reg[7][6]' (LDC) to 'inst_Hangman/rebuildOut_reg[4][6]'
INFO: [Synth 8-3886] merging instance 'inst_Hangman/rebuildOut_reg[5][6]' (LDC) to 'inst_Hangman/rebuildOut_reg[1][6]'
INFO: [Synth 8-3886] merging instance 'inst_Hangman/rebuildOut_reg[16][0]' (LDC) to 'inst_Hangman/rebuildOut_reg[15][0]'
INFO: [Synth 8-3886] merging instance 'inst_Hangman/rebuildOut_reg[15][0]' (LDC) to 'inst_Hangman/rebuildOut_reg[14][0]'
INFO: [Synth 8-3886] merging instance 'inst_Hangman/rebuildOut_reg[14][0]' (LDC) to 'inst_Hangman/rebuildOut_reg[13][0]'
INFO: [Synth 8-3886] merging instance 'inst_Hangman/rebuildOut_reg[13][0]' (LDC) to 'inst_Hangman/rebuildOut_reg[12][0]'
INFO: [Synth 8-3886] merging instance 'inst_Hangman/rebuildOut_reg[12][0]' (LDC) to 'inst_Hangman/rebuildOut_reg[11][0]'
INFO: [Synth 8-3886] merging instance 'inst_Hangman/rebuildOut_reg[11][0]' (LDC) to 'inst_Hangman/rebuildOut_reg[10][0]'
INFO: [Synth 8-3886] merging instance 'inst_Hangman/rebuildOut_reg[10][0]' (LDC) to 'inst_Hangman/rebuildOut_reg[9][0]'
INFO: [Synth 8-3886] merging instance 'inst_Hangman/rebuildOut_reg[7][0]' (LDC) to 'inst_Hangman/rebuildOut_reg[4][0]'
INFO: [Synth 8-3886] merging instance 'inst_Hangman/rebuildOut_reg[5][0]' (LDC) to 'inst_Hangman/rebuildOut_reg[1][0]'
INFO: [Synth 8-3886] merging instance 'inst_Hangman/rebuildOut_reg[9][6]' (LDC) to 'inst_Hangman/rebuildOut_reg[9][3]'
INFO: [Synth 8-3886] merging instance 'inst_Hangman/rebuildOut_reg[8][6]' (LDC) to 'inst_Hangman/rebuildOut_reg[8][1]'
INFO: [Synth 8-3886] merging instance 'inst_Hangman/rebuildOut_reg[6][6]' (LDC) to 'inst_Hangman/rebuildOut_reg[6][3]'
INFO: [Synth 8-3886] merging instance 'inst_Hangman/rebuildOut_reg[4][6]' (LDC) to 'inst_Hangman/rebuildOut_reg[4][2]'
INFO: [Synth 8-3886] merging instance 'inst_Hangman/rebuildOut_reg[3][6]' (LDC) to 'inst_Hangman/rebuildOut_reg[3][2]'
INFO: [Synth 8-3886] merging instance 'inst_Hangman/rebuildOut_reg[2][6]' (LDC) to 'inst_Hangman/rebuildOut_reg[2][3]'
INFO: [Synth 8-3886] merging instance 'inst_Hangman/rebuildOut_reg[1][6]' (LDC) to 'inst_Hangman/rebuildOut_reg[1][2]'
INFO: [Synth 8-3886] merging instance 'inst_Hangman/rebuildOut_reg[9][1]' (LDC) to 'inst_Hangman/rebuildOut_reg[9][0]'
INFO: [Synth 8-3886] merging instance 'inst_Hangman/rebuildOut_reg[6][1]' (LDC) to 'inst_Hangman/rebuildOut_reg[6][2]'
INFO: [Synth 8-3886] merging instance 'inst_Hangman/rebuildOut_reg[3][1]' (LDC) to 'inst_Hangman/rebuildOut_reg[3][2]'
INFO: [Synth 8-3886] merging instance 'inst_Hangman/rebuildOut_reg[4][1]' (LDC) to 'inst_Hangman/rebuildOut_reg[4][3]'
INFO: [Common 17-14] Message 'Synth 8-3886' appears 100 times and further instances of the messages will be disabled. Use the Tcl command set_msg_config to change the current settings.
INFO: [Synth 8-3333] propagating constant 1 across sequential element (inst_Hangman/\rebuildOut_reg[9][4] )
INFO: [Synth 8-3333] propagating constant 0 across sequential element (inst_Hangman/\rebuildOut_reg[9][2] )
INFO: [Synth 8-3333] propagating constant 0 across sequential element (inst_Hangman/\rebuildOut_reg[6][2] )
INFO: [Synth 8-3333] propagating constant 0 across sequential element (inst_Hangman/\rebuildOut_reg[8][3] )
INFO: [Synth 8-3333] propagating constant 0 across sequential element (inst_Hangman/\rebuildOut_reg[3][3] )
INFO: [Synth 8-3333] propagating constant 0 across sequential element (inst_Hangman/\rebuildOut_reg[4][3] )
INFO: [Synth 8-3333] propagating constant 0 across sequential element (inst_Hangman/\rebuildOut_reg[1][3] )
INFO: [Synth 8-3333] propagating constant 1 across sequential element (inst_Hangman/\rebuildOut_reg[8][5] )
INFO: [Synth 8-3333] propagating constant 1 across sequential element (inst_Hangman/\rebuildOut_reg[6][5] )
INFO: [Synth 8-3333] propagating constant 1 across sequential element (inst_Hangman/\rebuildOut_reg[3][5] )
INFO: [Synth 8-3333] propagating constant 1 across sequential element (inst_Hangman/\rebuildOut_reg[4][5] )
INFO: [Synth 8-3333] propagating constant 1 across sequential element (inst_Hangman/\rebuildOut_reg[1][5] )
INFO: [Synth 8-3333] propagating constant 1 across sequential element (inst_Hangman/\rebuildOut_reg[2][5] )
WARNING: [Synth 8-3332] Sequential element (rebuildOut_reg[2][5]) is unused and will be removed from module Hangman.
WARNING: [Synth 8-3332] Sequential element (rebuildOut_reg[3][5]) is unused and will be removed from module Hangman.
WARNING: [Synth 8-3332] Sequential element (rebuildOut_reg[3][3]) is unused and will be removed from module Hangman.
WARNING: [Synth 8-3332] Sequential element (rebuildOut_reg[6][5]) is unused and will be removed from module Hangman.
WARNING: [Synth 8-3332] Sequential element (rebuildOut_reg[6][2]) is unused and will be removed from module Hangman.
WARNING: [Synth 8-3332] Sequential element (rebuildOut_reg[8][5]) is unused and will be removed from module Hangman.
WARNING: [Synth 8-3332] Sequential element (rebuildOut_reg[8][3]) is unused and will be removed from module Hangman.
WARNING: [Synth 8-3332] Sequential element (rebuildOut_reg[4][5]) is unused and will be removed from module Hangman.
WARNING: [Synth 8-3332] Sequential element (rebuildOut_reg[1][5]) is unused and will be removed from module Hangman.
WARNING: [Synth 8-3332] Sequential element (rebuildOut_reg[9][2]) is unused and will be removed from module Hangman.
WARNING: [Synth 8-3332] Sequential element (rebuildOut_reg[4][3]) is unused and will be removed from module Hangman.
WARNING: [Synth 8-3332] Sequential element (rebuildOut_reg[1][3]) is unused and will be removed from module Hangman.
WARNING: [Synth 8-3332] Sequential element (rebuildOut_reg[9][4]) is unused and will be removed from module Hangman.
---------------------------------------------------------------------------------
Finished Cross Boundary and Area Optimization : Time (s): cpu = 00:00:14 ; elapsed = 00:00:15 . Memory (MB): peak = 916.789 ; gain = 373.492
---------------------------------------------------------------------------------

Report RTL Partitions: 
+-+--------------+------------+----------+
| |RTL Partition |Replication |Instances |
+-+--------------+------------+----------+
+-+--------------+------------+----------+
---------------------------------------------------------------------------------
Start Applying XDC Timing Constraints
---------------------------------------------------------------------------------
---------------------------------------------------------------------------------
Finished Applying XDC Timing Constraints : Time (s): cpu = 00:00:20 ; elapsed = 00:00:21 . Memory (MB): peak = 916.789 ; gain = 373.492
---------------------------------------------------------------------------------
---------------------------------------------------------------------------------
Start Timing Optimization
---------------------------------------------------------------------------------
---------------------------------------------------------------------------------
Finished Timing Optimization : Time (s): cpu = 00:00:20 ; elapsed = 00:00:21 . Memory (MB): peak = 916.789 ; gain = 373.492
---------------------------------------------------------------------------------

Report RTL Partitions: 
+-+--------------+------------+----------+
| |RTL Partition |Replication |Instances |
+-+--------------+------------+----------+
+-+--------------+------------+----------+
---------------------------------------------------------------------------------
Start Technology Mapping
---------------------------------------------------------------------------------
WARNING: [Synth 8-3332] Sequential element (FSM_onehot_state_reg[7]) is unused and will be removed from module i2c_master.
WARNING: [Synth 8-3332] Sequential element (FSM_onehot_state_reg[6]) is unused and will be removed from module i2c_master.
WARNING: [Synth 8-3332] Sequential element (FSM_onehot_state_reg[7]) is unused and will be removed from module i2c_master__parameterized1.
WARNING: [Synth 8-3332] Sequential element (FSM_onehot_state_reg[6]) is unused and will be removed from module i2c_master__parameterized1.
---------------------------------------------------------------------------------
Finished Technology Mapping : Time (s): cpu = 00:00:20 ; elapsed = 00:00:22 . Memory (MB): peak = 916.789 ; gain = 373.492
---------------------------------------------------------------------------------

Report RTL Partitions: 
+-+--------------+------------+----------+
| |RTL Partition |Replication |Instances |
+-+--------------+------------+----------+
+-+--------------+------------+----------+
---------------------------------------------------------------------------------
Start IO Insertion
---------------------------------------------------------------------------------
---------------------------------------------------------------------------------
Start Final Netlist Cleanup
---------------------------------------------------------------------------------
---------------------------------------------------------------------------------
Finished Final Netlist Cleanup
---------------------------------------------------------------------------------
---------------------------------------------------------------------------------
Finished IO Insertion : Time (s): cpu = 00:00:22 ; elapsed = 00:00:23 . Memory (MB): peak = 916.789 ; gain = 373.492
---------------------------------------------------------------------------------

Report Check Netlist: 
+------+------------------+-------+---------+-------+------------------+
|      |Item              |Errors |Warnings |Status |Description       |
+------+------------------+-------+---------+-------+------------------+
|1     |multi_driven_nets |      0|        0|Passed |Multi driven nets |
+------+------------------+-------+---------+-------+------------------+
---------------------------------------------------------------------------------
Start Renaming Generated Instances
---------------------------------------------------------------------------------
---------------------------------------------------------------------------------
Finished Renaming Generated Instances : Time (s): cpu = 00:00:22 ; elapsed = 00:00:23 . Memory (MB): peak = 916.789 ; gain = 373.492
---------------------------------------------------------------------------------

Report RTL Partitions: 
+-+--------------+------------+----------+
| |RTL Partition |Replication |Instances |
+-+--------------+------------+----------+
+-+--------------+------------+----------+
---------------------------------------------------------------------------------
Start Handling Custom Attributes
---------------------------------------------------------------------------------
---------------------------------------------------------------------------------
Finished Handling Custom Attributes : Time (s): cpu = 00:00:22 ; elapsed = 00:00:23 . Memory (MB): peak = 916.789 ; gain = 373.492
---------------------------------------------------------------------------------
---------------------------------------------------------------------------------
Start Writing Synthesis Report
---------------------------------------------------------------------------------

Report BlackBoxes: 
+-+--------------+----------+
| |BlackBox name |Instances |
+-+--------------+----------+
+-+--------------+----------+

Report Cell Usage: 
+------+-------+------+
|      |Cell   |Count |
+------+-------+------+
|1     |BUFG   |     1|
|2     |CARRY4 |    18|
|3     |LUT1   |    25|
|4     |LUT2   |    64|
|5     |LUT3   |    36|
|6     |LUT4   |    60|
|7     |LUT5   |    51|
|8     |LUT6   |   153|
|9     |MUXF7  |    18|
|10    |MUXF8  |     2|
|11    |FDCE   |    59|
|12    |FDPE   |    15|
|13    |FDRE   |   140|
|14    |LD     |     9|
|15    |LDC    |     7|
|16    |LDP    |     5|
|17    |IBUF   |     4|
|18    |IOBUF  |     2|
|19    |OBUFT  |     2|
+------+-------+------+

Report Instance Areas: 
+------+--------------------------+---------------------------+------+
|      |Instance                  |Module                     |Cells |
+------+--------------------------+---------------------------+------+
|1     |top                       |                           |   671|
|2     |  inst_Hangman            |Hangman                    |    36|
|3     |  inst_ps2_keyboard       |ps2_keyboard_to_ascii      |   236|
|4     |    ps2_keyboard_0        |ps2_keyboard               |    95|
|5     |      debounce_ps2_clk    |debounce__1                |    25|
|6     |      debounce_ps2_data   |debounce                   |    25|
|7     |  Inst_i2c_user_logic_LCD |i2c_user_logic_LCD         |   263|
|8     |    inst_LCD_Data_Cutter  |LCD_Data_Cutter            |    62|
|9     |    inst_i2c_master       |i2c_master                 |   104|
|10    |  Inst_i2c_user_logic_seg |i2c_user_logic             |   127|
|11    |    inst_i2c_master       |i2c_master__parameterized1 |   101|
+------+--------------------------+---------------------------+------+
---------------------------------------------------------------------------------
Finished Writing Synthesis Report : Time (s): cpu = 00:00:22 ; elapsed = 00:00:23 . Memory (MB): peak = 916.789 ; gain = 373.492
---------------------------------------------------------------------------------
Synthesis finished with 0 errors, 0 critical warnings and 45 warnings.
Synthesis Optimization Runtime : Time (s): cpu = 00:00:16 ; elapsed = 00:00:21 . Memory (MB): peak = 916.789 ; gain = 241.742
Synthesis Optimization Complete : Time (s): cpu = 00:00:22 ; elapsed = 00:00:23 . Memory (MB): peak = 916.789 ; gain = 373.492
INFO: [Project 1-571] Translating synthesized netlist
INFO: [Netlist 29-17] Analyzing 61 Unisim elements for replacement
INFO: [Netlist 29-28] Unisim Transformation completed in 0 CPU seconds
INFO: [Project 1-570] Preparing netlist for logic optimization
INFO: [Opt 31-138] Pushed 0 inverter(s) to 0 load pin(s).
Netlist sorting complete. Time (s): cpu = 00:00:00 ; elapsed = 00:00:00 . Memory (MB): peak = 927.168 ; gain = 0.000
INFO: [Project 1-111] Unisim Transformation Summary:
  A total of 23 instances were transformed.
  IOBUF => IOBUF (IBUF, OBUFT): 2 instances
  LD => LDCE: 9 instances
  LDC => LDCE: 7 instances
  LDP => LDPE: 5 instances

INFO: [Common 17-83] Releasing license: Synthesis
181 Infos, 52 Warnings, 0 Critical Warnings and 0 Errors encountered.
synth_design completed successfully
synth_design: Time (s): cpu = 00:00:26 ; elapsed = 00:00:29 . Memory (MB): peak = 927.168 ; gain = 632.184
Netlist sorting complete. Time (s): cpu = 00:00:00 ; elapsed = 00:00:00.001 . Memory (MB): peak = 927.168 ; gain = 0.000
WARNING: [Constraints 18-5210] No constraints selected for write.
Resolution: This message can indicate that there are no constraints for the design, or it can indicate that the used_in flags are set such that the constraints are ignored. This later case is used when running synth_design to not write synthesis constraints to the resulting checkpoint. Instead, project constraints are read when the synthesized design is opened.
INFO: [Common 17-1381] The checkpoint 'C:/Users/nathani/Documents/GitHub/EE316_2025/Project4/project4_main/project4_main.runs/synth_1/CombineProgram.dcp' has been generated.
INFO: [runtcl-4] Executing : report_utilization -file CombineProgram_utilization_synth.rpt -pb CombineProgram_utilization_synth.pb
INFO: [Common 17-206] Exiting Vivado at Wed Mar 12 20:35:06 2025...
