Copyright 1986-2019 Xilinx, Inc. All Rights Reserved.
--------------------------------------------------------------------------------------------------------------------------------------------------------------------------------
| Tool Version : Vivado v.2019.1 (win64) Build 2552052 Fri May 24 14:49:42 MDT 2019
| Date         : Thu Mar 13 12:50:17 2025
| Host         : UL-31 running 64-bit major release  (build 9200)
| Command      : report_methodology -file CombineProgram_methodology_drc_routed.rpt -pb CombineProgram_methodology_drc_routed.pb -rpx CombineProgram_methodology_drc_routed.rpx
| Design       : CombineProgram
| Device       : xc7z007sclg400-1
| Speed File   : -1
| Design State : Fully Routed
--------------------------------------------------------------------------------------------------------------------------------------------------------------------------------

Report Methodology

Table of Contents
-----------------
1. REPORT SUMMARY
2. REPORT DETAILS

1. REPORT SUMMARY
-----------------
            Netlist: netlist
          Floorplan: design_1
      Design limits: <entire design considered>
             Max violations: <unlimited>
             Violations found: 165
+-----------+------------------+-------------------------------------------------+------------+
| Rule      | Severity         | Description                                     | Violations |
+-----------+------------------+-------------------------------------------------+------------+
| TIMING-17 | Critical Warning | Non-clocked sequential cell                     | 11         |
| LUTAR-1   | Warning          | LUT drives async reset alert                    | 11         |
| PDRC-190  | Warning          | Suboptimally placed synchronized register chain | 10         |
| TIMING-18 | Warning          | Missing input or output delay                   | 7          |
| TIMING-20 | Warning          | Non-clocked latch                               | 126        |
+-----------+------------------+-------------------------------------------------+------------+

2. REPORT DETAILS
-----------------
TIMING-17#1 Critical Warning
Non-clocked sequential cell  
The clock pin inst_ps2_keyboard/ps2_keyboard_0/ps2_word_reg[0]/C is not reached by a timing clock
Related violations: <none>

TIMING-17#2 Critical Warning
Non-clocked sequential cell  
The clock pin inst_ps2_keyboard/ps2_keyboard_0/ps2_word_reg[10]/C is not reached by a timing clock
Related violations: <none>

TIMING-17#3 Critical Warning
Non-clocked sequential cell  
The clock pin inst_ps2_keyboard/ps2_keyboard_0/ps2_word_reg[1]/C is not reached by a timing clock
Related violations: <none>

TIMING-17#4 Critical Warning
Non-clocked sequential cell  
The clock pin inst_ps2_keyboard/ps2_keyboard_0/ps2_word_reg[2]/C is not reached by a timing clock
Related violations: <none>

TIMING-17#5 Critical Warning
Non-clocked sequential cell  
The clock pin inst_ps2_keyboard/ps2_keyboard_0/ps2_word_reg[3]/C is not reached by a timing clock
Related violations: <none>

TIMING-17#6 Critical Warning
Non-clocked sequential cell  
The clock pin inst_ps2_keyboard/ps2_keyboard_0/ps2_word_reg[4]/C is not reached by a timing clock
Related violations: <none>

TIMING-17#7 Critical Warning
Non-clocked sequential cell  
The clock pin inst_ps2_keyboard/ps2_keyboard_0/ps2_word_reg[5]/C is not reached by a timing clock
Related violations: <none>

TIMING-17#8 Critical Warning
Non-clocked sequential cell  
The clock pin inst_ps2_keyboard/ps2_keyboard_0/ps2_word_reg[6]/C is not reached by a timing clock
Related violations: <none>

TIMING-17#9 Critical Warning
Non-clocked sequential cell  
The clock pin inst_ps2_keyboard/ps2_keyboard_0/ps2_word_reg[7]/C is not reached by a timing clock
Related violations: <none>

TIMING-17#10 Critical Warning
Non-clocked sequential cell  
The clock pin inst_ps2_keyboard/ps2_keyboard_0/ps2_word_reg[8]/C is not reached by a timing clock
Related violations: <none>

TIMING-17#11 Critical Warning
Non-clocked sequential cell  
The clock pin inst_ps2_keyboard/ps2_keyboard_0/ps2_word_reg[9]/C is not reached by a timing clock
Related violations: <none>

LUTAR-1#1 Warning
LUT drives async reset alert  
LUT cell Inst_i2c_user_logic_LCD/Next_data_i_1, with 2 or more inputs, drives asynchronous preset/clear pin(s) Inst_i2c_user_logic_LCD/FSM_onehot_state_reg[1]/CLR, Inst_i2c_user_logic_LCD/FSM_onehot_state_reg[2]/CLR, Inst_i2c_user_logic_LCD/FSM_onehot_state_reg[3]/CLR, Inst_i2c_user_logic_LCD/i2c_cnt_reg[0]/CLR, Inst_i2c_user_logic_LCD/i2c_cnt_reg[1]/CLR, Inst_i2c_user_logic_LCD/i2c_cnt_reg[2]/CLR, Inst_i2c_user_logic_LCD/FSM_onehot_state_reg[0]/PRE. The LUT may glitch and trigger an unexpected reset, even if it is a properly timed path.
Related violations: <none>

LUTAR-1#2 Warning
LUT drives async reset alert  
LUT cell Inst_i2c_user_logic_LCD/inst_LCD_Data_Cutter/i2c_ena_i_3, with 2 or more inputs, drives asynchronous preset/clear pin(s) Inst_i2c_user_logic_LCD/inst_LCD_Data_Cutter/byte_cnt_reg[0]/CLR, Inst_i2c_user_logic_LCD/inst_LCD_Data_Cutter/byte_cnt_reg[1]/CLR, Inst_i2c_user_logic_LCD/inst_LCD_Data_Cutter/byte_cnt_reg[2]/CLR, Inst_i2c_user_logic_LCD/inst_LCD_Data_Cutter/byte_cnt_reg[3]/CLR, Inst_i2c_user_logic_LCD/inst_LCD_Data_Cutter/byte_cnt_reg[4]/CLR, Inst_i2c_user_logic_LCD/inst_LCD_Data_Cutter/i2c_ena_reg/PRE. The LUT may glitch and trigger an unexpected reset, even if it is a properly timed path.
Related violations: <none>

LUTAR-1#3 Warning
LUT drives async reset alert  
LUT cell Inst_i2c_user_logic_LCD/inst_i2c_master/busy_i_3, with 2 or more inputs, drives asynchronous preset/clear pin(s) Inst_i2c_user_logic_LCD/inst_i2c_master/FSM_onehot_state_reg[1]/CLR, Inst_i2c_user_logic_LCD/inst_i2c_master/FSM_onehot_state_reg[2]/CLR, Inst_i2c_user_logic_LCD/inst_i2c_master/FSM_onehot_state_reg[3]/CLR, Inst_i2c_user_logic_LCD/inst_i2c_master/FSM_onehot_state_reg[4]/CLR, Inst_i2c_user_logic_LCD/inst_i2c_master/FSM_onehot_state_reg[5]/CLR, Inst_i2c_user_logic_LCD/inst_i2c_master/FSM_onehot_state_reg[8]/CLR, Inst_i2c_user_logic_LCD/inst_i2c_master/count_reg[0]/CLR, Inst_i2c_user_logic_LCD/inst_i2c_master/count_reg[10]/CLR, Inst_i2c_user_logic_LCD/inst_i2c_master/count_reg[11]/CLR, Inst_i2c_user_logic_LCD/inst_i2c_master/count_reg[1]/CLR, Inst_i2c_user_logic_LCD/inst_i2c_master/count_reg[2]/CLR, Inst_i2c_user_logic_LCD/inst_i2c_master/count_reg[3]/CLR, Inst_i2c_user_logic_LCD/inst_i2c_master/count_reg[4]/CLR, Inst_i2c_user_logic_LCD/inst_i2c_master/count_reg[5]/CLR, Inst_i2c_user_logic_LCD/inst_i2c_master/count_reg[6]/CLR (the first 15 of 26 listed). The LUT may glitch and trigger an unexpected reset, even if it is a properly timed path.
Related violations: <none>

LUTAR-1#4 Warning
LUT drives async reset alert  
LUT cell Inst_i2c_user_logic_seg/byteSel[0]_i_1, with 2 or more inputs, drives asynchronous preset/clear pin(s) Inst_i2c_user_logic_seg/FSM_sequential_statebuffer_reg[0]/CLR, Inst_i2c_user_logic_seg/FSM_sequential_statebuffer_reg[1]/CLR, Inst_i2c_user_logic_seg/FSM_sequential_statebuffer_reg[2]/CLR, Inst_i2c_user_logic_seg/byteSel_reg[0]/CLR, Inst_i2c_user_logic_seg/byteSel_reg[1]/CLR, Inst_i2c_user_logic_seg/byteSel_reg[2]/CLR, Inst_i2c_user_logic_seg/byteSel_reg[3]/CLR. The LUT may glitch and trigger an unexpected reset, even if it is a properly timed path.
Related violations: <none>

LUTAR-1#5 Warning
LUT drives async reset alert  
LUT cell Inst_i2c_user_logic_seg/inst_i2c_master/busy_i_3, with 2 or more inputs, drives asynchronous preset/clear pin(s) Inst_i2c_user_logic_seg/inst_i2c_master/FSM_onehot_state_reg[1]/CLR, Inst_i2c_user_logic_seg/inst_i2c_master/FSM_onehot_state_reg[2]/CLR, Inst_i2c_user_logic_seg/inst_i2c_master/FSM_onehot_state_reg[3]/CLR, Inst_i2c_user_logic_seg/inst_i2c_master/FSM_onehot_state_reg[4]/CLR, Inst_i2c_user_logic_seg/inst_i2c_master/FSM_onehot_state_reg[5]/CLR, Inst_i2c_user_logic_seg/inst_i2c_master/FSM_onehot_state_reg[8]/CLR, Inst_i2c_user_logic_seg/inst_i2c_master/count_reg[0]/CLR, Inst_i2c_user_logic_seg/inst_i2c_master/count_reg[10]/CLR, Inst_i2c_user_logic_seg/inst_i2c_master/count_reg[11]/CLR, Inst_i2c_user_logic_seg/inst_i2c_master/count_reg[1]/CLR, Inst_i2c_user_logic_seg/inst_i2c_master/count_reg[2]/CLR, Inst_i2c_user_logic_seg/inst_i2c_master/count_reg[3]/CLR, Inst_i2c_user_logic_seg/inst_i2c_master/count_reg[4]/CLR, Inst_i2c_user_logic_seg/inst_i2c_master/count_reg[5]/CLR, Inst_i2c_user_logic_seg/inst_i2c_master/count_reg[6]/CLR (the first 15 of 26 listed). The LUT may glitch and trigger an unexpected reset, even if it is a properly timed path.
Related violations: <none>

LUTAR-1#6 Warning
LUT drives async reset alert  
LUT cell dbg_hub/inst/BSCANID.u_xsdbm_id/CORE_XSDB.UUT_MASTER/U_ICON_INTERFACE/U_CMD6_RD/U_RD_FIFO/SUBCORE_FIFO.xsdbm_v3_0_0_rdfifo_inst/inst_fifo_gen/gconvfifo.rf/grf.rf/rstblk/ngwrdrst.grst.g7serrst.gwrrd_rst_sync_stage[2].rrst_inst/ngwrdrst.grst.g7serrst.rd_rst_reg[2]_i_1, with 2 or more inputs, drives asynchronous preset/clear pin(s) dbg_hub/inst/BSCANID.u_xsdbm_id/CORE_XSDB.UUT_MASTER/U_ICON_INTERFACE/U_CMD6_RD/U_RD_FIFO/SUBCORE_FIFO.xsdbm_v3_0_0_rdfifo_inst/inst_fifo_gen/gconvfifo.rf/grf.rf/rstblk/ngwrdrst.grst.g7serrst.rd_rst_reg_reg[0]/PRE, dbg_hub/inst/BSCANID.u_xsdbm_id/CORE_XSDB.UUT_MASTER/U_ICON_INTERFACE/U_CMD6_RD/U_RD_FIFO/SUBCORE_FIFO.xsdbm_v3_0_0_rdfifo_inst/inst_fifo_gen/gconvfifo.rf/grf.rf/rstblk/ngwrdrst.grst.g7serrst.rd_rst_reg_reg[1]/PRE, dbg_hub/inst/BSCANID.u_xsdbm_id/CORE_XSDB.UUT_MASTER/U_ICON_INTERFACE/U_CMD6_RD/U_RD_FIFO/SUBCORE_FIFO.xsdbm_v3_0_0_rdfifo_inst/inst_fifo_gen/gconvfifo.rf/grf.rf/rstblk/ngwrdrst.grst.g7serrst.rd_rst_reg_reg[2]/PRE. The LUT may glitch and trigger an unexpected reset, even if it is a properly timed path.
Related violations: <none>

LUTAR-1#7 Warning
LUT drives async reset alert  
LUT cell dbg_hub/inst/BSCANID.u_xsdbm_id/CORE_XSDB.UUT_MASTER/U_ICON_INTERFACE/U_CMD6_RD/U_RD_FIFO/SUBCORE_FIFO.xsdbm_v3_0_0_rdfifo_inst/inst_fifo_gen/gconvfifo.rf/grf.rf/rstblk/ngwrdrst.grst.g7serrst.gwrrd_rst_sync_stage[2].wrst_inst/ngwrdrst.grst.g7serrst.wr_rst_reg[2]_i_1, with 2 or more inputs, drives asynchronous preset/clear pin(s) dbg_hub/inst/BSCANID.u_xsdbm_id/CORE_XSDB.UUT_MASTER/U_ICON_INTERFACE/U_CMD6_RD/U_RD_FIFO/SUBCORE_FIFO.xsdbm_v3_0_0_rdfifo_inst/inst_fifo_gen/gconvfifo.rf/grf.rf/rstblk/ngwrdrst.grst.g7serrst.wr_rst_reg_reg[0]/PRE, dbg_hub/inst/BSCANID.u_xsdbm_id/CORE_XSDB.UUT_MASTER/U_ICON_INTERFACE/U_CMD6_RD/U_RD_FIFO/SUBCORE_FIFO.xsdbm_v3_0_0_rdfifo_inst/inst_fifo_gen/gconvfifo.rf/grf.rf/rstblk/ngwrdrst.grst.g7serrst.wr_rst_reg_reg[1]/PRE, dbg_hub/inst/BSCANID.u_xsdbm_id/CORE_XSDB.UUT_MASTER/U_ICON_INTERFACE/U_CMD6_RD/U_RD_FIFO/SUBCORE_FIFO.xsdbm_v3_0_0_rdfifo_inst/inst_fifo_gen/gconvfifo.rf/grf.rf/rstblk/ngwrdrst.grst.g7serrst.wr_rst_reg_reg[2]/PRE. The LUT may glitch and trigger an unexpected reset, even if it is a properly timed path.
Related violations: <none>

LUTAR-1#8 Warning
LUT drives async reset alert  
LUT cell dbg_hub/inst/BSCANID.u_xsdbm_id/CORE_XSDB.UUT_MASTER/U_ICON_INTERFACE/U_CMD6_WR/U_WR_FIFO/SUBCORE_FIFO.xsdbm_v3_0_0_wrfifo_inst/inst_fifo_gen/gconvfifo.rf/grf.rf/rstblk/ngwrdrst.grst.g7serrst.gwrrd_rst_sync_stage[2].rrst_inst/ngwrdrst.grst.g7serrst.rd_rst_reg[2]_i_1, with 2 or more inputs, drives asynchronous preset/clear pin(s) dbg_hub/inst/BSCANID.u_xsdbm_id/CORE_XSDB.UUT_MASTER/U_ICON_INTERFACE/U_CMD6_WR/U_WR_FIFO/SUBCORE_FIFO.xsdbm_v3_0_0_wrfifo_inst/inst_fifo_gen/gconvfifo.rf/grf.rf/rstblk/ngwrdrst.grst.g7serrst.rd_rst_reg_reg[0]/PRE, dbg_hub/inst/BSCANID.u_xsdbm_id/CORE_XSDB.UUT_MASTER/U_ICON_INTERFACE/U_CMD6_WR/U_WR_FIFO/SUBCORE_FIFO.xsdbm_v3_0_0_wrfifo_inst/inst_fifo_gen/gconvfifo.rf/grf.rf/rstblk/ngwrdrst.grst.g7serrst.rd_rst_reg_reg[1]/PRE, dbg_hub/inst/BSCANID.u_xsdbm_id/CORE_XSDB.UUT_MASTER/U_ICON_INTERFACE/U_CMD6_WR/U_WR_FIFO/SUBCORE_FIFO.xsdbm_v3_0_0_wrfifo_inst/inst_fifo_gen/gconvfifo.rf/grf.rf/rstblk/ngwrdrst.grst.g7serrst.rd_rst_reg_reg[2]/PRE. The LUT may glitch and trigger an unexpected reset, even if it is a properly timed path.
Related violations: <none>

LUTAR-1#9 Warning
LUT drives async reset alert  
LUT cell dbg_hub/inst/BSCANID.u_xsdbm_id/CORE_XSDB.UUT_MASTER/U_ICON_INTERFACE/U_CMD6_WR/U_WR_FIFO/SUBCORE_FIFO.xsdbm_v3_0_0_wrfifo_inst/inst_fifo_gen/gconvfifo.rf/grf.rf/rstblk/ngwrdrst.grst.g7serrst.gwrrd_rst_sync_stage[2].wrst_inst/ngwrdrst.grst.g7serrst.wr_rst_reg[2]_i_1, with 2 or more inputs, drives asynchronous preset/clear pin(s) dbg_hub/inst/BSCANID.u_xsdbm_id/CORE_XSDB.UUT_MASTER/U_ICON_INTERFACE/U_CMD6_WR/U_WR_FIFO/SUBCORE_FIFO.xsdbm_v3_0_0_wrfifo_inst/inst_fifo_gen/gconvfifo.rf/grf.rf/rstblk/ngwrdrst.grst.g7serrst.wr_rst_reg_reg[0]/PRE, dbg_hub/inst/BSCANID.u_xsdbm_id/CORE_XSDB.UUT_MASTER/U_ICON_INTERFACE/U_CMD6_WR/U_WR_FIFO/SUBCORE_FIFO.xsdbm_v3_0_0_wrfifo_inst/inst_fifo_gen/gconvfifo.rf/grf.rf/rstblk/ngwrdrst.grst.g7serrst.wr_rst_reg_reg[1]/PRE, dbg_hub/inst/BSCANID.u_xsdbm_id/CORE_XSDB.UUT_MASTER/U_ICON_INTERFACE/U_CMD6_WR/U_WR_FIFO/SUBCORE_FIFO.xsdbm_v3_0_0_wrfifo_inst/inst_fifo_gen/gconvfifo.rf/grf.rf/rstblk/ngwrdrst.grst.g7serrst.wr_rst_reg_reg[2]/PRE. The LUT may glitch and trigger an unexpected reset, even if it is a properly timed path.
Related violations: <none>

LUTAR-1#10 Warning
LUT drives async reset alert  
LUT cell dbg_hub/inst/BSCANID.u_xsdbm_id/CORE_XSDB.U_ICON/U_CMD/iTDO_i_2, with 2 or more inputs, drives asynchronous preset/clear pin(s) dbg_hub/inst/BSCANID.u_xsdbm_id/CORE_XSDB.U_ICON/U_CMD/iTARGET_reg[10]/CLR, dbg_hub/inst/BSCANID.u_xsdbm_id/CORE_XSDB.U_ICON/U_CMD/iTARGET_reg[11]/CLR, dbg_hub/inst/BSCANID.u_xsdbm_id/CORE_XSDB.U_ICON/U_CMD/iTARGET_reg[12]/CLR, dbg_hub/inst/BSCANID.u_xsdbm_id/CORE_XSDB.U_ICON/U_CMD/iTARGET_reg[13]/CLR, dbg_hub/inst/BSCANID.u_xsdbm_id/CORE_XSDB.U_ICON/U_CMD/iTARGET_reg[14]/CLR, dbg_hub/inst/BSCANID.u_xsdbm_id/CORE_XSDB.U_ICON/U_CMD/iTARGET_reg[15]/CLR, dbg_hub/inst/BSCANID.u_xsdbm_id/CORE_XSDB.U_ICON/U_CMD/iTARGET_reg[6]/CLR, dbg_hub/inst/BSCANID.u_xsdbm_id/CORE_XSDB.U_ICON/U_CMD/iTARGET_reg[7]/CLR, dbg_hub/inst/BSCANID.u_xsdbm_id/CORE_XSDB.U_ICON/U_CMD/iTARGET_reg[8]/CLR, dbg_hub/inst/BSCANID.u_xsdbm_id/CORE_XSDB.U_ICON/U_CMD/iTARGET_reg[9]/CLR. The LUT may glitch and trigger an unexpected reset, even if it is a properly timed path.
Related violations: <none>

LUTAR-1#11 Warning
LUT drives async reset alert  
LUT cell inst_btn_dbounce/btn_cntr[0]_i_1, with 2 or more inputs, drives asynchronous preset/clear pin(s) inst_Hangman/guesscount_reg[0]/CLR, inst_Hangman/guesscount_reg[1]/CLR, inst_Hangman/guesscount_reg[2]/CLR, inst_Hangman/rebuildOut_reg[10][5]/CLR, inst_Hangman/rebuildOut_reg[10][7]/CLR, inst_Hangman/rebuildOut_reg[11][5]/CLR, inst_Hangman/rebuildOut_reg[11][7]/CLR, inst_Hangman/rebuildOut_reg[12][5]/CLR, inst_Hangman/rebuildOut_reg[13][5]/CLR, inst_Hangman/rebuildOut_reg[14][5]/CLR, inst_Hangman/rebuildOut_reg[15][5]/CLR, inst_Hangman/rebuildOut_reg[16][5]/CLR, inst_Hangman/rebuildOut_reg[1][5]/CLR, inst_Hangman/rebuildOut_reg[1][7]/CLR, inst_Hangman/rebuildOut_reg[2][5]/CLR (the first 15 of 126 listed). The LUT may glitch and trigger an unexpected reset, even if it is a properly timed path.
Related violations: <none>

PDRC-190#1 Warning
Suboptimally placed synchronized register chain  
The FDRE cell dbg_hub/inst/BSCANID.u_xsdbm_id/CORE_XSDB.UUT_MASTER/U_ICON_INTERFACE/U_CMD2/stat_reg_reg[0] in site SLICE_X10Y3 is part of a synchronized register chain that is suboptimally placed as the load FDRE cell dbg_hub/inst/BSCANID.u_xsdbm_id/CORE_XSDB.UUT_MASTER/U_ICON_INTERFACE/U_CMD2/stat_reg_1_reg[0] is not placed in the same (SLICE) site.
Related violations: <none>

PDRC-190#2 Warning
Suboptimally placed synchronized register chain  
The FDRE cell dbg_hub/inst/BSCANID.u_xsdbm_id/CORE_XSDB.UUT_MASTER/U_ICON_INTERFACE/U_CMD2/stat_reg_reg[1] in site SLICE_X9Y4 is part of a synchronized register chain that is suboptimally placed as the load FDRE cell dbg_hub/inst/BSCANID.u_xsdbm_id/CORE_XSDB.UUT_MASTER/U_ICON_INTERFACE/U_CMD2/stat_reg_1_reg[1] is not placed in the same (SLICE) site.
Related violations: <none>

PDRC-190#3 Warning
Suboptimally placed synchronized register chain  
The FDRE cell dbg_hub/inst/BSCANID.u_xsdbm_id/CORE_XSDB.UUT_MASTER/U_ICON_INTERFACE/U_CMD2/stat_reg_reg[2] in site SLICE_X8Y4 is part of a synchronized register chain that is suboptimally placed as the load FDRE cell dbg_hub/inst/BSCANID.u_xsdbm_id/CORE_XSDB.UUT_MASTER/U_ICON_INTERFACE/U_CMD2/stat_reg_1_reg[2] is not placed in the same (SLICE) site.
Related violations: <none>

PDRC-190#4 Warning
Suboptimally placed synchronized register chain  
The FDRE cell dbg_hub/inst/BSCANID.u_xsdbm_id/CORE_XSDB.UUT_MASTER/U_ICON_INTERFACE/U_CMD2/stat_reg_reg[3] in site SLICE_X7Y4 is part of a synchronized register chain that is suboptimally placed as the load FDRE cell dbg_hub/inst/BSCANID.u_xsdbm_id/CORE_XSDB.UUT_MASTER/U_ICON_INTERFACE/U_CMD2/stat_reg_1_reg[3] is not placed in the same (SLICE) site.
Related violations: <none>

PDRC-190#5 Warning
Suboptimally placed synchronized register chain  
The FDRE cell dbg_hub/inst/BSCANID.u_xsdbm_id/CORE_XSDB.UUT_MASTER/U_ICON_INTERFACE/U_CMD3/stat_reg_reg[0] in site SLICE_X5Y6 is part of a synchronized register chain that is suboptimally placed as the load FDRE cell dbg_hub/inst/BSCANID.u_xsdbm_id/CORE_XSDB.UUT_MASTER/U_ICON_INTERFACE/U_CMD3/stat_reg_1_reg[0] is not placed in the same (SLICE) site.
Related violations: <none>

PDRC-190#6 Warning
Suboptimally placed synchronized register chain  
The FDRE cell dbg_hub/inst/BSCANID.u_xsdbm_id/CORE_XSDB.UUT_MASTER/U_ICON_INTERFACE/U_CMD3/stat_reg_reg[1] in site SLICE_X4Y7 is part of a synchronized register chain that is suboptimally placed as the load FDRE cell dbg_hub/inst/BSCANID.u_xsdbm_id/CORE_XSDB.UUT_MASTER/U_ICON_INTERFACE/U_CMD3/stat_reg_1_reg[1] is not placed in the same (SLICE) site.
Related violations: <none>

PDRC-190#7 Warning
Suboptimally placed synchronized register chain  
The FDRE cell dbg_hub/inst/BSCANID.u_xsdbm_id/CORE_XSDB.UUT_MASTER/U_ICON_INTERFACE/U_CMD3/stat_reg_reg[2] in site SLICE_X2Y6 is part of a synchronized register chain that is suboptimally placed as the load FDRE cell dbg_hub/inst/BSCANID.u_xsdbm_id/CORE_XSDB.UUT_MASTER/U_ICON_INTERFACE/U_CMD3/stat_reg_1_reg[2] is not placed in the same (SLICE) site.
Related violations: <none>

PDRC-190#8 Warning
Suboptimally placed synchronized register chain  
The FDRE cell dbg_hub/inst/BSCANID.u_xsdbm_id/CORE_XSDB.UUT_MASTER/U_ICON_INTERFACE/U_CMD7_STAT/stat_reg_reg[0] in site SLICE_X3Y6 is part of a synchronized register chain that is suboptimally placed as the load FDRE cell dbg_hub/inst/BSCANID.u_xsdbm_id/CORE_XSDB.UUT_MASTER/U_ICON_INTERFACE/U_CMD7_STAT/stat_reg_1_reg[0] is not placed in the same (SLICE) site.
Related violations: <none>

PDRC-190#9 Warning
Suboptimally placed synchronized register chain  
The FDRE cell dbg_hub/inst/BSCANID.u_xsdbm_id/CORE_XSDB.UUT_MASTER/U_ICON_INTERFACE/U_CMD7_STAT/stat_reg_reg[1] in site SLICE_X2Y8 is part of a synchronized register chain that is suboptimally placed as the load FDRE cell dbg_hub/inst/BSCANID.u_xsdbm_id/CORE_XSDB.UUT_MASTER/U_ICON_INTERFACE/U_CMD7_STAT/stat_reg_1_reg[1] is not placed in the same (SLICE) site.
Related violations: <none>

PDRC-190#10 Warning
Suboptimally placed synchronized register chain  
The FDRE cell dbg_hub/inst/BSCANID.u_xsdbm_id/CORE_XSDB.UUT_MASTER/U_ICON_INTERFACE/U_CMD7_STAT/stat_reg_reg[2] in site SLICE_X1Y9 is part of a synchronized register chain that is suboptimally placed as the load FDRE cell dbg_hub/inst/BSCANID.u_xsdbm_id/CORE_XSDB.UUT_MASTER/U_ICON_INTERFACE/U_CMD7_STAT/stat_reg_1_reg[2] is not placed in the same (SLICE) site.
Related violations: <none>

TIMING-18#1 Warning
Missing input or output delay  
An input delay is missing on ps2_clk relative to clock(s) sys_clk_pin
Related violations: <none>

TIMING-18#2 Warning
Missing input or output delay  
An input delay is missing on ps2_data relative to clock(s) sys_clk_pin
Related violations: <none>

TIMING-18#3 Warning
Missing input or output delay  
An input delay is missing on reset relative to clock(s) sys_clk_pin
Related violations: <none>

TIMING-18#4 Warning
Missing input or output delay  
An input delay is missing on scl_lcd relative to clock(s) sys_clk_pin
Related violations: <none>

TIMING-18#5 Warning
Missing input or output delay  
An input delay is missing on scl_sevSeg relative to clock(s) sys_clk_pin
Related violations: <none>

TIMING-18#6 Warning
Missing input or output delay  
An input delay is missing on sda_lcd relative to clock(s) sys_clk_pin
Related violations: <none>

TIMING-18#7 Warning
Missing input or output delay  
An input delay is missing on sda_sevSeg relative to clock(s) sys_clk_pin
Related violations: <none>

TIMING-20#1 Warning
Non-clocked latch  
The latch inst_Hangman/guesscount_reg[0] cannot be properly analyzed as its control pin inst_Hangman/guesscount_reg[0]/G is not reached by a timing clock
Related violations: <none>

TIMING-20#2 Warning
Non-clocked latch  
The latch inst_Hangman/guesscount_reg[1] cannot be properly analyzed as its control pin inst_Hangman/guesscount_reg[1]/G is not reached by a timing clock
Related violations: <none>

TIMING-20#3 Warning
Non-clocked latch  
The latch inst_Hangman/guesscount_reg[2] cannot be properly analyzed as its control pin inst_Hangman/guesscount_reg[2]/G is not reached by a timing clock
Related violations: <none>

TIMING-20#4 Warning
Non-clocked latch  
The latch inst_Hangman/rebuildOut_reg[10][0] cannot be properly analyzed as its control pin inst_Hangman/rebuildOut_reg[10][0]/G is not reached by a timing clock
Related violations: <none>

TIMING-20#5 Warning
Non-clocked latch  
The latch inst_Hangman/rebuildOut_reg[10][1] cannot be properly analyzed as its control pin inst_Hangman/rebuildOut_reg[10][1]/G is not reached by a timing clock
Related violations: <none>

TIMING-20#6 Warning
Non-clocked latch  
The latch inst_Hangman/rebuildOut_reg[10][2] cannot be properly analyzed as its control pin inst_Hangman/rebuildOut_reg[10][2]/G is not reached by a timing clock
Related violations: <none>

TIMING-20#7 Warning
Non-clocked latch  
The latch inst_Hangman/rebuildOut_reg[10][3] cannot be properly analyzed as its control pin inst_Hangman/rebuildOut_reg[10][3]/G is not reached by a timing clock
Related violations: <none>

TIMING-20#8 Warning
Non-clocked latch  
The latch inst_Hangman/rebuildOut_reg[10][4] cannot be properly analyzed as its control pin inst_Hangman/rebuildOut_reg[10][4]/G is not reached by a timing clock
Related violations: <none>

TIMING-20#9 Warning
Non-clocked latch  
The latch inst_Hangman/rebuildOut_reg[10][5] cannot be properly analyzed as its control pin inst_Hangman/rebuildOut_reg[10][5]/G is not reached by a timing clock
Related violations: <none>

TIMING-20#10 Warning
Non-clocked latch  
The latch inst_Hangman/rebuildOut_reg[10][6] cannot be properly analyzed as its control pin inst_Hangman/rebuildOut_reg[10][6]/G is not reached by a timing clock
Related violations: <none>

TIMING-20#11 Warning
Non-clocked latch  
The latch inst_Hangman/rebuildOut_reg[10][7] cannot be properly analyzed as its control pin inst_Hangman/rebuildOut_reg[10][7]/G is not reached by a timing clock
Related violations: <none>

TIMING-20#12 Warning
Non-clocked latch  
The latch inst_Hangman/rebuildOut_reg[11][0] cannot be properly analyzed as its control pin inst_Hangman/rebuildOut_reg[11][0]/G is not reached by a timing clock
Related violations: <none>

TIMING-20#13 Warning
Non-clocked latch  
The latch inst_Hangman/rebuildOut_reg[11][1] cannot be properly analyzed as its control pin inst_Hangman/rebuildOut_reg[11][1]/G is not reached by a timing clock
Related violations: <none>

TIMING-20#14 Warning
Non-clocked latch  
The latch inst_Hangman/rebuildOut_reg[11][2] cannot be properly analyzed as its control pin inst_Hangman/rebuildOut_reg[11][2]/G is not reached by a timing clock
Related violations: <none>

TIMING-20#15 Warning
Non-clocked latch  
The latch inst_Hangman/rebuildOut_reg[11][3] cannot be properly analyzed as its control pin inst_Hangman/rebuildOut_reg[11][3]/G is not reached by a timing clock
Related violations: <none>

TIMING-20#16 Warning
Non-clocked latch  
The latch inst_Hangman/rebuildOut_reg[11][4] cannot be properly analyzed as its control pin inst_Hangman/rebuildOut_reg[11][4]/G is not reached by a timing clock
Related violations: <none>

TIMING-20#17 Warning
Non-clocked latch  
The latch inst_Hangman/rebuildOut_reg[11][5] cannot be properly analyzed as its control pin inst_Hangman/rebuildOut_reg[11][5]/G is not reached by a timing clock
Related violations: <none>

TIMING-20#18 Warning
Non-clocked latch  
The latch inst_Hangman/rebuildOut_reg[11][6] cannot be properly analyzed as its control pin inst_Hangman/rebuildOut_reg[11][6]/G is not reached by a timing clock
Related violations: <none>

TIMING-20#19 Warning
Non-clocked latch  
The latch inst_Hangman/rebuildOut_reg[11][7] cannot be properly analyzed as its control pin inst_Hangman/rebuildOut_reg[11][7]/G is not reached by a timing clock
Related violations: <none>

TIMING-20#20 Warning
Non-clocked latch  
The latch inst_Hangman/rebuildOut_reg[12][0] cannot be properly analyzed as its control pin inst_Hangman/rebuildOut_reg[12][0]/G is not reached by a timing clock
Related violations: <none>

TIMING-20#21 Warning
Non-clocked latch  
The latch inst_Hangman/rebuildOut_reg[12][1] cannot be properly analyzed as its control pin inst_Hangman/rebuildOut_reg[12][1]/G is not reached by a timing clock
Related violations: <none>

TIMING-20#22 Warning
Non-clocked latch  
The latch inst_Hangman/rebuildOut_reg[12][2] cannot be properly analyzed as its control pin inst_Hangman/rebuildOut_reg[12][2]/G is not reached by a timing clock
Related violations: <none>

TIMING-20#23 Warning
Non-clocked latch  
The latch inst_Hangman/rebuildOut_reg[12][3] cannot be properly analyzed as its control pin inst_Hangman/rebuildOut_reg[12][3]/G is not reached by a timing clock
Related violations: <none>

TIMING-20#24 Warning
Non-clocked latch  
The latch inst_Hangman/rebuildOut_reg[12][4] cannot be properly analyzed as its control pin inst_Hangman/rebuildOut_reg[12][4]/G is not reached by a timing clock
Related violations: <none>

TIMING-20#25 Warning
Non-clocked latch  
The latch inst_Hangman/rebuildOut_reg[12][5] cannot be properly analyzed as its control pin inst_Hangman/rebuildOut_reg[12][5]/G is not reached by a timing clock
Related violations: <none>

TIMING-20#26 Warning
Non-clocked latch  
The latch inst_Hangman/rebuildOut_reg[12][6] cannot be properly analyzed as its control pin inst_Hangman/rebuildOut_reg[12][6]/G is not reached by a timing clock
Related violations: <none>

TIMING-20#27 Warning
Non-clocked latch  
The latch inst_Hangman/rebuildOut_reg[13][0] cannot be properly analyzed as its control pin inst_Hangman/rebuildOut_reg[13][0]/G is not reached by a timing clock
Related violations: <none>

TIMING-20#28 Warning
Non-clocked latch  
The latch inst_Hangman/rebuildOut_reg[13][1] cannot be properly analyzed as its control pin inst_Hangman/rebuildOut_reg[13][1]/G is not reached by a timing clock
Related violations: <none>

TIMING-20#29 Warning
Non-clocked latch  
The latch inst_Hangman/rebuildOut_reg[13][2] cannot be properly analyzed as its control pin inst_Hangman/rebuildOut_reg[13][2]/G is not reached by a timing clock
Related violations: <none>

TIMING-20#30 Warning
Non-clocked latch  
The latch inst_Hangman/rebuildOut_reg[13][3] cannot be properly analyzed as its control pin inst_Hangman/rebuildOut_reg[13][3]/G is not reached by a timing clock
Related violations: <none>

TIMING-20#31 Warning
Non-clocked latch  
The latch inst_Hangman/rebuildOut_reg[13][4] cannot be properly analyzed as its control pin inst_Hangman/rebuildOut_reg[13][4]/G is not reached by a timing clock
Related violations: <none>

TIMING-20#32 Warning
Non-clocked latch  
The latch inst_Hangman/rebuildOut_reg[13][5] cannot be properly analyzed as its control pin inst_Hangman/rebuildOut_reg[13][5]/G is not reached by a timing clock
Related violations: <none>

TIMING-20#33 Warning
Non-clocked latch  
The latch inst_Hangman/rebuildOut_reg[13][6] cannot be properly analyzed as its control pin inst_Hangman/rebuildOut_reg[13][6]/G is not reached by a timing clock
Related violations: <none>

TIMING-20#34 Warning
Non-clocked latch  
The latch inst_Hangman/rebuildOut_reg[14][0] cannot be properly analyzed as its control pin inst_Hangman/rebuildOut_reg[14][0]/G is not reached by a timing clock
Related violations: <none>

TIMING-20#35 Warning
Non-clocked latch  
The latch inst_Hangman/rebuildOut_reg[14][1] cannot be properly analyzed as its control pin inst_Hangman/rebuildOut_reg[14][1]/G is not reached by a timing clock
Related violations: <none>

TIMING-20#36 Warning
Non-clocked latch  
The latch inst_Hangman/rebuildOut_reg[14][2] cannot be properly analyzed as its control pin inst_Hangman/rebuildOut_reg[14][2]/G is not reached by a timing clock
Related violations: <none>

TIMING-20#37 Warning
Non-clocked latch  
The latch inst_Hangman/rebuildOut_reg[14][3] cannot be properly analyzed as its control pin inst_Hangman/rebuildOut_reg[14][3]/G is not reached by a timing clock
Related violations: <none>

TIMING-20#38 Warning
Non-clocked latch  
The latch inst_Hangman/rebuildOut_reg[14][4] cannot be properly analyzed as its control pin inst_Hangman/rebuildOut_reg[14][4]/G is not reached by a timing clock
Related violations: <none>

TIMING-20#39 Warning
Non-clocked latch  
The latch inst_Hangman/rebuildOut_reg[14][5] cannot be properly analyzed as its control pin inst_Hangman/rebuildOut_reg[14][5]/G is not reached by a timing clock
Related violations: <none>

TIMING-20#40 Warning
Non-clocked latch  
The latch inst_Hangman/rebuildOut_reg[14][6] cannot be properly analyzed as its control pin inst_Hangman/rebuildOut_reg[14][6]/G is not reached by a timing clock
Related violations: <none>

TIMING-20#41 Warning
Non-clocked latch  
The latch inst_Hangman/rebuildOut_reg[15][0] cannot be properly analyzed as its control pin inst_Hangman/rebuildOut_reg[15][0]/G is not reached by a timing clock
Related violations: <none>

TIMING-20#42 Warning
Non-clocked latch  
The latch inst_Hangman/rebuildOut_reg[15][1] cannot be properly analyzed as its control pin inst_Hangman/rebuildOut_reg[15][1]/G is not reached by a timing clock
Related violations: <none>

TIMING-20#43 Warning
Non-clocked latch  
The latch inst_Hangman/rebuildOut_reg[15][2] cannot be properly analyzed as its control pin inst_Hangman/rebuildOut_reg[15][2]/G is not reached by a timing clock
Related violations: <none>

TIMING-20#44 Warning
Non-clocked latch  
The latch inst_Hangman/rebuildOut_reg[15][3] cannot be properly analyzed as its control pin inst_Hangman/rebuildOut_reg[15][3]/G is not reached by a timing clock
Related violations: <none>

TIMING-20#45 Warning
Non-clocked latch  
The latch inst_Hangman/rebuildOut_reg[15][4] cannot be properly analyzed as its control pin inst_Hangman/rebuildOut_reg[15][4]/G is not reached by a timing clock
Related violations: <none>

TIMING-20#46 Warning
Non-clocked latch  
The latch inst_Hangman/rebuildOut_reg[15][5] cannot be properly analyzed as its control pin inst_Hangman/rebuildOut_reg[15][5]/G is not reached by a timing clock
Related violations: <none>

TIMING-20#47 Warning
Non-clocked latch  
The latch inst_Hangman/rebuildOut_reg[15][6] cannot be properly analyzed as its control pin inst_Hangman/rebuildOut_reg[15][6]/G is not reached by a timing clock
Related violations: <none>

TIMING-20#48 Warning
Non-clocked latch  
The latch inst_Hangman/rebuildOut_reg[16][0] cannot be properly analyzed as its control pin inst_Hangman/rebuildOut_reg[16][0]/G is not reached by a timing clock
Related violations: <none>

TIMING-20#49 Warning
Non-clocked latch  
The latch inst_Hangman/rebuildOut_reg[16][1] cannot be properly analyzed as its control pin inst_Hangman/rebuildOut_reg[16][1]/G is not reached by a timing clock
Related violations: <none>

TIMING-20#50 Warning
Non-clocked latch  
The latch inst_Hangman/rebuildOut_reg[16][2] cannot be properly analyzed as its control pin inst_Hangman/rebuildOut_reg[16][2]/G is not reached by a timing clock
Related violations: <none>

TIMING-20#51 Warning
Non-clocked latch  
The latch inst_Hangman/rebuildOut_reg[16][3] cannot be properly analyzed as its control pin inst_Hangman/rebuildOut_reg[16][3]/G is not reached by a timing clock
Related violations: <none>

TIMING-20#52 Warning
Non-clocked latch  
The latch inst_Hangman/rebuildOut_reg[16][4] cannot be properly analyzed as its control pin inst_Hangman/rebuildOut_reg[16][4]/G is not reached by a timing clock
Related violations: <none>

TIMING-20#53 Warning
Non-clocked latch  
The latch inst_Hangman/rebuildOut_reg[16][5] cannot be properly analyzed as its control pin inst_Hangman/rebuildOut_reg[16][5]/G is not reached by a timing clock
Related violations: <none>

TIMING-20#54 Warning
Non-clocked latch  
The latch inst_Hangman/rebuildOut_reg[16][6] cannot be properly analyzed as its control pin inst_Hangman/rebuildOut_reg[16][6]/G is not reached by a timing clock
Related violations: <none>

TIMING-20#55 Warning
Non-clocked latch  
The latch inst_Hangman/rebuildOut_reg[1][0] cannot be properly analyzed as its control pin inst_Hangman/rebuildOut_reg[1][0]/G is not reached by a timing clock
Related violations: <none>

TIMING-20#56 Warning
Non-clocked latch  
The latch inst_Hangman/rebuildOut_reg[1][1] cannot be properly analyzed as its control pin inst_Hangman/rebuildOut_reg[1][1]/G is not reached by a timing clock
Related violations: <none>

TIMING-20#57 Warning
Non-clocked latch  
The latch inst_Hangman/rebuildOut_reg[1][2] cannot be properly analyzed as its control pin inst_Hangman/rebuildOut_reg[1][2]/G is not reached by a timing clock
Related violations: <none>

TIMING-20#58 Warning
Non-clocked latch  
The latch inst_Hangman/rebuildOut_reg[1][3] cannot be properly analyzed as its control pin inst_Hangman/rebuildOut_reg[1][3]/G is not reached by a timing clock
Related violations: <none>

TIMING-20#59 Warning
Non-clocked latch  
The latch inst_Hangman/rebuildOut_reg[1][4] cannot be properly analyzed as its control pin inst_Hangman/rebuildOut_reg[1][4]/G is not reached by a timing clock
Related violations: <none>

TIMING-20#60 Warning
Non-clocked latch  
The latch inst_Hangman/rebuildOut_reg[1][5] cannot be properly analyzed as its control pin inst_Hangman/rebuildOut_reg[1][5]/G is not reached by a timing clock
Related violations: <none>

TIMING-20#61 Warning
Non-clocked latch  
The latch inst_Hangman/rebuildOut_reg[1][6] cannot be properly analyzed as its control pin inst_Hangman/rebuildOut_reg[1][6]/G is not reached by a timing clock
Related violations: <none>

TIMING-20#62 Warning
Non-clocked latch  
The latch inst_Hangman/rebuildOut_reg[1][7] cannot be properly analyzed as its control pin inst_Hangman/rebuildOut_reg[1][7]/G is not reached by a timing clock
Related violations: <none>

TIMING-20#63 Warning
Non-clocked latch  
The latch inst_Hangman/rebuildOut_reg[2][0] cannot be properly analyzed as its control pin inst_Hangman/rebuildOut_reg[2][0]/G is not reached by a timing clock
Related violations: <none>

TIMING-20#64 Warning
Non-clocked latch  
The latch inst_Hangman/rebuildOut_reg[2][1] cannot be properly analyzed as its control pin inst_Hangman/rebuildOut_reg[2][1]/G is not reached by a timing clock
Related violations: <none>

TIMING-20#65 Warning
Non-clocked latch  
The latch inst_Hangman/rebuildOut_reg[2][2] cannot be properly analyzed as its control pin inst_Hangman/rebuildOut_reg[2][2]/G is not reached by a timing clock
Related violations: <none>

TIMING-20#66 Warning
Non-clocked latch  
The latch inst_Hangman/rebuildOut_reg[2][3] cannot be properly analyzed as its control pin inst_Hangman/rebuildOut_reg[2][3]/G is not reached by a timing clock
Related violations: <none>

TIMING-20#67 Warning
Non-clocked latch  
The latch inst_Hangman/rebuildOut_reg[2][4] cannot be properly analyzed as its control pin inst_Hangman/rebuildOut_reg[2][4]/G is not reached by a timing clock
Related violations: <none>

TIMING-20#68 Warning
Non-clocked latch  
The latch inst_Hangman/rebuildOut_reg[2][5] cannot be properly analyzed as its control pin inst_Hangman/rebuildOut_reg[2][5]/G is not reached by a timing clock
Related violations: <none>

TIMING-20#69 Warning
Non-clocked latch  
The latch inst_Hangman/rebuildOut_reg[2][6] cannot be properly analyzed as its control pin inst_Hangman/rebuildOut_reg[2][6]/G is not reached by a timing clock
Related violations: <none>

TIMING-20#70 Warning
Non-clocked latch  
The latch inst_Hangman/rebuildOut_reg[2][7] cannot be properly analyzed as its control pin inst_Hangman/rebuildOut_reg[2][7]/G is not reached by a timing clock
Related violations: <none>

TIMING-20#71 Warning
Non-clocked latch  
The latch inst_Hangman/rebuildOut_reg[3][0] cannot be properly analyzed as its control pin inst_Hangman/rebuildOut_reg[3][0]/G is not reached by a timing clock
Related violations: <none>

TIMING-20#72 Warning
Non-clocked latch  
The latch inst_Hangman/rebuildOut_reg[3][1] cannot be properly analyzed as its control pin inst_Hangman/rebuildOut_reg[3][1]/G is not reached by a timing clock
Related violations: <none>

TIMING-20#73 Warning
Non-clocked latch  
The latch inst_Hangman/rebuildOut_reg[3][2] cannot be properly analyzed as its control pin inst_Hangman/rebuildOut_reg[3][2]/G is not reached by a timing clock
Related violations: <none>

TIMING-20#74 Warning
Non-clocked latch  
The latch inst_Hangman/rebuildOut_reg[3][3] cannot be properly analyzed as its control pin inst_Hangman/rebuildOut_reg[3][3]/G is not reached by a timing clock
Related violations: <none>

TIMING-20#75 Warning
Non-clocked latch  
The latch inst_Hangman/rebuildOut_reg[3][4] cannot be properly analyzed as its control pin inst_Hangman/rebuildOut_reg[3][4]/G is not reached by a timing clock
Related violations: <none>

TIMING-20#76 Warning
Non-clocked latch  
The latch inst_Hangman/rebuildOut_reg[3][5] cannot be properly analyzed as its control pin inst_Hangman/rebuildOut_reg[3][5]/G is not reached by a timing clock
Related violations: <none>

TIMING-20#77 Warning
Non-clocked latch  
The latch inst_Hangman/rebuildOut_reg[3][6] cannot be properly analyzed as its control pin inst_Hangman/rebuildOut_reg[3][6]/G is not reached by a timing clock
Related violations: <none>

TIMING-20#78 Warning
Non-clocked latch  
The latch inst_Hangman/rebuildOut_reg[3][7] cannot be properly analyzed as its control pin inst_Hangman/rebuildOut_reg[3][7]/G is not reached by a timing clock
Related violations: <none>

TIMING-20#79 Warning
Non-clocked latch  
The latch inst_Hangman/rebuildOut_reg[4][0] cannot be properly analyzed as its control pin inst_Hangman/rebuildOut_reg[4][0]/G is not reached by a timing clock
Related violations: <none>

TIMING-20#80 Warning
Non-clocked latch  
The latch inst_Hangman/rebuildOut_reg[4][1] cannot be properly analyzed as its control pin inst_Hangman/rebuildOut_reg[4][1]/G is not reached by a timing clock
Related violations: <none>

TIMING-20#81 Warning
Non-clocked latch  
The latch inst_Hangman/rebuildOut_reg[4][2] cannot be properly analyzed as its control pin inst_Hangman/rebuildOut_reg[4][2]/G is not reached by a timing clock
Related violations: <none>

TIMING-20#82 Warning
Non-clocked latch  
The latch inst_Hangman/rebuildOut_reg[4][3] cannot be properly analyzed as its control pin inst_Hangman/rebuildOut_reg[4][3]/G is not reached by a timing clock
Related violations: <none>

TIMING-20#83 Warning
Non-clocked latch  
The latch inst_Hangman/rebuildOut_reg[4][4] cannot be properly analyzed as its control pin inst_Hangman/rebuildOut_reg[4][4]/G is not reached by a timing clock
Related violations: <none>

TIMING-20#84 Warning
Non-clocked latch  
The latch inst_Hangman/rebuildOut_reg[4][5] cannot be properly analyzed as its control pin inst_Hangman/rebuildOut_reg[4][5]/G is not reached by a timing clock
Related violations: <none>

TIMING-20#85 Warning
Non-clocked latch  
The latch inst_Hangman/rebuildOut_reg[4][6] cannot be properly analyzed as its control pin inst_Hangman/rebuildOut_reg[4][6]/G is not reached by a timing clock
Related violations: <none>

TIMING-20#86 Warning
Non-clocked latch  
The latch inst_Hangman/rebuildOut_reg[4][7] cannot be properly analyzed as its control pin inst_Hangman/rebuildOut_reg[4][7]/G is not reached by a timing clock
Related violations: <none>

TIMING-20#87 Warning
Non-clocked latch  
The latch inst_Hangman/rebuildOut_reg[5][0] cannot be properly analyzed as its control pin inst_Hangman/rebuildOut_reg[5][0]/G is not reached by a timing clock
Related violations: <none>

TIMING-20#88 Warning
Non-clocked latch  
The latch inst_Hangman/rebuildOut_reg[5][1] cannot be properly analyzed as its control pin inst_Hangman/rebuildOut_reg[5][1]/G is not reached by a timing clock
Related violations: <none>

TIMING-20#89 Warning
Non-clocked latch  
The latch inst_Hangman/rebuildOut_reg[5][2] cannot be properly analyzed as its control pin inst_Hangman/rebuildOut_reg[5][2]/G is not reached by a timing clock
Related violations: <none>

TIMING-20#90 Warning
Non-clocked latch  
The latch inst_Hangman/rebuildOut_reg[5][3] cannot be properly analyzed as its control pin inst_Hangman/rebuildOut_reg[5][3]/G is not reached by a timing clock
Related violations: <none>

TIMING-20#91 Warning
Non-clocked latch  
The latch inst_Hangman/rebuildOut_reg[5][4] cannot be properly analyzed as its control pin inst_Hangman/rebuildOut_reg[5][4]/G is not reached by a timing clock
Related violations: <none>

TIMING-20#92 Warning
Non-clocked latch  
The latch inst_Hangman/rebuildOut_reg[5][5] cannot be properly analyzed as its control pin inst_Hangman/rebuildOut_reg[5][5]/G is not reached by a timing clock
Related violations: <none>

TIMING-20#93 Warning
Non-clocked latch  
The latch inst_Hangman/rebuildOut_reg[5][6] cannot be properly analyzed as its control pin inst_Hangman/rebuildOut_reg[5][6]/G is not reached by a timing clock
Related violations: <none>

TIMING-20#94 Warning
Non-clocked latch  
The latch inst_Hangman/rebuildOut_reg[5][7] cannot be properly analyzed as its control pin inst_Hangman/rebuildOut_reg[5][7]/G is not reached by a timing clock
Related violations: <none>

TIMING-20#95 Warning
Non-clocked latch  
The latch inst_Hangman/rebuildOut_reg[6][0] cannot be properly analyzed as its control pin inst_Hangman/rebuildOut_reg[6][0]/G is not reached by a timing clock
Related violations: <none>

TIMING-20#96 Warning
Non-clocked latch  
The latch inst_Hangman/rebuildOut_reg[6][1] cannot be properly analyzed as its control pin inst_Hangman/rebuildOut_reg[6][1]/G is not reached by a timing clock
Related violations: <none>

TIMING-20#97 Warning
Non-clocked latch  
The latch inst_Hangman/rebuildOut_reg[6][2] cannot be properly analyzed as its control pin inst_Hangman/rebuildOut_reg[6][2]/G is not reached by a timing clock
Related violations: <none>

TIMING-20#98 Warning
Non-clocked latch  
The latch inst_Hangman/rebuildOut_reg[6][3] cannot be properly analyzed as its control pin inst_Hangman/rebuildOut_reg[6][3]/G is not reached by a timing clock
Related violations: <none>

TIMING-20#99 Warning
Non-clocked latch  
The latch inst_Hangman/rebuildOut_reg[6][4] cannot be properly analyzed as its control pin inst_Hangman/rebuildOut_reg[6][4]/G is not reached by a timing clock
Related violations: <none>

TIMING-20#100 Warning
Non-clocked latch  
The latch inst_Hangman/rebuildOut_reg[6][5] cannot be properly analyzed as its control pin inst_Hangman/rebuildOut_reg[6][5]/G is not reached by a timing clock
Related violations: <none>

TIMING-20#101 Warning
Non-clocked latch  
The latch inst_Hangman/rebuildOut_reg[6][6] cannot be properly analyzed as its control pin inst_Hangman/rebuildOut_reg[6][6]/G is not reached by a timing clock
Related violations: <none>

TIMING-20#102 Warning
Non-clocked latch  
The latch inst_Hangman/rebuildOut_reg[6][7] cannot be properly analyzed as its control pin inst_Hangman/rebuildOut_reg[6][7]/G is not reached by a timing clock
Related violations: <none>

TIMING-20#103 Warning
Non-clocked latch  
The latch inst_Hangman/rebuildOut_reg[7][0] cannot be properly analyzed as its control pin inst_Hangman/rebuildOut_reg[7][0]/G is not reached by a timing clock
Related violations: <none>

TIMING-20#104 Warning
Non-clocked latch  
The latch inst_Hangman/rebuildOut_reg[7][1] cannot be properly analyzed as its control pin inst_Hangman/rebuildOut_reg[7][1]/G is not reached by a timing clock
Related violations: <none>

TIMING-20#105 Warning
Non-clocked latch  
The latch inst_Hangman/rebuildOut_reg[7][2] cannot be properly analyzed as its control pin inst_Hangman/rebuildOut_reg[7][2]/G is not reached by a timing clock
Related violations: <none>

TIMING-20#106 Warning
Non-clocked latch  
The latch inst_Hangman/rebuildOut_reg[7][3] cannot be properly analyzed as its control pin inst_Hangman/rebuildOut_reg[7][3]/G is not reached by a timing clock
Related violations: <none>

TIMING-20#107 Warning
Non-clocked latch  
The latch inst_Hangman/rebuildOut_reg[7][4] cannot be properly analyzed as its control pin inst_Hangman/rebuildOut_reg[7][4]/G is not reached by a timing clock
Related violations: <none>

TIMING-20#108 Warning
Non-clocked latch  
The latch inst_Hangman/rebuildOut_reg[7][5] cannot be properly analyzed as its control pin inst_Hangman/rebuildOut_reg[7][5]/G is not reached by a timing clock
Related violations: <none>

TIMING-20#109 Warning
Non-clocked latch  
The latch inst_Hangman/rebuildOut_reg[7][6] cannot be properly analyzed as its control pin inst_Hangman/rebuildOut_reg[7][6]/G is not reached by a timing clock
Related violations: <none>

TIMING-20#110 Warning
Non-clocked latch  
The latch inst_Hangman/rebuildOut_reg[7][7] cannot be properly analyzed as its control pin inst_Hangman/rebuildOut_reg[7][7]/G is not reached by a timing clock
Related violations: <none>

TIMING-20#111 Warning
Non-clocked latch  
The latch inst_Hangman/rebuildOut_reg[8][0] cannot be properly analyzed as its control pin inst_Hangman/rebuildOut_reg[8][0]/G is not reached by a timing clock
Related violations: <none>

TIMING-20#112 Warning
Non-clocked latch  
The latch inst_Hangman/rebuildOut_reg[8][1] cannot be properly analyzed as its control pin inst_Hangman/rebuildOut_reg[8][1]/G is not reached by a timing clock
Related violations: <none>

TIMING-20#113 Warning
Non-clocked latch  
The latch inst_Hangman/rebuildOut_reg[8][2] cannot be properly analyzed as its control pin inst_Hangman/rebuildOut_reg[8][2]/G is not reached by a timing clock
Related violations: <none>

TIMING-20#114 Warning
Non-clocked latch  
The latch inst_Hangman/rebuildOut_reg[8][3] cannot be properly analyzed as its control pin inst_Hangman/rebuildOut_reg[8][3]/G is not reached by a timing clock
Related violations: <none>

TIMING-20#115 Warning
Non-clocked latch  
The latch inst_Hangman/rebuildOut_reg[8][4] cannot be properly analyzed as its control pin inst_Hangman/rebuildOut_reg[8][4]/G is not reached by a timing clock
Related violations: <none>

TIMING-20#116 Warning
Non-clocked latch  
The latch inst_Hangman/rebuildOut_reg[8][5] cannot be properly analyzed as its control pin inst_Hangman/rebuildOut_reg[8][5]/G is not reached by a timing clock
Related violations: <none>

TIMING-20#117 Warning
Non-clocked latch  
The latch inst_Hangman/rebuildOut_reg[8][6] cannot be properly analyzed as its control pin inst_Hangman/rebuildOut_reg[8][6]/G is not reached by a timing clock
Related violations: <none>

TIMING-20#118 Warning
Non-clocked latch  
The latch inst_Hangman/rebuildOut_reg[8][7] cannot be properly analyzed as its control pin inst_Hangman/rebuildOut_reg[8][7]/G is not reached by a timing clock
Related violations: <none>

TIMING-20#119 Warning
Non-clocked latch  
The latch inst_Hangman/rebuildOut_reg[9][0] cannot be properly analyzed as its control pin inst_Hangman/rebuildOut_reg[9][0]/G is not reached by a timing clock
Related violations: <none>

TIMING-20#120 Warning
Non-clocked latch  
The latch inst_Hangman/rebuildOut_reg[9][1] cannot be properly analyzed as its control pin inst_Hangman/rebuildOut_reg[9][1]/G is not reached by a timing clock
Related violations: <none>

TIMING-20#121 Warning
Non-clocked latch  
The latch inst_Hangman/rebuildOut_reg[9][2] cannot be properly analyzed as its control pin inst_Hangman/rebuildOut_reg[9][2]/G is not reached by a timing clock
Related violations: <none>

TIMING-20#122 Warning
Non-clocked latch  
The latch inst_Hangman/rebuildOut_reg[9][3] cannot be properly analyzed as its control pin inst_Hangman/rebuildOut_reg[9][3]/G is not reached by a timing clock
Related violations: <none>

TIMING-20#123 Warning
Non-clocked latch  
The latch inst_Hangman/rebuildOut_reg[9][4] cannot be properly analyzed as its control pin inst_Hangman/rebuildOut_reg[9][4]/G is not reached by a timing clock
Related violations: <none>

TIMING-20#124 Warning
Non-clocked latch  
The latch inst_Hangman/rebuildOut_reg[9][5] cannot be properly analyzed as its control pin inst_Hangman/rebuildOut_reg[9][5]/G is not reached by a timing clock
Related violations: <none>

TIMING-20#125 Warning
Non-clocked latch  
The latch inst_Hangman/rebuildOut_reg[9][6] cannot be properly analyzed as its control pin inst_Hangman/rebuildOut_reg[9][6]/G is not reached by a timing clock
Related violations: <none>

TIMING-20#126 Warning
Non-clocked latch  
The latch inst_Hangman/rebuildOut_reg[9][7] cannot be properly analyzed as its control pin inst_Hangman/rebuildOut_reg[9][7]/G is not reached by a timing clock
Related violations: <none>


