
*** Running vivado
    with args -log design_1_ps2_keyboard_to_ascii_0_1.vds -m64 -product Vivado -mode batch -messageDb vivado.pb -notrace -source design_1_ps2_keyboard_to_ascii_0_1.tcl


****** Vivado v2019.1 (64-bit)
  **** SW Build 2552052 on Fri May 24 14:49:42 MDT 2019
  **** IP Build 2548770 on Fri May 24 18:01:18 MDT 2019
    ** Copyright 1986-2019 Xilinx, Inc. All Rights Reserved.

source design_1_ps2_keyboard_to_ascii_0_1.tcl -notrace
Command: synth_design -top design_1_ps2_keyboard_to_ascii_0_1 -part xc7z007sclg400-1 -mode out_of_context
Starting synth_design
WARNING: [IP_Flow 19-3571] IP 'design_1_ps2_keyboard_to_ascii_0_1' is restricted:
* Module reference is stale and needs refreshing.
Attempting to get a license for feature 'Synthesis' and/or device 'xc7z007s'
INFO: [Common 17-349] Got license for feature 'Synthesis' and/or device 'xc7z007s'
INFO: Launching helper process for spawning children vivado processes
INFO: Helper process launched with PID 8736 
---------------------------------------------------------------------------------
Starting Synthesize : Time (s): cpu = 00:00:04 ; elapsed = 00:00:06 . Memory (MB): peak = 496.559 ; gain = 189.938
---------------------------------------------------------------------------------
INFO: [Synth 8-638] synthesizing module 'design_1_ps2_keyboard_to_ascii_0_1' [c:/Users/uonml/Documents/GitHub/EE316_2025/Project4/keyboard/project_4.srcs/sources_1/bd/design_1/ip/design_1_ps2_keyboard_to_ascii_0_1/synth/design_1_ps2_keyboard_to_ascii_0_1.vhd:66]
	Parameter clk_freq bound to: 50000000 - type: integer 
	Parameter ps2_debounce_counter_size bound to: 8 - type: integer 
INFO: [Synth 8-3491] module 'ps2_keyboard_to_ascii' declared at 'C:/Users/uonml/Documents/GitHub/EE316_2025/Project4/keyboard/project_4.srcs/sources_1/imports/Downloads/ps2_keyboard_to_ascii.vhd:26' bound to instance 'U0' of component 'ps2_keyboard_to_ascii' [c:/Users/uonml/Documents/GitHub/EE316_2025/Project4/keyboard/project_4.srcs/sources_1/bd/design_1/ip/design_1_ps2_keyboard_to_ascii_0_1/synth/design_1_ps2_keyboard_to_ascii_0_1.vhd:97]
INFO: [Synth 8-638] synthesizing module 'ps2_keyboard_to_ascii' [C:/Users/uonml/Documents/GitHub/EE316_2025/Project4/keyboard/project_4.srcs/sources_1/imports/Downloads/ps2_keyboard_to_ascii.vhd:38]
	Parameter clk_freq bound to: 50000000 - type: integer 
	Parameter ps2_debounce_counter_size bound to: 8 - type: integer 
	Parameter clk_freq bound to: 50000000 - type: integer 
	Parameter debounce_counter_size bound to: 8 - type: integer 
INFO: [Synth 8-3491] module 'ps2_keyboard' declared at 'C:/Users/uonml/Documents/GitHub/EE316_2025/Project4/keyboard/project_4.srcs/sources_1/imports/Downloads/ps2_keyboard.vhd:26' bound to instance 'ps2_keyboard_0' of component 'ps2_keyboard' [C:/Users/uonml/Documents/GitHub/EE316_2025/Project4/keyboard/project_4.srcs/sources_1/imports/Downloads/ps2_keyboard_to_ascii.vhd:70]
INFO: [Synth 8-638] synthesizing module 'ps2_keyboard' [C:/Users/uonml/Documents/GitHub/EE316_2025/Project4/keyboard/project_4.srcs/sources_1/imports/Downloads/ps2_keyboard.vhd:38]
	Parameter clk_freq bound to: 50000000 - type: integer 
	Parameter debounce_counter_size bound to: 8 - type: integer 
	Parameter counter_size bound to: 8 - type: integer 
INFO: [Synth 8-3491] module 'debounce' declared at 'C:/Users/uonml/Documents/GitHub/EE316_2025/Project4/keyboard/project_4.srcs/sources_1/imports/Downloads/debounce.vhd:27' bound to instance 'debounce_ps2_clk' of component 'debounce' [C:/Users/uonml/Documents/GitHub/EE316_2025/Project4/keyboard/project_4.srcs/sources_1/imports/Downloads/ps2_keyboard.vhd:67]
INFO: [Synth 8-638] synthesizing module 'debounce' [C:/Users/uonml/Documents/GitHub/EE316_2025/Project4/keyboard/project_4.srcs/sources_1/imports/Downloads/debounce.vhd:36]
	Parameter counter_size bound to: 8 - type: integer 
INFO: [Synth 8-256] done synthesizing module 'debounce' (1#1) [C:/Users/uonml/Documents/GitHub/EE316_2025/Project4/keyboard/project_4.srcs/sources_1/imports/Downloads/debounce.vhd:36]
	Parameter counter_size bound to: 8 - type: integer 
INFO: [Synth 8-3491] module 'debounce' declared at 'C:/Users/uonml/Documents/GitHub/EE316_2025/Project4/keyboard/project_4.srcs/sources_1/imports/Downloads/debounce.vhd:27' bound to instance 'debounce_ps2_data' of component 'debounce' [C:/Users/uonml/Documents/GitHub/EE316_2025/Project4/keyboard/project_4.srcs/sources_1/imports/Downloads/ps2_keyboard.vhd:70]
INFO: [Synth 8-256] done synthesizing module 'ps2_keyboard' (2#1) [C:/Users/uonml/Documents/GitHub/EE316_2025/Project4/keyboard/project_4.srcs/sources_1/imports/Downloads/ps2_keyboard.vhd:38]
INFO: [Synth 8-256] done synthesizing module 'ps2_keyboard_to_ascii' (3#1) [C:/Users/uonml/Documents/GitHub/EE316_2025/Project4/keyboard/project_4.srcs/sources_1/imports/Downloads/ps2_keyboard_to_ascii.vhd:38]
INFO: [Synth 8-256] done synthesizing module 'design_1_ps2_keyboard_to_ascii_0_1' (4#1) [c:/Users/uonml/Documents/GitHub/EE316_2025/Project4/keyboard/project_4.srcs/sources_1/bd/design_1/ip/design_1_ps2_keyboard_to_ascii_0_1/synth/design_1_ps2_keyboard_to_ascii_0_1.vhd:66]
---------------------------------------------------------------------------------
Finished Synthesize : Time (s): cpu = 00:00:06 ; elapsed = 00:00:08 . Memory (MB): peak = 560.266 ; gain = 253.645
---------------------------------------------------------------------------------
---------------------------------------------------------------------------------
Finished Constraint Validation : Time (s): cpu = 00:00:06 ; elapsed = 00:00:09 . Memory (MB): peak = 560.266 ; gain = 253.645
---------------------------------------------------------------------------------
---------------------------------------------------------------------------------
Start Loading Part and Timing Information
---------------------------------------------------------------------------------
Loading part: xc7z007sclg400-1
---------------------------------------------------------------------------------
Finished Loading Part and Timing Information : Time (s): cpu = 00:00:06 ; elapsed = 00:00:09 . Memory (MB): peak = 560.266 ; gain = 253.645
---------------------------------------------------------------------------------
INFO: [Device 21-403] Loading part xc7z007sclg400-1
INFO: [Synth 8-802] inferred FSM for state register 'state_reg' in module 'ps2_keyboard_to_ascii'
INFO: [Synth 8-5546] ROM "ascii" won't be mapped to RAM because it is too sparse
---------------------------------------------------------------------------------------------------
                   State |                     New Encoding |                Previous Encoding 
---------------------------------------------------------------------------------------------------
                   ready |                               00 |                               00
                new_code |                               01 |                               01
               translate |                               10 |                               10
                  output |                               11 |                               11
---------------------------------------------------------------------------------------------------
INFO: [Synth 8-3354] encoded FSM with state register 'state_reg' using encoding 'sequential' in module 'ps2_keyboard_to_ascii'
---------------------------------------------------------------------------------
Finished RTL Optimization Phase 2 : Time (s): cpu = 00:00:08 ; elapsed = 00:00:10 . Memory (MB): peak = 560.266 ; gain = 253.645
---------------------------------------------------------------------------------

Report RTL Partitions: 
+-+--------------+------------+----------+
| |RTL Partition |Replication |Instances |
+-+--------------+------------+----------+
+-+--------------+------------+----------+
No constraint files found.
---------------------------------------------------------------------------------
Start RTL Component Statistics 
---------------------------------------------------------------------------------
Detailed RTL Component Info : 
+---Adders : 
	   2 Input      9 Bit       Adders := 2     
+---XORs : 
	   2 Input      1 Bit         XORs := 2     
	   9 Input      1 Bit         XORs := 1     
+---Registers : 
	               11 Bit    Registers := 1     
	                9 Bit    Registers := 2     
	                8 Bit    Registers := 3     
	                2 Bit    Registers := 3     
	                1 Bit    Registers := 12    
+---Muxes : 
	   3 Input      8 Bit        Muxes := 1     
	   2 Input      8 Bit        Muxes := 11    
	  22 Input      8 Bit        Muxes := 4     
	  35 Input      8 Bit        Muxes := 1     
	   7 Input      8 Bit        Muxes := 1     
	  27 Input      8 Bit        Muxes := 2     
	   4 Input      8 Bit        Muxes := 2     
	  34 Input      7 Bit        Muxes := 1     
	   2 Input      7 Bit        Muxes := 1     
	   7 Input      3 Bit        Muxes := 1     
	  33 Input      2 Bit        Muxes := 1     
	   4 Input      2 Bit        Muxes := 1     
	   2 Input      2 Bit        Muxes := 2     
	   3 Input      2 Bit        Muxes := 1     
	   5 Input      1 Bit        Muxes := 5     
	   2 Input      1 Bit        Muxes := 9     
	   3 Input      1 Bit        Muxes := 4     
	   4 Input      1 Bit        Muxes := 7     
---------------------------------------------------------------------------------
Finished RTL Component Statistics 
---------------------------------------------------------------------------------
---------------------------------------------------------------------------------
Start RTL Hierarchical Component Statistics 
---------------------------------------------------------------------------------
Hierarchical RTL Component report 
Module debounce 
Detailed RTL Component Info : 
+---Adders : 
	   2 Input      9 Bit       Adders := 1     
+---XORs : 
	   2 Input      1 Bit         XORs := 1     
+---Registers : 
	                9 Bit    Registers := 1     
	                2 Bit    Registers := 1     
	                1 Bit    Registers := 1     
Module ps2_keyboard 
Detailed RTL Component Info : 
+---XORs : 
	   9 Input      1 Bit         XORs := 1     
+---Registers : 
	               11 Bit    Registers := 1     
	                8 Bit    Registers := 1     
	                2 Bit    Registers := 1     
	                1 Bit    Registers := 1     
Module ps2_keyboard_to_ascii 
Detailed RTL Component Info : 
+---Registers : 
	                8 Bit    Registers := 2     
	                1 Bit    Registers := 9     
+---Muxes : 
	   3 Input      8 Bit        Muxes := 1     
	   2 Input      8 Bit        Muxes := 11    
	  22 Input      8 Bit        Muxes := 4     
	  35 Input      8 Bit        Muxes := 1     
	   7 Input      8 Bit        Muxes := 1     
	  27 Input      8 Bit        Muxes := 2     
	   4 Input      8 Bit        Muxes := 2     
	  34 Input      7 Bit        Muxes := 1     
	   2 Input      7 Bit        Muxes := 1     
	   7 Input      3 Bit        Muxes := 1     
	  33 Input      2 Bit        Muxes := 1     
	   4 Input      2 Bit        Muxes := 1     
	   2 Input      2 Bit        Muxes := 2     
	   3 Input      2 Bit        Muxes := 1     
	   5 Input      1 Bit        Muxes := 5     
	   2 Input      1 Bit        Muxes := 9     
	   3 Input      1 Bit        Muxes := 4     
	   4 Input      1 Bit        Muxes := 7     
---------------------------------------------------------------------------------
Finished RTL Hierarchical Component Statistics
---------------------------------------------------------------------------------
---------------------------------------------------------------------------------
Start Part Resource Summary
---------------------------------------------------------------------------------
Part Resources:
DSPs: 66 (col length:40)
BRAMs: 100 (col length: RAMB18 40 RAMB36 20)
---------------------------------------------------------------------------------
Finished Part Resource Summary
---------------------------------------------------------------------------------
No constraint files found.
---------------------------------------------------------------------------------
Start Cross Boundary and Area Optimization
---------------------------------------------------------------------------------
Warning: Parallel synthesis criteria is not met 
---------------------------------------------------------------------------------
Finished Cross Boundary and Area Optimization : Time (s): cpu = 00:00:12 ; elapsed = 00:00:14 . Memory (MB): peak = 714.750 ; gain = 408.129
---------------------------------------------------------------------------------

Report RTL Partitions: 
+-+--------------+------------+----------+
| |RTL Partition |Replication |Instances |
+-+--------------+------------+----------+
+-+--------------+------------+----------+
No constraint files found.
---------------------------------------------------------------------------------
Start Timing Optimization
---------------------------------------------------------------------------------
---------------------------------------------------------------------------------
Finished Timing Optimization : Time (s): cpu = 00:00:12 ; elapsed = 00:00:15 . Memory (MB): peak = 724.594 ; gain = 417.973
---------------------------------------------------------------------------------

Report RTL Partitions: 
+-+--------------+------------+----------+
| |RTL Partition |Replication |Instances |
+-+--------------+------------+----------+
+-+--------------+------------+----------+
---------------------------------------------------------------------------------
Start Technology Mapping
---------------------------------------------------------------------------------
---------------------------------------------------------------------------------
Finished Technology Mapping : Time (s): cpu = 00:00:12 ; elapsed = 00:00:15 . Memory (MB): peak = 724.793 ; gain = 418.172
---------------------------------------------------------------------------------

Report RTL Partitions: 
+-+--------------+------------+----------+
| |RTL Partition |Replication |Instances |
+-+--------------+------------+----------+
+-+--------------+------------+----------+
---------------------------------------------------------------------------------
Start IO Insertion
---------------------------------------------------------------------------------
---------------------------------------------------------------------------------
Start Flattening Before IO Insertion
---------------------------------------------------------------------------------
---------------------------------------------------------------------------------
Finished Flattening Before IO Insertion
---------------------------------------------------------------------------------
---------------------------------------------------------------------------------
Start Final Netlist Cleanup
---------------------------------------------------------------------------------
---------------------------------------------------------------------------------
Finished Final Netlist Cleanup
---------------------------------------------------------------------------------
---------------------------------------------------------------------------------
Finished IO Insertion : Time (s): cpu = 00:00:14 ; elapsed = 00:00:16 . Memory (MB): peak = 724.793 ; gain = 418.172
---------------------------------------------------------------------------------

Report Check Netlist: 
+------+------------------+-------+---------+-------+------------------+
|      |Item              |Errors |Warnings |Status |Description       |
+------+------------------+-------+---------+-------+------------------+
|1     |multi_driven_nets |      0|        0|Passed |Multi driven nets |
+------+------------------+-------+---------+-------+------------------+
---------------------------------------------------------------------------------
Start Renaming Generated Instances
---------------------------------------------------------------------------------
---------------------------------------------------------------------------------
Finished Renaming Generated Instances : Time (s): cpu = 00:00:14 ; elapsed = 00:00:16 . Memory (MB): peak = 724.793 ; gain = 418.172
---------------------------------------------------------------------------------

Report RTL Partitions: 
+-+--------------+------------+----------+
| |RTL Partition |Replication |Instances |
+-+--------------+------------+----------+
+-+--------------+------------+----------+
---------------------------------------------------------------------------------
Start Rebuilding User Hierarchy
---------------------------------------------------------------------------------
---------------------------------------------------------------------------------
Finished Rebuilding User Hierarchy : Time (s): cpu = 00:00:14 ; elapsed = 00:00:16 . Memory (MB): peak = 724.793 ; gain = 418.172
---------------------------------------------------------------------------------
---------------------------------------------------------------------------------
Start Renaming Generated Ports
---------------------------------------------------------------------------------
---------------------------------------------------------------------------------
Finished Renaming Generated Ports : Time (s): cpu = 00:00:14 ; elapsed = 00:00:16 . Memory (MB): peak = 724.793 ; gain = 418.172
---------------------------------------------------------------------------------
---------------------------------------------------------------------------------
Start Handling Custom Attributes
---------------------------------------------------------------------------------
---------------------------------------------------------------------------------
Finished Handling Custom Attributes : Time (s): cpu = 00:00:14 ; elapsed = 00:00:16 . Memory (MB): peak = 724.793 ; gain = 418.172
---------------------------------------------------------------------------------
---------------------------------------------------------------------------------
Start Renaming Generated Nets
---------------------------------------------------------------------------------
---------------------------------------------------------------------------------
Finished Renaming Generated Nets : Time (s): cpu = 00:00:14 ; elapsed = 00:00:16 . Memory (MB): peak = 724.793 ; gain = 418.172
---------------------------------------------------------------------------------
---------------------------------------------------------------------------------
Start Writing Synthesis Report
---------------------------------------------------------------------------------

Report BlackBoxes: 
+-+--------------+----------+
| |BlackBox name |Instances |
+-+--------------+----------+
+-+--------------+----------+

Report Cell Usage: 
+------+-------+------+
|      |Cell   |Count |
+------+-------+------+
|1     |CARRY4 |     3|
|2     |LUT1   |     6|
|3     |LUT2   |     9|
|4     |LUT3   |     5|
|5     |LUT4   |    27|
|6     |LUT5   |     9|
|7     |LUT6   |    76|
|8     |MUXF7  |    15|
|9     |MUXF8  |     2|
|10    |FDRE   |    85|
+------+-------+------+

Report Instance Areas: 
+------+------------------------+----------------------+------+
|      |Instance                |Module                |Cells |
+------+------------------------+----------------------+------+
|1     |top                     |                      |   237|
|2     |  U0                    |ps2_keyboard_to_ascii |   237|
|3     |    ps2_keyboard_0      |ps2_keyboard          |   208|
|4     |      debounce_ps2_clk  |debounce              |    26|
|5     |      debounce_ps2_data |debounce_0            |    25|
+------+------------------------+----------------------+------+
---------------------------------------------------------------------------------
Finished Writing Synthesis Report : Time (s): cpu = 00:00:14 ; elapsed = 00:00:16 . Memory (MB): peak = 724.793 ; gain = 418.172
---------------------------------------------------------------------------------
Synthesis finished with 0 errors, 0 critical warnings and 0 warnings.
Synthesis Optimization Runtime : Time (s): cpu = 00:00:14 ; elapsed = 00:00:16 . Memory (MB): peak = 724.793 ; gain = 418.172
Synthesis Optimization Complete : Time (s): cpu = 00:00:14 ; elapsed = 00:00:16 . Memory (MB): peak = 724.793 ; gain = 418.172
INFO: [Project 1-571] Translating synthesized netlist
INFO: [Netlist 29-17] Analyzing 20 Unisim elements for replacement
INFO: [Netlist 29-28] Unisim Transformation completed in 0 CPU seconds
INFO: [Project 1-570] Preparing netlist for logic optimization
INFO: [Opt 31-138] Pushed 0 inverter(s) to 0 load pin(s).
Netlist sorting complete. Time (s): cpu = 00:00:00 ; elapsed = 00:00:00 . Memory (MB): peak = 824.234 ; gain = 0.000
INFO: [Project 1-111] Unisim Transformation Summary:
No Unisim elements were transformed.

INFO: [Common 17-83] Releasing license: Synthesis
24 Infos, 1 Warnings, 0 Critical Warnings and 0 Errors encountered.
synth_design completed successfully
synth_design: Time (s): cpu = 00:00:18 ; elapsed = 00:00:21 . Memory (MB): peak = 824.234 ; gain = 524.836
Netlist sorting complete. Time (s): cpu = 00:00:00 ; elapsed = 00:00:00 . Memory (MB): peak = 824.234 ; gain = 0.000
WARNING: [Constraints 18-5210] No constraints selected for write.
Resolution: This message can indicate that there are no constraints for the design, or it can indicate that the used_in flags are set such that the constraints are ignored. This later case is used when running synth_design to not write synthesis constraints to the resulting checkpoint. Instead, project constraints are read when the synthesized design is opened.
INFO: [Timing 38-35] Done setting XDC timing constraints.
INFO: [Common 17-1381] The checkpoint 'C:/Users/uonml/Documents/GitHub/EE316_2025/Project4/keyboard/project_4.runs/design_1_ps2_keyboard_to_ascii_0_1_synth_1/design_1_ps2_keyboard_to_ascii_0_1.dcp' has been generated.
write_checkpoint: Time (s): cpu = 00:00:07 ; elapsed = 00:00:08 . Memory (MB): peak = 1273.922 ; gain = 449.688
WARNING: [Common 17-576] 'use_project_ipc' is deprecated. This option is deprecated and no longer used.
INFO: [Coretcl 2-1174] Renamed 4 cell refs.
Netlist sorting complete. Time (s): cpu = 00:00:00 ; elapsed = 00:00:00 . Memory (MB): peak = 1274.949 ; gain = 0.000
WARNING: [Constraints 18-5210] No constraints selected for write.
Resolution: This message can indicate that there are no constraints for the design, or it can indicate that the used_in flags are set such that the constraints are ignored. This later case is used when running synth_design to not write synthesis constraints to the resulting checkpoint. Instead, project constraints are read when the synthesized design is opened.
INFO: [Common 17-1381] The checkpoint 'C:/Users/uonml/Documents/GitHub/EE316_2025/Project4/keyboard/project_4.runs/design_1_ps2_keyboard_to_ascii_0_1_synth_1/design_1_ps2_keyboard_to_ascii_0_1.dcp' has been generated.
INFO: [runtcl-4] Executing : report_utilization -file design_1_ps2_keyboard_to_ascii_0_1_utilization_synth.rpt -pb design_1_ps2_keyboard_to_ascii_0_1_utilization_synth.pb
INFO: [Common 17-206] Exiting Vivado at Mon Mar 10 23:53:24 2025...
